3digrid_explore:threedigrid
3digrid_export:threedigrid
CLINAME:openmichrom
CLINAME:opensmog
EDR_Stats:hiproc
G5check:goosehdf5
G5compare:goosehdf5
G5list:goosehdf5
G5print:goosehdf5
G5repack:goosehdf5
G5repair:goosehdf5
GbibCheckAuthors:goosebib
GbibCheckLink:goosebib
GbibClean:goosebib
GbibList:goosebib
GbibParse:goosebib
GbibSelect:goosebib
GbibSelectAlias:goosebib
HiBeautify:hiproc
HiCal:hiproc
HiColorInit:hiproc
HiColorNorm:hiproc
HiJACK:hiproc
HiJitReg:hiproc
HiNoProj:hiproc
HiPrecisionInit:hiproc
HiSlither:hiproc
HiStitch:hiproc
HiccdStitch:hiproc
JitPlot:hiproc
Lbglimpse:lbscriptslegacy
MacroServer:sardana
Pool:sardana
QSGenerateExcelSpreadSheet.py:psdm_qs_cli
QSGenerateJSON.py:psdm_qs_cli
QUBEKit:qubekit
QUBEKit-gui:qubekit
QUBEKit-pro:qubekit
SEIR:seir
SLC_copy_S1_fullSW.py:hyp3lib
Sardana:sardana
Single Cell:orange3-singlecell
SlitherStats:hiproc
Text2Vest:fslpy
UTscapy:scapy
Vest2Text:fslpy
ablog:ablog
academic:academic
acme_diags:e3sm_diags
acpype:acpype
acs_destripe:acstools
acs_destripe_plus:acstools
actions_include:actions-includes
actions_include_check:actions-includes
activitysim:activitysim
ads2inspire:ads2inspire
adstex:adstex
advbumpversion:advbumpversion
ags4_cli:python-ags4
aimsgb:aimsgb
aiozmq-proxy:aiozmq
akernel:akernel
alchemical_analysis:alchemical-analysis
alembic:alembic
alphashape:alphashape
amicleaner:aws-amicleaner
amset:amset
anaconda:anaconda-client
anaconda-project:anaconda-project
anaconda-verify:anaconda-verify
analysis_server:xpdan
andes:andes
angreal:angreal
ansible-bender:ansible-bender
ansible-lint:ansible-lint
ansible-runner:ansible-runner
anyconfig_cli:anyconfig
aodh:aodhclient
apply_wb_mask.py:hyp3lib
arc2warc:warctools
archspec:archspec
argos:argos
argos_make_wrappers:argos
argosw:argos
argparse-manpage:argparse-manpage
arq:arq
arxiv-collector:arxiv-collector
asammdf:asammdf
asciidoctor:asciidoctor
asdftool:asdf
ase:ase
ase-build:ase
ase-db:ase
ase-gui:ase
ase-info:ase
ase-notebook.view_atoms:ase-notebook
ase-run:ase
asm:pwntools
asr:asr
assembly_stats:assembly_stats
astpretty:astpretty
astropy-package-template-example:jazz-hands
astrotool:pwkit
astsearch:astsearch
atlasq:fslpy
atlasquery:fslpy
autoflake:autoflake
automat-visualize:automat
autopep8:autopep8
autopxd:autopxd2
autowrap:autowrap
aws-configure-sso-profile:aws-sso-credential-process
aws-sso-configure-profile:aws-sso-credential-process
aws-sso-credential-process:aws-sso-credential-process
aws-sso-util:aws-sso-util
aws.rb:rb-aws-sdk-core
aws_okta_keyman:aws-okta-keyman
awscliv2:awscliv2
awslimitchecker:awslimitchecker
awslogs:awslogs
awsv2:awscliv2
babelize:babelizer
backtrace:python-backtrace
balance_images:spymicmac
bandit:bandit
bandit-baseline:bandit
bandit-config-generator:bandit
base58:base58
bdbag:bdbag
bdbag-utils:bdbag
beakerx:beakerx
beautysh:beautysh
beempy:beem
benchmark-alchemy:openmmtools
benten-ls:benten
bert-score:bert_score
bert-score-show:bert_score
betse:betse
betsee:betsee
bibm:bibmanager
bigquery:pybigquery
bilby_convert_resume:bilby
bilby_pipe:bilby_pipe
bilby_pipe_analysis:bilby_pipe
bilby_pipe_create_injection_file:bilby_pipe
bilby_pipe_generation:bilby_pipe
bilby_pipe_gracedb:bilby_pipe
bilby_pipe_plot:bilby_pipe
bilby_pipe_plot_calibration:bilby_pipe
bilby_pipe_plot_corner:bilby_pipe
bilby_pipe_plot_marginal:bilby_pipe
bilby_pipe_plot_skymap:bilby_pipe
bilby_pipe_plot_waveform:bilby_pipe
bilby_pipe_pp_test:bilby_pipe
bilby_pipe_review:bilby_pipe
bilby_pipe_write_default_ini:bilby_pipe
bilby_pipe_xml_converter:bilby_pipe
bilby_plot:bilby
bilby_result:bilby
binner:pyaxiom
binpacking:binpacking
binstar:anaconda-client
bioimageio:bioimageio.spec
birdy:birdy
bitflips:hiproc
black:black
black-primer:black
blackbook:blackbook
blackd:black
blackd:blackd
blackdoc:blackdoc
blacken-docs:blacken-docs
blark:blark
blossalg:blossalg
blpk:bloscpack
bmi-test:bmi-tester
bmi-topography:bmi-topography
bmipy-render:bmipy
bn:spacy-lookups-data
boa:boa
bokeh-root-cmd:bokeh-root-cmd
boss:aalto-boss
bowler:bowler
box:boxlang
bpytop:bpytop
breadability:breadability
breadability-3.8:breadability
breadability_test:breadability
breadability_test-3.8:breadability
browse:easydev
bruker:brukerapi
bse:basis_set_exchange
bsecurate:basis_set_exchange
build-stack-docs:documenteer
build_mpirun_configfile:clusterutils
buildbot:buildbot
buildbot-worker:buildbot-worker
buildbot_windows_service:buildbot
bump2version:advbumpversion
bump2version:bump2version
bumps:bumps
bumpversion:advbumpversion
bumpversion:bump2version
bumpversion:bumpversion
bundle:rb-bundler
bundler:rb-bundler
byteSigmaScale.py:hyp3lib
ca:spacy-lookups-data
cadd:api2db
caelus:caelus
caelus_sim:caelus
caelus_tutorials:caelus
cairosvg:cairosvg
cake:coffeescript
calamari-cross-fold-train:calamari_ocr
calamari-eval:calamari_ocr
calamari-pred_to_json:calamari_ocr
calamari-predict:calamari_ocr
calamari-resume-training:calamari_ocr
calamari-train:calamari_ocr
calc-prorate:tempora
calculate_rmsd:rmsd
calliope:calliope
camelot:camelot-py
camply:camply
cancompare:canmatrix
canconvert:canmatrix
caniusepython3:caniusepython3
cantools:cantools
caproto-defaultdict-server:caproto
caproto-get:caproto
caproto-monitor:caproto
caproto-put:caproto
caproto-repeater:caproto
caproto-spoof-beamline:caproto
carbonboard:codecarbon
cartes:cartes
casatask:pwkit
cashocs-convert:cashocs
cat-md:pandoctools
catkin_create_pkg:catkin_pkg
catkin_find_pkg:catkin_pkg
catkin_generate_changelog:catkin_pkg
catkin_package_version:catkin_pkg
catkin_prepare_release:catkin_pkg
catkin_tag_changelog:catkin_pkg
catkin_test_changelog:catkin_pkg
ccframe:cclib
ccget:cclib
ccp3d:seispy
ccp_profile:seispy
ccwrite:cclib
cda:cclib
cde:chemdataextractor
cdiff:colordiff
cdp-distrib:cdp
cdsutils:cdsutils
celery:celery
cellpy:cellpy
cement:cement
censusdp1tract_to_sqlite:catalystcoop.pudl
certipy:certipy
cfchecks:cfchecker
cfgrib:cfgrib
cfn-flip:cfn-flip
cfn-lint:cfn-lint
cget:cget
chalice:pytest-chalice
change_tz:vobject
chardetect:chardet
check-manifest:check-manifest
check_species:vasppy
checkcopyright:pyutilib
checksec:pwntools
chembl_act:chembl_webresource_client
chembl_ids:chembl_webresource_client
chembl_m2t:chembl_webresource_client
chembl_sim:chembl_webresource_client
chembl_sub:chembl_webresource_client
chembl_t2m:chembl_webresource_client
chemex:chemex
chemprop_fingerprint:chemprop
chemprop_hyperopt:chemprop
chemprop_interpret:chemprop
chemprop_predict:chemprop
chemprop_train:chemprop
chemprop_web:chemprop
cheroot:cheroot
cherryd:cherrypy
chevron:chevron
cinder:python-cinderclient
ciocheck:ciocheck
cite:cite
ckanapi:ckanapi
clab:api2db
cleanlatex:ligotools-scripts
cli4:cloudflare
cliche:cliche
clist:api2db
closure:closure
cm2html:recommonmark
cm2latex:recommonmark
cm2man:recommonmark
cm2pseudoxml:recommonmark
cm2xetex:recommonmark
cm2xml:recommonmark
cmake-annotate:cmake-format
cmake-annotate:cmake_format
cmake-format:cmake-format
cmake-format:cmake_format
cmake-genparsers:cmake-format
cmake-lint:cmake-format
cmakelint:cmakelint
cmark:commonmark
cmlib_demo:cmlib
cmr:cmasher
coco:country_converter
codebraid:codebraid
codeclimate-test-reporter:codeclimate-test-reporter
codecov:codecov
codedeploy-agent:rb-aws-codedeploy-agent
codedeploy-local:rb-aws-codedeploy-agent
codespell:codespell
coffee:coffeescript
cogeo-mosaic:cogeo-mosaic
color:colorpedia
colordiff:colordiff
colorpedia:colorpedia
combine_auto_measures:spymicmac
combine_features:geometric_features
common:pwntools
compact:compaction
compiledb:compiledb
compliance-checker:compliance-checker
conan:conan
conan_build_info:conan
conan_server:conan
conda-build-all:conda-build-all
conda-content-trust:conda-content-trust
conda-devenv:conda-devenv
conda-docker:conda-docker
conda-execute:conda-execute
conda-export:conda-export
conda-flow:conda-flow
conda-gitenv:conda-gitenv
conda-lock:conda-lock
conda-mambabuild:boa
conda-merge:conda-merge
conda-mirror:conda-mirror
conda-pack:conda-pack
conda-server:anaconda-client
conda-smithy:conda-smithy
conda-suggest:conda-suggest
conda-tmpenv:conda-execute
conda-tree:conda-tree
conda-workon:conda-workon
conda-worktmp:conda-workon
condastats:condastats
conf_page_dumper:confluence-publisher
conf_page_maker:confluence-publisher
conf_publisher:confluence-publisher
connexion:connexion
console:rb-wisper
consolemd:consolemd
constgrep:pwntools
converge_geometry:custodian
converge_kpoints:custodian
convert_to_bdv:pybdv
convertfflcache.pl:ligotools-cache
convertlalcache.pl:ligotools-cache
convertldascache.sh:ligotools-cache
cookiecutter:cookiecutter
copy_metadata.py:hyp3lib
coregister:intensity-normalization
corral:corral-pipeline
cosapp:cosapp_lab
couchdb-dump:python-couchdb
couchdb-load:python-couchdb
couchdb-load-design-doc:python-couchdb
couchdb-replicate:python-couchdb
couchpy:python-couchdb
coursera-dl:coursera-dl
cover:pyrate-limiter
coverage-badge:coverage-badge
coverage-fixpaths:coverage-fixpaths
coveralls:coveralls
coveralls:python-coveralls
cox-tensorboard:cox
cpplint:cpplint
cpr:conda-prefix-replacement
cpuinfo:py-cpuinfo
create-wrappers:exec-wrappers
createAmp.py:hyp3lib
createframecache.pl:ligotools-cache
credstash:credstash
crem:api2db
crepe:crepe
crispy:crispy
cruft:cruft
crystals:crystals
csl_generator:gb-code
cssmin:cssmin
cstdn:custodian
csv2rdf:neurdflib
csv2table:csv2table
csvclean:csvkit
csvcut:csvkit
csvformat:csvkit
csvgrep:csvkit
csvjoin:csvkit
csvjson:csvkit
csvlook:csvkit
csvpy:csvkit
csvsort:csvkit
csvsql:csvkit
csvstack:csvkit
csvstat:csvkit
ctapipe-camdemo:ctapipe
ctapipe-chargeres-extract:ctapipe
ctapipe-chargeres-plot:ctapipe
ctapipe-display-dl1:ctapipe
ctapipe-display-imagesums:ctapipe
ctapipe-display-integration:ctapipe
ctapipe-display-tel-events:ctapipe
ctapipe-dump-instrument:ctapipe
ctapipe-dump-triggers:ctapipe
ctapipe-event-viewer:ctapipe
ctapipe-info:ctapipe
ctapipe-reconstruct-muons:ctapipe
ctapipe-stage1-process:ctapipe
ctest-to:cmake-format
ctypesgen:ctypesgen
cull_idle_servers.py:jupyterhub-idle-culler
cursor_hide:cursor
cursor_show:cursor
cutGeotiffs.py:hyp3lib
cutGeotiffsByLine.py:hyp3lib
cwinpy_knope:cwinpy
cwinpy_knope_dag:cwinpy
cwinpy_knope_generate_pp_plots:cwinpy
cwinpy_pe:cwinpy
cwinpy_pe_dag:cwinpy
cwinpy_pe_generate_pp_plots:cwinpy
cwl-explode:cwlformat
cwl-format:cwlformat
cwl-runner:cwl_runner
cwltool:cwltool
cyclic:pwntools
cytominer-database:cytominer_database
czi2tif:czifile
czifile:czifile
da:spacy-lookups-data
dagit:dagit
dagit-cli:dagit
dagit-debug:dagit
dagster-airflow:dagster-airflow
dagster-aws:dagster-aws
dagster-aws:dagster_aws
dagster-celery:dagster-celery
dagster-graphql:dagster-graphql
dagster-graphql:dagster_graphql
dagstermill:dagstermill
daphne:daphne
darglint:darglint
darker:darker
darwin:darwin-py
dask-cuda-worker:dask-cuda
dask-drmaa:dask-drmaa
dask-ec2:dask-ec2
dask-ecs:dask-cloudprovider
dask-mpi:distributed
dask-remote:distributed
dask-scheduler:distributed
dask-slurm-cluster:atsas-pipelines
dask-ssh:distributed
dask-submit:distributed
dask-worker:distributed
daskctl:dask-ctl
databricks:databricks-cli
databroker-pack:databroker-pack
databroker-unpack:databroker-pack
datacube:datacube
datacube-fixer:datacube
datacube-ncml:datacube
datacube-search:datacube
datacube-stacker:datacube
datacube-worker:datacube
dataframe_image:dataframe_image
datalad:datalad
datapackage:datapackage
datapane:datapane
datapkg_to_rst:catalystcoop.pudl
datapkg_to_sqlite:catalystcoop.pudl
datasette:datasette
datashader:datashader
dateadd:dateutils
datediff:dateutils
dav:webdav4
db_server:xpdan
dbfs:databricks-cli
dcm2bids:dcm2bids
dcm2bids_helper:dcm2bids
dcm2bids_scaffold:dcm2bids
de:spacy-lookups-data
debug:pwntools
decrypt:pyquickhelper
decrypt_file:pyquickhelper
deid:deid
dem2isce.py:hyp3lib
demesdraw:demesdraw
depfinder:depfinder
descarteslabs:descarteslabs
detect_missing_track_type:dautilpy
detectree:detectree
dials.data:dials-data
diceware:diceware
diff-cover:diff-cover
diff-quality:diff-cover
difference_features:geometric_features
diffoscope:diffoscope
diffpriv:diffpriv
diffractometeralignment:sardana
dir2pi:pip2pi
dirac-accounting-decode-fileid:dirac-grid
dirac-admin-get-banned-sites:dirac-grid
dirac-admin-get-job-pilot-output:dirac-grid
dirac-admin-get-job-pilots:dirac-grid
dirac-admin-get-pilot-info:dirac-grid
dirac-admin-get-pilot-logging-info:dirac-grid
dirac-admin-get-pilot-output:dirac-grid
dirac-admin-site-info:dirac-grid
dirac-admin-user-quota:dirac-grid
dirac-configure:dirac-grid
dirac-dms-add-file:dirac-grid
dirac-dms-catalog-metadata:dirac-grid
dirac-dms-create-archive-request:dirac-grid
dirac-dms-create-moving-request:dirac-grid
dirac-dms-create-removal-request:dirac-grid
dirac-dms-data-size:dirac-grid
dirac-dms-directory-sync:dirac-grid
dirac-dms-filecatalog-cli:dirac-grid
dirac-dms-find-lfns:dirac-grid
dirac-dms-get-file:dirac-grid
dirac-dms-lfn-accessURL:dirac-grid
dirac-dms-lfn-metadata:dirac-grid
dirac-dms-lfn-replicas:dirac-grid
dirac-dms-move-replica-request:dirac-grid
dirac-dms-pfn-accessURL:dirac-grid
dirac-dms-pfn-metadata:dirac-grid
dirac-dms-put-and-register-request:dirac-grid
dirac-dms-remove-catalog-files:dirac-grid
dirac-dms-remove-catalog-replicas:dirac-grid
dirac-dms-remove-files:dirac-grid
dirac-dms-remove-replicas:dirac-grid
dirac-dms-replica-metadata:dirac-grid
dirac-dms-replicate-and-register-request:dirac-grid
dirac-dms-replicate-lfn:dirac-grid
dirac-dms-resolve-guid:dirac-grid
dirac-dms-set-replica-status:dirac-grid
dirac-dms-show-se-status:dirac-grid
dirac-dms-user-lfns:dirac-grid
dirac-dms-user-quota:dirac-grid
dirac-info:dirac-grid
dirac-myproxy-upload:dirac-grid
dirac-platform:dirac-grid
dirac-production-runjoblocal:dirac-grid
dirac-proxy-destroy:dirac-grid
dirac-proxy-get-uploaded-info:dirac-grid
dirac-proxy-info:dirac-grid
dirac-proxy-init:dirac-grid
dirac-rms-list-req-cache:dirac-grid
dirac-rms-request:dirac-grid
dirac-rss-list-status:dirac-grid
dirac-stager-monitor-file:dirac-grid
dirac-stager-monitor-jobs:dirac-grid
dirac-stager-monitor-request:dirac-grid
dirac-stager-monitor-requests:dirac-grid
dirac-stager-show-stats:dirac-grid
dirac-stager-stage-files:dirac-grid
dirac-utils-file-adler:dirac-grid
dirac-utils-file-md5:dirac-grid
dirac-version:dirac-grid
dirac-wms-job-attributes:dirac-grid
dirac-wms-job-delete:dirac-grid
dirac-wms-job-get-input:dirac-grid
dirac-wms-job-get-jdl:dirac-grid
dirac-wms-job-get-output:dirac-grid
dirac-wms-job-get-output-data:dirac-grid
dirac-wms-job-kill:dirac-grid
dirac-wms-job-logging-info:dirac-grid
dirac-wms-job-parameters:dirac-grid
dirac-wms-job-peek:dirac-grid
dirac-wms-job-reschedule:dirac-grid
dirac-wms-job-status:dirac-grid
dirac-wms-job-submit:dirac-grid
dirac-wms-jobs-select-output-search:dirac-grid
dirac-wms-pilot-job-info:dirac-grid
dirac-wms-select-jobs:dirac-grid
diraccfg:diraccfg
disablenx:pwntools
disasm:pwntools
dispatch_srvr:pyutilib
distro:distro
django-admin:django
django-admin:libcomcat
django-cadmin:django-configurations
dmf-chip:dmf-chip
dmyp:mypy
dmypy:mypy
doc2dash:doc2dash
doc8:doc8
docformatter:docformatter
docs-versions-menu:docs-versions-menu
docspec:docspec
docspec-python:docspec-python
doctr:doctr
doctr-versions-menu:doctr-versions-menu
dods:pydap
doesitcache:cachecontrol
dog:datadog
dogwrap:datadog
doppel-describe:doppel-cli
doppel-test:doppel-cli
dot2tex:dot2tex
dotenv:python-dotenv
dotenv:rb-dotenv
download_analysis_data:mpas-analysis
download_natural_earth_110m:mpas-analysis
dp-runner:datapane
dpgen:dpgen
dramatiq:dramatiq
draw_polygon_on_raster.py:hyp3lib
dremio_client:python-dremio-client
drfp:drfp
dsc:dsc
dsc-io:dsc
dsc-query:dsc
dsl-compile:kfp
dsl-compile-tekton:kfp-tekton
dtale:dtale
dtool:dtool_cli
dtool_publish_dataset:dtool_http
dtool_serve_directory:dtool_http
dunamai:dunamai
dw:datadotworld-py
dx2cube:pdb2pqr
dxfaudit:ezdxf
dxfpp:ezdxf
dynaconf:dynaconf
dynoviz:dynophores
e3sm_diags:e3sm_diags
e3sm_diags_vars:e3sm_diags
e3sm_to_cmip:e3sm_to_cmip
earthengine:earthengine-api
earthsim:earthsim
easydev_buildPackage:easydev
ecp-cert-info:ciecplib
ecp-cookie-init:ecp-cookie-init
ecp-curl:ciecplib
ecp-get-cert:ciecplib
ecp-get-cookie:ciecplib
edit-distance:edit_distance
effective_mass:vasppy
eido:eido
eio:elevation
el:spacy-lookups-data
elastic:elastic
element.py:mendeleev
elfdiff:pwntools
elfpatch:pwntools
eliot-tree:eliot-tree
elyra-metadata:elyra
elyra-metadata:elyra-server
elyra-pipeline:elyra
elyra-pipeline:elyra-server
em_bright_categorize:p_astro
em_bright_dag_writer:p_astro
em_bright_extract:p_astro
em_bright_join:p_astro
em_bright_train:p_astro
email_validator:email-validator
email_validator:email_validator
en:spacy-lookups-data
encrypt:pyquickhelper
encrypt_file:pyquickhelper
enh_lee_filter.py:hyp3lib
enpt:enpt
ensureconda:ensureconda
envs:envs
eodag:eodag
eodms:eodms-api-client
eof:sentineleof
epacems_to_parquet:catalystcoop.pudl
ephyviewer:ephyviewer
epylint:pylint
erdantic:erdantic
errno:pwntools
es:spacy-lookups-data
esmcol-validator:esmcol-validator
espei:espei
esprima:esprima-python
ete3:ete3
euporie:euporie
evalml:evalml-core
evalml:evaml-core
evv:evv4esm
executor:executor
explainerdashboard:explainerdashboard
extendDateline.py:hyp3lib
extract-to-scalar:paintera-conversion-helper
extract_noise:fslpy
fa:spacy-lookups-data
fab:fabric
fab:fabric3
fabmanager:flask-appbuilder
face_detection:face_recognition
face_recognition:face_recognition
faker:faker
fanstatic-compile:fanstatic
fast_dp:fast_dp
fast_rdp:fast_dp
fastep:fastentrypoints
fat_bands:vasppy
fcm-normalize:intensity-normalization
fds:fastds
featuretools:featuretools
feedstocks:conda-smithy
ferc1_to_sqlite:catalystcoop.pudl
fermipy-analyze-roi:fermipy
fermipy-analyze-roi-sg:fermipy
fermipy-analyze-sed:fermipy
fermipy-analyze-sed-sg:fermipy
fermipy-assemble-model:fermipy
fermipy-assemble-model-sg:fermipy
fermipy-astroserver:fermipy
fermipy-catalog-comp-chain:fermipy
fermipy-clone-configs:fermipy
fermipy-cluster-sources:fermipy
fermipy-coadd:fermipy
fermipy-coadd-split:fermipy
fermipy-coadd-split-sg:fermipy
fermipy-collect-sed:fermipy
fermipy-collect-sed-sg:fermipy
fermipy-collect-sources:fermipy
fermipy-copy-base-roi:fermipy
fermipy-copy-base-roi-sg:fermipy
fermipy-diffuse-analysis:fermipy
fermipy-diffuse-comp-chain:fermipy
fermipy-dispatch:fermipy
fermipy-file-archive:fermipy
fermipy-flux-sensitivity:fermipy
fermipy-gather-srcmaps:fermipy
fermipy-gather-srcmaps-sg:fermipy
fermipy-gethdutype:fermipy
fermipy-gtexcube2-sg:fermipy
fermipy-gtexpcube2wcs-sg:fermipy
fermipy-gtexphpsun-sg:fermipy
fermipy-gtltsum-sg:fermipy
fermipy-gtsuntemp-sg:fermipy
fermipy-healview:fermipy
fermipy-healview-sg:fermipy
fermipy-init-model:fermipy
fermipy-intensity-map:fermipy
fermipy-job-archive:fermipy
fermipy-merge-srcmaps:fermipy
fermipy-merge-srcmaps-sg:fermipy
fermipy-merit-response:fermipy
fermipy-merit-skimmer:fermipy
fermipy-plot-castro:fermipy
fermipy-plot-castro-sg:fermipy
fermipy-preprocess:fermipy
fermipy-quick-analysis:fermipy
fermipy-random-dir-gen:fermipy
fermipy-random-dir-gen-sg:fermipy
fermipy-residual-cr:fermipy
fermipy-residual-cr-chain:fermipy
fermipy-residual-cr-sg:fermipy
fermipy-run-tempo:fermipy
fermipy-select:fermipy
fermipy-simulate-roi:fermipy
fermipy-simulate-roi-sg:fermipy
fermipy-split-and-bin:fermipy
fermipy-split-and-bin-chain:fermipy
fermipy-split-and-bin-sg:fermipy
fermipy-split-and-mktime:fermipy
fermipy-split-and-mktime-chain:fermipy
fermipy-split-and-mktime-sg:fermipy
fermipy-srcmaps-catalog:fermipy
fermipy-srcmaps-catalog-sg:fermipy
fermipy-srcmaps-diffuse:fermipy
fermipy-srcmaps-diffuse-sg:fermipy
fermipy-sum-ring-gasmaps-sg:fermipy
fermipy-sunmoon-chain:fermipy
fermipy-validate:fermipy
fermipy-vstack:fermipy
fermipy-vstack-diffuse-sg:fermipy
fermipy-wcsview:fermipy
filesdb:filesdb
find-kedro:find-kedro
find_reseau_grid:spymicmac
findid:libcomcat
fix_features_at_antimeridian:geometric_features
flake8:flake8
flake8-colors:flake8-colors
flake8-nb:flake8-nb
flake8-rst:flake8-rst
flake8_nb:flake8-nb
flask:flask
flaskswagger:flask-swagger
flexx:flexx
flit:flit
flow:signac-flow
fluent-binlog-reader:rb-fluentd
fluent-ca-generate:rb-fluentd
fluent-cat:rb-fluentd
fluent-debug:rb-fluentd
fluent-gem:rb-fluentd
fluent-plugin-config-format:rb-fluentd
fluent-plugin-generate:rb-fluentd
fluentd:rb-fluentd
fluidcluster-help:fluiddyn
fluiddocset:fluiddyn
fluiddump:fluiddyn
fluidinfo:fluiddyn
fluidmat2py:fluiddyn
fluidnbstripout:fluiddyn
fmpy:fmpy
fmpy-script.py:fmpy
fmpy.exe:fmpy
fonttools:fonttools
forest_lite:forest_lite
fparser2:fparser
fr:spacy-lookups-data
freegenes:freegenes
frictionless:frictionless
frosted:frosted
fsdump:zodb
fsl_abspath:fslpy
fsl_apply_x5:fslpy
fsl_convert_x5:fslpy
fsl_ents:fslpy
fsleyes:fsleyes
fsoids:zodb
fsrefs:zodb
fstail:zodb
ftfy:ftfy
funpack:fmrib-unpack
funpack_demo:fmrib-unpack
future_typing:future_typing
fypp:fypp
g2e:tatsu
gator:mamba_gator
gb_generator:gb-code
gcovr:gcovr
gdown:gdown
geeadd:geeadd
geehydro:geehydro
geemap:geemap
gemoji:rb-gemoji
gen_client:google-apitools
gen_rayp_lib:seispy
generate-paintera-bash-completion:paintera
generate_micmac_measures:spymicmac
genson:genson
geo2grid:polar2grid
geobuf:geobuf
geocode:geocoder
geocube:geocube
geodb:xcube_geodb
geojsonio:geojsonio
geomet:geomet
geometric-optimize:geometric
geotiff_lut.py:hyp3lib
geotransform_footprints:solaris
geoviews:geoviews-core
get-image-size:opsdroid-get-image-size
getDemFor.py:hyp3lib
getNightlyRefs:lbscriptslegacy
get_asf.py:hyp3lib
get_bounding.py:hyp3lib
get_dem.py:hyp3lib
get_orb.py:hyp3lib
get_pharm_counts:pmapper
get_pierce_points:seispy
getcsv:libcomcat
geteventhist:libcomcat
getmags:libcomcat
getpager:libcomcat
getphases:libcomcat
getproduct:libcomcat
gettext-extract:jupyterlab-translate
gflex:gflex
ggrc:ginga
ghp-import:ghp-import
gilt:python-gilt
ginga:ginga
girder:girder
girder-cli:girder-client
girder-server:girder
girder-sftpd:girder
girder-shell:girder
gist:python-gist
git-annex-remote-datalad:datalad
git-annex-remote-datalad-archives:datalad
git-annex-remote-googledrive:git-annex-remote-googledrive
git-fame:git-fame
git-lb-checkout:lbdevtools
git-lb-clone-pkg:lbdevtools
git-lb-push:lbdevtools
git-lb-use:lbdevtools
git-nbdiffdriver:nbdime
git-nbdifftool:nbdime
git-nbmergedriver:nbdime
git-nbmergetool:nbdime
git-pull-request:git-pull-request
github-pages:rb-github-pages
gitlab:python-gitlab
gitpuller:nbgitpuller
gj2ascii:gj2ascii
gladtex:gladtex
glance:python-glanceclient
glances:glances
glassmap:opticalglass
gli:rb-gli
gliderdac:cc-plugin-glider
globus:globus-cli
glom:glom
glom_yaml:dautilpy
glotaran:pyglotaran
gmm-normalize:intensity-normalization
google-oauthlib-tool:google-auth-oauthlib
gprof2dot:gprof2dot
gpsclock:ligotools-tconvert
gpstime:gpstime
gpustat:gpustat
gracedb:ligo-gracedb
gracedb_legacy:ligo-gracedb
graphviz2drawio:graphviz2drawio
grayskull:grayskull
great_expectations:great-expectations
greyskull:grayskull
gridio:gridgeo
gridmap_web:gridmap
gridmet_bmi:gridmet_bmi
gridtest:gridtest
grin:grin
grind:grin
gro_client:groclient
grunt:grunt
gsheetsdb:gsheetsdb
gsutil:gsutil
gtabview:gtabview
gulp:gulp
gw_data_find:gwdatafind
gw_summary:gwsumm
gw_summary_pipe:gwsumm
gwcelery:gwcelery
gwdetchar-conlog:gwdetchar
gwdetchar-lasso-correlation:gwdetchar
gwdetchar-mct:gwdetchar
gwdetchar-nagios:gwdetchar
gwdetchar-omega:gwdetchar
gwdetchar-omega-batch:gwdetchar
gwdetchar-overflow:gwdetchar
gwdetchar-scattering:gwdetchar
gwdetchar-scattering-simple:gwdetchar
gwdetchar-slow-correlation:gwdetchar
gwdetchar-software-saturations:gwdetchar
gwinc:gwinc
gwpy-plot:gwpy
gwsumm-plot-guardian:gwsumm
gwsumm-plot-triggers:gwsumm
gwtrigfind:gwtrigfind
h5link_recursive:dautilpy
handlebars:handlebars.js
happi:happi
hdfscli:python-hdfs
hdfscli-avro:python-hdfs
helpdev:helpdev
heudiconv:heudiconv
heudiconv_monitor:heudiconv
hex:pwntools
hg-nbdiff:nbdime
hg-nbdiffweb:nbdime
hg-nbmerge:nbdime
hg-nbmergeweb:nbdime
hiproc:hiproc
hist:bashplotlib
hist:hist
histoprint:histoprint
hk:seispy
hklscan:sardana
holoviews:holoviews
hookee:hookee
hookman:python-hookman
hpccm:hpccm
hr:spacy-lookups-data
htmap:htmap
html-index:orange3-singlecell
html2text:html2text
htmlmin:htmlmin
htmlproofer:rb-html-proofer
hu:spacy-lookups-data
huey_consumer:huey
huggingface-cli:huggingface_hub
humanfriendly:humanfriendly
hupper:hupper
hydromt:hydromt
hypercorn:hypercorn
hyperspyui:hyperspyui
hypnotoad-gui:hypnotoad
hypnotoad_circular:hypnotoad
hypnotoad_geqdsk:hypnotoad
hypnotoad_torpex:hypnotoad
hypothesis:hypothesis
iapsg:apsg
ibrowse:easydev
icdiff:icdiff
icepap:icepap
icepapcms:icepapcms
icepapctl:icepap
icepaposc:icepaposc
ics_diff:vobject
id:spacy-lookups-data
identify-cli:identify
ietf-leap-seconds:gpstime
ifermi:ifermi
igorbinarywave:igor
igorpackedexperiment:igor
image_to_iq:xpdtools
imageio_download_bin:imageio
imageio_remove_bin:imageio
imcp:fslpy
imglob:fslpy
imln:fslpy
immv:fslpy
import-timeseries:ixmp
importnb-install:importnb
importnb-uninstall:importnb
imrm:fslpy
imtest:fslpy
imtool:pwkit
in2csv:csvkit
inline-html:inline-html
inputgen:pdb2pqr
inspiral-range:inspiral-range
install_cmdstan:cmdstanpy
install_cxx_toolchain:cmdstanpy
intake:intake
intake-server:intake
intensity_server:xpdan
interrogate:interrogate
inv:invoke
invoke:invoke
iota:iota
iota.filter_pickles:iota
iota.run:iota
iota.single_image:iota
iota.track_images:iota
ipapconsole:icepapcms
ipcluster:ipyparallel
ipcontroller:ipyparallel
ipdb:ipdb
ipengine:ipyparallel
ipubpandoc:ipypublish
ipynb-py-convert:ipynb-py-convert
iris:iris-ued
iscan:iscan
iscegeo2geotif.py:hyp3lib
isodatetime:metomi-isodatetime
isort:isort
ispyb.job:ispyb
ispyb.last_data_collections_on:ispyb
issho:issho
it:spacy-lookups-data
itango:itango
itango-qt:itango
itango3:itango
itango3-qt:itango
ixmp:ixmp
ixmp-config:ixmp
j2:j2cli
jake:jake
jb:jupyter-book
jcache:jupyter-cache
jdiff:jsondiff
jedi-language-server:jedi-language-server
jekyll:rb-jekyll
jhsingle-native-proxy:jhsingle-native-proxy
jhubctl:jhub-client
jirashell:jira
jlab-forward:jupyter-forward
jlpm:jupyterlab
jnbv:jnbv
jobs_done:jobs_done10
johnnydep:johnnydep
join_hexagon:spymicmac
jp2dump:glymur
json:json-spec
json-lsp:json-lsp
json2tango:dsconfig
jsondiff:jsondiff
jsonpath.py:jsonpath-ng
jsonrpc:jsonrpcclient
jsonschema:jsonschema
jt:jupyterthemes
jug:jug
jump:jump
jupytab:jupytab-server
jupyter:jupyter_core
jupyter-book:jupyter-book
jupyter-bundlerextension:notebook
jupyter-classic:jupyterlab-classic
jupyter-console:jupyter_console
jupyter-contrib:jupyter_contrib_core
jupyter-contrib-nbextension:jupyter_contrib_nbextensions
jupyter-enterprisegateway:jupyter_enterprise_gateway
jupyter-forward:jupyter-forward
jupyter-ipydrawio:ipydrawio
jupyter-ipydrawio-export:ipydrawio-export
jupyter-kernel:jupyter_client
jupyter-kernelgateway:jupyter_kernel_gateway
jupyter-kernelspec:jupyter_client
jupyter-lab:jupyterlab
jupyter-labextension:jupyterlab
jupyter-labhub:jupyterlab
jupyter-migrate:jupyter_core
jupyter-nbclassic:nbclassic
jupyter-nbconvert:nbconvert
jupyter-nbextension:notebook
jupyter-nbextensions_configurator:jupyter_nbextensions_configurator
jupyter-notebook:notebook
jupyter-nteract:nteract_on_jupyter
jupyter-qtconsole:qtconsole
jupyter-repo2docker:jupyter-repo2docker
jupyter-retro:retrolab
jupyter-run:jupyter_client
jupyter-server:jupyter_server
jupyter-serverextension:notebook
jupyter-theme:jupyterthemes
jupyter-themer:jupyter-themer
jupyter-troubleshoot:jupyter_core
jupyter-trust:nbformat
jupyter_to_medium:jupyter_to_medium
jupyterhub-idle-culler:jupyterhub-idle-culler
jupyterlab-translate:jupyterlab-translate
jupytext:jupytext
jws:josepy
k2g:kml2geojson
kde-normalize:intensity-normalization
kedro:kedro
kernda:kernda
kfp:kfp
kinparse:kinparse
knitty:knitty
knockknock:knockknock
knotedown:knitty
knotr:knitty
konfik:konfik
kramdown:rb-kramdown
kubessh:kubessh
label-maker:label-maker
labours:labours
lambda-builders:aws_lambda_builders
lammps-interface:lammps-interface
lantz:lantz
lantz-config:lantz
lantz-ino:lantz
lantz-qtdemo:lantz
lantz-sims:lantz
larray-editor:larray-editor
lascopy:laspy
lasexplorer:laspy
lasnoise:laspy
lasvalidate:laspy
lasverify:laspy
lasviewer:laspy
latex2text:pylatexenc
latexencode:pylatexenc
latexwalker:pylatexenc
lb-add-copyright:lbdevtools
lb-ap:lbaplocal
lb-check-copyright:lbdevtools
lb-clang-format:lbdevtools
lb-completion-helper:lbenv
lb-conda:lbcondawrappers
lb-conda-dev:lbcondawrappers
lb-create-all-lcg-meta-specs:lbadmin
lb-create-one-lcg-meta-spec:lbadmin
lb-debug-platform:lbplatformutils
lb-deployment-updatesdb:lbadmin
lb-describe-platform:lbplatformutils
lb-dev:lbdevtools
lb-devtools-datadir:lbdevtools
lb-dirac:lbdiracwrappers
lb-export-project-info:lbadmin
lb-format:lbdevtools
lb-gen-release-notes:lbdevtools
lb-glimpse:lbdevtools
lb-host-binary-tag:lbplatformutils
lb-project-init:lbdevtools
lb-release-rpm:lbadmin
lb-resync-meta-info-repos:lbadmin
lb-run:lbenv
lb-sdb-add-platform:lbsoftconfdb2clients
lb-sdb-add-project:lbsoftconfdb2clients
lb-sdb-buildtool:lbsoftconfdb2clients
lb-sdb-deletepv:lbsoftconfdb2clients
lb-sdb-dumpprojects:lbsoftconfdb2clients
lb-sdb-generateVersionJSON:lbsoftconfdb2clients
lb-sdb-import:lbsoftconfdb2clients
lb-sdb-query:lbsoftconfdb2clients
lb-sdb-release:lbsoftconfdb2clients
lb-sdb-setprojectprop:lbsoftconfdb2clients
lb-sdb-setpvprop:lbsoftconfdb2clients
lbin:pyutilib
lbinstall:lbinstall
lbn-ansi2html:lbnightlytools
lbn-build:lbnightlytools
lbn-build-legacy:lbnightlytools
lbn-build-log-to-html:lbnightlytools
lbn-check-config:lbnightlytools
lbn-check-preconditions:lbnightlytools
lbn-checkout:lbnightlytools
lbn-checkout-legacy:lbnightlytools
lbn-collect-build-logs:lbnightlytools
lbn-enabled-slots:lbnightlytools
lbn-gen-release-config:lbnightlytools
lbn-generate-compatspec:lbnightlytools
lbn-generate-do0spec:lbnightlytools
lbn-generate-extspec:lbnightlytools
lbn-generate-genericspec:lbnightlytools
lbn-generate-lbscriptsspec:lbnightlytools
lbn-generate-metaspec:lbnightlytools
lbn-generate-spec:lbnightlytools
lbn-get-new-refs:lbnightlytools
lbn-gitlab-mr:lbnightlytools
lbn-index:lbnightlytools
lbn-install:lbnightlytools
lbn-list-platforms:lbnightlytools
lbn-preconditions:lbnightlytools
lbn-release-poll:lbnightlytools
lbn-release-trigger:lbnightlytools
lbn-reschedule-tests:lbnightlytools
lbn-rpm:lbnightlytools
lbn-rpm-validator:lbnightlytools
lbn-slots-by-deployment:lbnightlytools
lbn-test:lbnightlytools
lbn-test-legacy:lbnightlytools
lbn-test-poll:lbnightlytools
lbp-check-periodic-tests:lbnightlytools
lbp-check-periodic-tests-msg:lbnightlytools
lbpr-get-command:lbnightlytools
lbq-builddone:lbnightlytools
lbq-buildnotif:lbnightlytools
lbq-getteststorun:lbnightlytools
lbq-requesttest:lbnightlytools
lbtarrpmcompare:lbinstall
lbyumcheck:lbinstall
lcgyumcheck:lbinstall
ldap:ldap
legit:legit
lektor:lektor
lessc:less.js
lesscpy:lesscpy
lhcb-proxy-info:lbdiracwrappers
lhcb-proxy-init:lbdiracwrappers
lhcbstyle:lhcbstyle
libdoc:robotframework
lidar:lidar
ligo-proxy-init:ligo-proxy-utils
lint:pyrate-limiter
lisfix:hiproc
listen:rb-listen
lit:lit
livereload:livereload
livv:livvkit
livy:livy-submit
locust:locust
locust:locustio
locutus:ligo-asimov
loghub:loghub
loghub-labels:loghub
long_description_markdown_filename:setuptools_markdown
loprop:loprop
lpython:pyutilib
lsdtt-burn2csv:lsdtopytools
lsdtt-chi-tools:lsdtopytools
lsdtt-concFFS:lsdtopytools
lsdtt-concFFS-multiple:lsdtopytools
lsdtt-concFFS-single:lsdtopytools
lsdtt-concFFS-spawn-outlets:lsdtopytools
lsdtt-concFFS-spawn-subbasins:lsdtopytools
lsdtt-concavity-down-to-top:lsdtopytools
lsdtt-concavity-tools:lsdtopytools
lsdtt-csv-conversions:lsdtopytools
lsdtt-depressions:lsdtopytools
lsdtt-extract-single-river:lsdtopytools
lsdtt-hypsometry:lsdtopytools
lsdtt-plotalltifs:lsdtopytools
lsdtt-polyfits:lsdtopytools
lsdtt-remove-seas:lsdtopytools
lsdtt-topomap:lsdtopytools
lsm2bin:tifffile
lsq-normalize:intensity-normalization
lt:spacy-lookups-data
ltd:ltd-conveyor
lucid:lucid
lunar-find:lunarcalendar
lvalert:ligo-lvalert
lvalert:sleek-lvalert
lyricsmaster:lyricsmaster
m2r:m2r
m2r2:m2r2
macroexecutor:sardana
maestral:maestral
magnum:python-magnumclient
main:pwntools
makeAsfBrowse.py:hyp3lib
makeChangeBrowse.py:hyp3lib
makeColorPhase.py:hyp3lib
makeKml.py:hyp3lib
make_arc_thumb.py:hyp3lib
make_cogs.py:hyp3lib
make_composite:asf_tools
make_graphs:solaris
make_masks:solaris
mako-render:mako
manila:python-manilaclient
maps:maps-cli
mapshader:mapshader
margins:xlutils
markdown-it:markdown-it-py
markdown-it-bench:markdown-it-py
markdown2:markdown2
markdown_py:markdown
mask_to_polygons:solaris
max-rect:maxrect
md_toc:md-toc
mdformat:mdformat
mdr2cub:hiproc
memestra:memestra
memestra-cache:memestra
mercantile:mercantile
merge_features:geometric_features
mesa:mesa
meshcat-server:meshcat-python
meshio:meshio
meshio-ascii:meshio
meshio-binary:meshio
meshio-compress:meshio
meshio-convert:meshio
meshio-decompress:meshio
meshio-info:meshio
meson:meson
message-ix:message-ix
messageix-config:message-ix
messageix-dl:message-ix
metaflow:metaflow
mgrant:mongogrant
mike:mike
minitar:rb-archive-tar-minitar
miniwdl:miniwdl
mistletoe:mistletoe-ebp
mistletoe-bench:mistletoe-ebp
mistral:python-mistralclient
mkapi:mkapi
mkdocs:mkdocs
mlab:api2db
mlconjug:mlconjug
mlconjug3:mlconjug3
mlflow:mlflow
mlforecast:mlforecast
mlhub:radiant-mlhub
mmd:model_metadata
mmd-dump:model_metadata
mmd-find:model_metadata
mmd-install:model_metadata
mmd-query:model_metadata
mmd-stage:model_metadata
mne:mne
mne_bids:mne-bids
mnelab:mnelab
mnx-assets:metanetx-assets
mnx-post:metanetx-post
mnx-sdk:metanetx-sdk
mock_runcry17:aiida-crystal17
modulegraph:modulegraph
mofchecker:mofchecker
molecule:molecule
monkeytype:monkeytype
morecantile:morecantile
morfeus:morfeus-ml
moses-detokenizer:mosestokenizer
moses-punct-normalizer:mosestokenizer
moses-sent-splitter:mosestokenizer
moses-tokenizer:mosestokenizer
moto_server:moto
motuclient:motuclient
move_bad_tapas:spymicmac
mpas_analysis:mpas-analysis
mprof:memory_profiler
mrcfile-header:mrcfile
mrcfile-validate:mrcfile
mrjob:mrjob
mrjob-3:mrjob
mrjob-3.6:mrjob
mrsi_denoise:mrs_denoising_tools
ms:metsim
msnoise:msnoise
mss:python-mss
mu:mu_repo
multigit:easydev
multimech-gridgui:multi-mechanize
multimech-newproject:multi-mechanize
multimech-run:multi-mechanize
multisheller:multisheller
murnfit:vasppy
mutatest:mutatest
mv_regex:mv_regex
mycli:mycli
myproxyclient:myproxyclient
mypy:mypy
myst-benchmark:myst-parser
n2sn_add_user:n2snusertools
n2sn_list_users:n2snusertools
n2sn_remove_user:n2snusertools
n2sn_search_user:n2snusertools
name-that-hash:name_that_hash
napari:napari
napkin:napkin
napkin_plantuml:napkin
natsort:natsort
nb:spacy-lookups-data
nbautoexport:nbautoexport
nbblack:nbcommands
nbbrowserpdf:nbbrowserpdf
nbcat:nbcommands
nbdiff:nbdime
nbdiff-web:nbdime
nbdime:nbdime
nbdoctest:importnb
nbgitpuller-link:nbgitpuller-link
nbgrep:nbcommands
nbhead:nbcommands
nbjuniper:nbjuniper
nblibdoc:robotkernel
nbmerge:nbdime
nbmerge-web:nbdime
nbpresent:ipypublish
nbpublish:ipypublish
nbqa:nbqa
nbrobot:robotkernel
nbrr:nbrr
nbshow:nbdime
nbstripout:nbstripout
nbtail:nbcommands
nbterm:nbterm
nbtouch:nbcommands
nc2zarr:nc2zarr
ncagg:ncagg
ncdiff:recursive_diff
ncem2png:ncempy
ncflag:ncflag
ndg_httpclient:ndg-httpsclient
ndk2dat:seispy
ndscope:ndscope
neptune:neptune-client
neptune_notebooks:neptune-notebooks
netlist_to_skidl:skidl
neurosynchro:neurosynchro
neurotic:neurotic
neutron:python-neutronclient
nexpy:nexpy
nexusformat:nexusformat
ngrok:pyngrok
nib-conform:nibabel
nib-dicomfs:nibabel
nib-diff:nibabel
nib-ls:nibabel
nib-nifti-dx:nibabel
nib-roi:nibabel
nib-stats:nibabel
nib-tck2trk:nibabel
nib-trk2tck:nibabel
nikola:nikola
nionswift:nionswift
nionui:nionui
nl:spacy-lookups-data
nltk:nltk
nodeenv:nodeenv
norm-quality:intensity-normalization
normalizer:charset-normalizer
nose2:nose2
nose2-3.6:nose2
nosetests:nose
notedown:notedown
nova:python-novaclient
nox:nox
nr:nr.cli
nspyre:nspyre
nspyre-config:nspyre
nspyre-inserv:nspyre
nspyre-mongodb:nspyre
nth:name_that_hash
nuitka:nuitka
nuitka-run:nuitka
nvd3:python-nvd3
nwebassets:webassets
nxduplicate:nexusformat
nxstack:nexusformat
nyul-normalize:intensity-normalization
obspyck:obspyck
ocrmypdf:ocrmypdf
offset_xml.py:hyp3lib
oidc-register:flask-oidc
olivaw:ligo-asimov
olog:pyolog
ologgui:pyolog
omicron-hdf5-merge:pyomicron
omicron-process:pyomicron
omicron-root-merge:pyomicron
omicron-show:pyomicron
omicron-status:pyomicron
omx-validate:openmatrix
open-fonts-css:py-open-fonts
openapi-python-client:openapi-python-client
openapi-spec-validator:openapi-spec-validator
openmdao:openmdao
openml:openml
openmm-setup:openmm-setup
openpathsampling:openpathsampling-cli
opensesame:opensesame
opensesamerun:opensesame
openstack:python-openstackclient
openstack-inventory:openstacksdk
opentelemetry-bootstrap:opentelemetry-instrumentation
opentelemetry-instrument:opentelemetry-instrumentation
opsdroid:opsdroid
optimade-validator:optimade
optuna:optuna
optuna-dashboard:optuna-dashboard
oq:openquake.engine
orator:orator
orca:plotly-orca
orca-server:orca
osf:osfclient
osprofiler:osprofiler
owlrl:owlrl
oxasl:oxasl
oxasl_basil:oxasl
oxasl_calib:oxasl
oxasl_gui:oxasl
oxasl_mask:oxasl
oxasl_preproc:oxasl
oxasl_reg:oxasl
p2cif:pdielec
p_astro_compute_means:p_astro
p_astro_histogram_by_bin:p_astro
pabot:robotframework-pabot
package-docs:documenteer
paintera:paintera
paintera-conversion-helper:paintera-conversion-helper
paintera-convert:paintera-conversion-helper
paintera-show-container:paintera
pancritic:pancritic
pandablocks:pandablocks
pandoc-filter-arg:knitty
pandoc-filter-arg:pandoctools
pandoctools:pandoctools
pandoctools-ready:pandoctools
pandoctools-resolve:pandoctools
panel:panel
panfl:panflute
panflute:panflute
pantable:pantable
pantable2csv:pantable
pantable2csvx:pantable
papermill:papermill
parallel_bilby_analysis:parallel-bilby
parallel_bilby_generation:parallel-bilby
parallel_bilby_ptemcee_analysis:parallel-bilby
param:earthsim
parliament:parliament
parquet-tools:parquet-tools
parrec2nii:nibabel
parselglossy:parselglossy
parsl-globus-auth:parsl
paster:pastescript
patch-ng:patch-ng
patchnetvlad-download-models:patchnetvlad
patchnetvlad-feature-extract:patchnetvlad
patchnetvlad-feature-match:patchnetvlad
patchnetvlad-match-two:patchnetvlad
pathy:pathy
pbr:pbr
pclear:api2db
pcpp:pcpp
pcreate:pyramid
pdb2pqr30:pdb2pqr
pdb2pqr_cli:htmd-pdb2pqr
pdb2pqr_cli:pdb2pqr_htmd_propka30
pdbfixer:pdbfixer
pdcompare:pdielec
pdfcombine:pdfcombine
pdfmorph:diffpy.pdfmorph
pdfnofonts:pdfnofonts
pdfplumber:pdfplumber
pdfshrink:pdfshrink
pdfstream:pdfstream
pdgui:pdielec
pdistreport:pyramid
pdoc:pdoc3
pdoc3:pdoc3
pdocs:pdocs
peak_server:xpdan
pelican:pelican
pelican-import:pelican
pelican-plugins:pelican
pelican-quickstart:pelican
pelican-themes:pelican
pep8:pep8
perses-fah:perses
perses-relative:perses
pewtwo:pipenv
pfinterp:pyfesom2
pfplot:pyfesom2
pgcli:pgcli
pgcolorbar_demo:pgcolorbar
pgsanity:pgsanity
pgsu:pgsu
phd:pwntools
pheasant:pheasant
phil:freephil
pickled_reader:pdielec
pickrf:seispy
pidcalib2.make_eff_hists:pidcalib2
pidcalib2.merge_trees:pidcalib2
pidcalib2.ref_calib:pidcalib2
piecash:piecash
pimaim_to_poscar:vasppy
pimaim_to_xtl:vasppy
pio:platformio
piodebuggdb:platformio
pip:pip
pip-compile:pip-tools
pip-sync:pip-tools
pip2pi:pip2pi
pip2tgz:pip2pi
pip3:pip
pipdeptree:pipdeptree
pipenv:pipenv
pipenv-resolver:pipenv
pipper:johnnydep
pipreqs:pipreqs
pisces:pisces-db
pj:javascripthon
pkcasascript:pwkit
pkenvtool:pwkit
pkginfo:pkginfo
planet:planet
planetarycomputer:planetary-computer
platformio:platformio
plip:plip
ploomber:ploomber
plot-histograms:intensity-normalization
plot-hists:intensity-normalization
plot_features:geometric_features
plotlydash-tornado-cmd:plotlydash-tornado-cmd
plotr:seispy
plotrt:seispy
pmake:api2db
pmapper_speed_test:pmapper
pmgrLauncher.sh:pmgr
pmgrUtils.sh:pmgr
png2mp4:pysw4
podman-compose:podman-compose
poet:homebrew-pypi-poet
poet_lint:homebrew-pypi-poet
poetry-dynamic-versioning:poetry-dynamic-versioning
polar2grid:polar2grid
policy_sentry:policy_sentry
poly-intersect:maxrect
portable_db_server:xpdan
poscar_sort:vasppy
poscar_to_cif:vasppy
poscar_to_pimaim:vasppy
poscar_to_xtl:vasppy
post-knitty:knitty
potable:atsim-potentials
potcar_spec:vasppy
potranslator:potranslator
pre-commit:pre_commit
pre-commit-mirror:pre-commit-mirror-maker
pre-commit-validate-config:pre_commit
pre-commit-validate-manifest:pre_commit
pre-knitty:knitty
pre-sugartex:sugartex
preader:pdielec
prefect:prefect
preprocess:intensity-normalization
prequest:pyramid
prf:seispy
print_server_config_dir:pdfstream
prism:cfg-cli
proc_poscar:vasppy
profimp:profimp
propconv:jproperties
propka31:propka
proselint:proselint
prospector:prospector
protoc-gen-grpclib_python:grpclib
protoc-gen-mypy:mypy-protobuf
protoc-gen-mypy_grpc:mypy-protobuf
protoc-gen-python_betterproto:betterproto
protoc-gen-python_grpc:grpclib
proutes:pyramid
ps2dem.py:hyp3lib
pserve:pyramid
pshell:pyramid
psize:pdb2pqr
psm:parsim
psm_dakota_driver:parsim
pt:spacy-lookups-data
ptable:ptable
ptangle:pweave
ptvpy:ptvpy
ptweens:pyramid
pudb:pudb
pudl_data:catalystcoop.pudl
pudl_datastore:catalystcoop.pudl
pudl_etl:catalystcoop.pudl
pudl_setup:catalystcoop.pudl
pudl_territories:catalystcoop.pudl
punx:punx
putup:pyscaffold
pviews:pyramid
pweave:pweave
pweave-convert:pweave
pwn:pwntools
pwnstrip:pwntools
px42csv:px4tools
py:pyflyby
py-mathjax-path:py-mathjax
py.test:pytest
py2neo:py2neo
py2swagger:py2swagger
py3:pyflyby
py3dep:py3dep
py4DSTEM:py4dstem
py7zr:py7zr
pySW4-create-plots:pysw4
pySW4-plot-image:pysw4
pyaeroeval:pyaerocom
pyaerotrends:pyaerocom
pyannote-metrics:pyannote.metrics
pyauthenticator:pyauthenticator
pybabel:babel
pybidi:python-bidi
pybind11-stubgen:pybind11-stubgen
pyboat:pyboat
pycodestyle:pycodestyle
pycondor:pycondor
pydap:pydap
pydaymet:pydaymet
pydm:pydm
pydoc-markdown:pydoc-markdown
pydocstyle:pydocstyle
pydruid:pydruid
pydv:pydv
pyemma_tutorials:pyemma_tutorials
pyfeeds:fsl-pyfeeds
pyfiglet:pyfiglet
pyflakes:pyflakes
pyflow:pyflow
pyftinspect:fonttools
pyftmerge:fonttools
pyftpdlib:pyftpdlib
pyftsubset:fonttools
pygcn-listen:pygcn
pygcn-serve:pygcn
pygeoapi:pygeoapi
pygeometa:pygeometa
pyglotaran:pyglotaran-alias
pygmentize:pygments
pyhf:pyhf
pyhocon:pyhocon
pyinstrument:pyinstrument
pyiron:pyiron_base
pyjson5:json5
pyjwt:pyjwt
pykwalify:pykwalify
pylama:pylama
pylammps:pymatgen-lammps
pylint:pylint
pyls:python-language-server
pylsp:python-lsp-server
pymedphys:pymedphys
pyment:pyment
pymodbus.console:pymodbus
pymorphy:pymorphy2
pyngrok:pyngrok
pynguin:pynguin
pyperformance:performance
pypi_downloads:pyutilib
pyppdf:pyppdf
pyppdf-install:pyppdf
pyppdf-replace-mathjax:pyppdf
pyppeteer-install:pyppeteer
pyprof2calltree:pyprof2calltree
pyproject-build:build
pypublish:pweave
pypugjs:pypugjs
pyq-sync:pyquickhelper
pyqode-console:pyqode.core
pyquil-config-setup:pyquil
pyreverse:pylint
pyro4-check-config:pyro4
pyro4-flameserver:pyro4
pyro4-httpgateway:pyro4
pyro4-ns:pyro4
pyro4-nsc:pyro4
pyro4-test-echoserver:pyro4
pyro5-check-config:pyro5
pyro5-echoserver:pyro5
pyro5-httpgateway:pyro5
pyro5-ns:pyro5
pyro5-nsc:pyro5
pyroma:pyroma
pyrsa-decrypt:rsa
pyrsa-decrypt-bigfile:rsa
pyrsa-encrypt:rsa
pyrsa-encrypt-bigfile:rsa
pyrsa-keygen:rsa
pyrsa-priv2pub:rsa
pyrsa-sign:rsa
pyrsa-verify:rsa
pysemver:semver
pyserial-miniterm:pyserial
pyserial-ports:pyserial
pyshacl:pyshacl
pyspark_yarn_client_conda:spylon
pyspark_yarn_cluster_conda:spylon
pyspelling:pyspelling
pystache:pystache
pystache-test:pystache
pystitcher:pystitcher
pytail:tailer
pyterate:pyterate
pyterate-rst-api:pyterate
pytesseract:pytesseract
pytest:pytest
pytest-bdd:pytest-bdd
pytest-check-links:pytest-check-links
python-barcode:python-barcode
python-build:python-build
python-codacy-coverage:codacy-coverage
python-modernize:modernize
python-smp:smp
pytkdocs:pytkdocs
pytmc:pytmc
pyupgrade:pyupgrade
pyutilib_test_driver:pyutilib
pyvol:bio-pyvol
pywhat:pywhat
pyxel:pyxel-sim
pyxrf:pyxrf
qarrayrun:qarrayrun
qcfractal-dashboard:qcfractal
qcfractal-manager:qcfractal
qcfractal-server:qcfractal
qcfractal-template:qcfractal
qhub:qhub
qiime2.plugins:mmvec
qiime2.plugins:rhapsody
qme:qme
qoi_server:xpdan
qr:qrcode
qtpy-uic:qtpy-uic
qtsass:qtsass
quart:quart
qubekit:qubekit
quetz:quetz
quetz-client:quetz-client
quick_add_keys_to_file.py:msumastro
radian:radian
radon:radon
rafem:rafem
randomfiletree:randomfiletree
rasterMask.py:hyp3lib
raster_boundary2shape.py:hyp3lib
rastervision:rastervision-core
rastervision:rastervision-pipeline
ravel-normalize:intensity-normalization
raven:raven
rayoptics:rayoptics
rdf2dot:neurdflib
rdfgraphisomorphism:neurdflib
rdfpipe:neurdflib
rdfs2dot:neurdflib
read_zbar:pyzbar
rebot:robotframework
recharge:openff-recharge
records:records
redbiom:redbiom
reducer:reducer
refresh-lsst-bib:documenteer
regex-replace:pandoctools
register-runner:gitlab-runner-api
register_ortho:spymicmac
rehttpfs:htmllistparse
reindent:reindent
remove_crosses:spymicmac
remove_ext:fslpy
remove_measures:spymicmac
removestar:removestar
render:fsleyes
render-from-template:lume-epics
replacecopyright:pyutilib
repo2docker:jupyter-repo2docker
repozo:zodb
reprex:reprexlite
requirements-compare:pcdsutils
requirements-from-conda:pcdsutils
resample_geotiff.py:hyp3lib
resample_image:fslpy
reset_notebook:openmdao
resolve_jitter:hiproc
responder:responder
restructuredtext-lint:restructuredtext_lint
restview:restview
retrieve_config:atomic-hpc
retriever:retriever
retry:redo
retype:retype
reuse:fsfe-reuse
reuse:reuse
rever:rever
rf2depth:seispy
rfani:seispy
rfi-file-monitor:rfi-file-monitor
rflint:robotframework-lint
rioscalcstats.py:rios
riosprintstats.py:rios
rlab:api2db
ro:spacy-lookups-data
robex:pyrobex
robocop:robotframework-robocop
robocrys:robocrys
robot:robotframework
robotframework_ls:robotframework-lsp
roifile:roifile
rollbar:rollbar
roman:roman
rosdep:rosdep
rosdep-source:rosdep
rosinstall_generator:rosinstall_generator
roslibpy:roslibpy
rosversion:rospkg
rotate_poscar:vasppy
rougify:rb-rouge
rq:rq
rqinfo:rq
rqworker:rq
rs.mtzdump:reciprocalspaceship
rsconnect:rsconnect-python
rse:rse
rshiny-server-cmd:rshiny-server-cmd
rst-lint:restructuredtext_lint
rst2html5:rst2html5
rst2pdf:rst2pdf
rstcheck:rstcheck
rtc2color.py:hyp3lib
rtc2colordiff.py:hyp3lib
rteqcorrscan-bench:rt-eqcorrscan
rteqcorrscan-build-db:rt-eqcorrscan
rteqcorrscan-config:rt-eqcorrscan
rteqcorrscan-reactor:rt-eqcorrscan
rteqcorrscan-real-time-match:rt-eqcorrscan
rteqcorrscan-simulation:rt-eqcorrscan
rubicon:rubicon-ml
rubicon_ml:rubicon-ml
run_astrometry.py:msumastro
run_config:atomic-hpc
run_flowchart:seamm
run_nwchem:custodian
run_om_test:openmdao
run_patch.py:msumastro
run_server:pdfstream
run_standard_header_process.py:msumastro
run_test:openmdao
run_triage.py:msumastro
run_vasp:custodian
runthis-server:runthis-server
runzeo:zeo
sacrebleu:sacrebleu
sacremoses:sacremoses
sadisplay:sadisplay
safe_yaml:rb-safe_yaml
safety:safety
sam:aws-sam-cli
sardanatestsuite:sardana
sass:rb-sass
sass-convert:rb-sass
sat-search:sat-search
sat-search:satsearch
sat-stac:sat-stac
save_server:xpdan
saws:saws
sbt:sbt
sbt-launch.jar:sbt
scald:ligo-scald
scanapi:scanapi
scanpy:scanpy
scapy:scapy
scatter:bashplotlib
scattertext:scattertext
sceptre:sceptre
schema-salad-doc:schema-salad
schema-salad-tool:schema-salad
scitokens-admin-create-key:scitokens
scitokens-admin-create-token:scitokens
sciunit:sciunit
scour:scour
scramble:pwntools
screed:screed
scss:rb-sass
sdf:fastds
se:standardebooks
seabird:seabird
seamm:seamm
seamm-installer:seamm-installer
search_zenodo:pyzenodo3
seed-isort-config:seed-isort-config
segdiff:ligotools-scripts
segexpr:ligotools-scripts
segmenter:segtok
segsum:ligotools-scripts
semantic-release:python-semantic-release
send2trash:send2trash
sensorml2iso:sensorml2iso
sentinelhub:sentinelhub
sentinelhub.aws:sentinelhub
sentinelhub.config:sentinelhub
sentinelhub.download:sentinelhub
sentinelsat:sentinelsat
sequence:sequence-model
sequencer:sardana
serve:sagemaker-mxnet-serving-container
serve:sagemaker-pytorch-serving-container
serve-from-template:lume-epics
set_group_name:geometric_features
setpar:seispy
setup:rb-wisper
sgqlc-codegen:sgqlc
shelephant_checksum:shelephant
shelephant_cp:shelephant
shelephant_dump:shelephant
shelephant_extract:shelephant
shelephant_get:shelephant
shelephant_hash:shelephant
shelephant_hostinfo:shelephant
shelephant_merge:shelephant
shelephant_mv:shelephant
shelephant_parse:shelephant
shelephant_remote:shelephant
shelephant_rm:shelephant
shelephant_send:shelephant
shellcraft:pwntools
showscan:sardana
shtab:shtab
shyaml:shyaml
sidewind:shedsidewinder
signac:signac
silx:silx
simplify_features:geometric_features
simplify_shapefile.py:hyp3lib
sina:llnl-sina
singularity-compose:singularity-compose
skan-gui:skan
skein:skein
skijumpdesign:skijumpdesign
skinny-wms:skinnywms
sklearn_predict:chemprop
sklearn_train:chemprop
skued:scikit-ued
skypy:skypy
slugify:python-slugify
smac:smac
smif:smif
snakeviz:snakeviz
snbuild:standard_names
sndump:standard_names
snscrape:standard_names
snsql:standard_names
snvalidate:standard_names
solararbiter:solarforecastarbiter
solaris_run_ml:solaris
sort_files.py:msumastro
sort_wsdl:spyne
sos:sos
sos-runner:sos
spacegroup:vasppy
spacenet_eval:solaris
spec2nii:spec2nii
sphinx-apidoc:sphinx
sphinx-autobuild:sphinx-autobuild
sphinx-autogen:sphinx
sphinx-build:sphinx
sphinx-build-confluence:sphinxcontrib-confluencebuilder
sphinx-etoc:sphinx-external-toc
sphinx-intl:sphinx-intl
sphinx-quickstart:sphinx
sphinx-versioning:sphinxcontrib-versioning
spleeter:spleeter-gpu
split_features:geometric_features
spock:sardana
spyder-remote-server:spyder-remote-server
spython:spython
sql2csv:csvkit
sqlacodegen:sqlacodegen
sqlformat:sqlparse
sqlite-utils:sqlite-utils
sr:spacy-lookups-data
sregistry:sregistry
sridentify:sridentify
sshtunnel:sshtunnel
sshuttle:sshuttle
stac-client:pystac-client
stack-docs:documenteer
stakesign:stakesign
standardise-mols:standardiser
standardiser:standardiser
start_jupyter_cm:start_jupyter_cm
starz:starz
stateplane:stateplane
states:us
staticjinja:staticjinja
statuspage:statuspage
stdpopsim:stdpopsim
stefuna:stefuna
stginga:stginga
stomp:stomp.py
stone:stone
streamlit:streamlit
strip-hints:strip-hints
stubgen:mypy
stubtest:mypy
stylist:stylist
subset_geotiff_shape.py:hyp3lib
sugartex:sugartex
summaryclassification:pesummary
summaryclean:pesummary
summarycombine:pesummary
summarycombine_metafiles:pesummary
summarycombine_posteriors:pesummary
summarycompare:pesummary
summaryconvert:pesummary
summarydetchar:pesummary
summaryextract:pesummary
summarygracedb:pesummary
summaryjscompare:pesummary
summarymodify:pesummary
summarypages:pesummary
summarypageslw:pesummary
summarypipe:pesummary
summaryplots:pesummary
summarypublication:pesummary
summaryrecreate:pesummary
summaryreview:pesummary
summarytest:pesummary
summarytgr:pesummary
summaryversion:pesummary
sumy:sumy
sumy-3.8:sumy
sumy_eval:sumy
sumy_eval-3.8:sumy
supermercado:supermercado
superset:superset
sv:spacy-lookups-data
swagger-flex:flex-swagger
swift:python-swiftclient
switch:switch_model
swot_simulator:swot_simulator
sygma:sygma
symilar:pylint
symstore:symstore
tableschema:tableschema
tableschema:tableschema-py
tabulate:tabulate
tabulator:tabulator
tabulator:tabulator-py
tag_features:geometric_features
tagmaps:tagmaps
tatsu:tatsu
taurus:taurus-core
taxbrain:taxbrain
tc:taxcalc
tcal:trading-calendars
tconvert:ligotools-tconvert
tdameritrade-auth:tdameritrade
tdmsinfo:nptdms
telegram-send:telegram-send
telingo:telingo
template:pwntools
tensorboard:tensorboard
termgraph:termgraph
terraformspawner:jupyterhub-terraformspawner
test:pyrate-limiter
test-openmm-platforms:openmmtools
test.pyutilib:pyutilib
testflo:testflo
testrios.py:rios
texplain:texplain
textnets:textnets
tfds:tensorflow-datasets
thor:rb-thor
tibanna:tibanna
tifffile:tifffile
tika-python:tika
tileList2shape.py:hyp3lib
timechart:timechart
tinuous:tinuous
tiohd:torchio
tissue-mask:intensity-normalization
tissue-membership:intensity-normalization
titlecase:titlecase
tl:spacy-lookups-data
tldextract:tldextract
tldr:tldr
tokenize-rt:tokenize-rt
tokenizer:segtok
tomo_server:xpdan
torchbiggraph_config:torchbiggraph
torchbiggraph_eval:torchbiggraph
torchbiggraph_example_fb15k:torchbiggraph
torchbiggraph_example_livejournal:torchbiggraph
torchbiggraph_export_to_tsv:torchbiggraph
torchbiggraph_import_from_tsv:torchbiggraph
torchbiggraph_partitionserver:torchbiggraph
torchbiggraph_train:torchbiggraph
torchio-transform:torchio
torsiondrive-api:torsiondrive
torsiondrive-launch:torsiondrive
torsiondrive-plot1d:torsiondrive
torsiondrive-plot2d:torsiondrive
towncrier:towncrier
tox:tox
tox-quickstart:tox
tox-to-nox:nox
tpot:tpot
tq:yq
tqdm:tqdm
tr:spacy-lookups-data
traceback-with-variables:traceback-with-variables
tracevalidate:fractopo
trailscraper:trailscraper
tranquilizer:tranquilizer
transformers:transformers
transonic:transonic
travis-encrypt:travis-encrypt
tree_html_at_level:dautilpy
treon:treon
trodi:trodi
trove:python-troveclient
tryceratops:tryceratops
tsc:typescript
tsserver:typescript
tsunzip:tszip
tszip:tszip
ttx:fonttools
tuna:tuna
twine:twine
twoncrier:towncrier
tx:transifex-client
typer:typer-cli
typestubs:pytypes
typhon:typhos
typhos:typhos
tyrannosaurus:tyrannosaurus
ubmatrix:sardana
ucs-detect:ucs-detect
uglifyjs:uglify-js
ukbparse:ukbparse
ukbparse_compare_tables:ukbparse
ukbparse_demo:ukbparse
ukbparse_htmlparse:ukbparse
ukbparse_join:ukbparse
ulog2csv:pyulog
ulog_extract_gps_dump:pyulog
ulog_info:pyulog
ulog_messages:pyulog
ulog_params:pyulog
uncommitted:uncommitted
uncurl:uncurl
unhex:pwntools
unidecode:unidecode
unify:unify
unit2:unittest2
unittest2pytest:unittest2pytest
universions:universions
update:pwntools
updatecatalog:seispy
upload_zenodo:pyzenodo3
ur:spacy-lookups-data
urlchecker:urlchecker
ursabot:ursabot
userpath:userpath
usgs:usgs
utm2dem.py:hyp3lib
vasp_grid:vasppy
vasp_summary:vasppy
vcftutorials:orange3-singlecell
vcs:vcstool
vcs-branch:vcstool
vcs-bzr:vcstool
vcs-custom:vcstool
vcs-diff:vcstool
vcs-export:vcstool
vcs-git:vcstool
vcs-help:vcstool
vcs-hg:vcstool
vcs-import:vcstool
vcs-log:vcstool
vcs-pull:vcstool
vcs-push:vcstool
vcs-remotes:vcstool
vcs-status:vcstool
vcs-svn:vcstool
vcs-validate:vcstool
vcsh:vcsh
venv-pack:venv-pack
verdi:aiida-core
verify_opod.py:hyp3lib
version:pwntools
versioneer:versioneer
vipaccess:vipaccess
virtualenv:virtualenv
virtualenv-clone:virtualenv-clone
viz_server:xpdan
voila:voila
volk_modtool:volk-modtool
vose-sampler:vose-alias-method
vulture:vulture
vyper:vyper
vyper-json:vyper
vyper-lll:vyper
vyper-serve:vyper
wagtail:wagtail
waitress-serve:waitress
wakatime:wakatime
wanbd:wandb
wandb:wandb
wandb-docker-run:wandb
warc2warc:warctools
warcdump:warctools
warcextract:warctools
warcfilter:warctools
warcindex:warctools
warclinks:warctools
warcpayload:warctools
warcvalid:warctools
ward:ward
watchgod:watchgod
watchme:watchme
watchmedo:watchdog
waybackpack:waybackpack
wb:wandb
wddump:wetterdienst
wdf-export:renishaw_wire
wdl-aid:wdl-aid
wdl-packager:wdl-packager
weasyprint:weasyprint
webdrivermanager:webdrivermanager
webview:openmdao
wetterdienst:wetterdienst
what:pywhat
wheel:wheel
whip_csv:pywhip
whitebox:whitebox
windse:windse
windse_driver:windse
wingproj:openmdao
wms-tile-get:wms-tile-get
woodwork:woodwork
workdir:pyworkdir
workflows.validate_recipe:workflows
wormhole:magic-wormhole
wrapout:pwkit
ws-normalize:intensity-normalization
wt-tree:wrighttools
wwtdatatool:wwt_data_formats
xcover:nosexcover
xcube:xcube
xcube-gen:xcube
xcube-restime:xcube
xcube_standard:xcube
xdatcar_to_disp:vasppy
xdatcar_to_poscart:vasppy
xdatcar_to_rdf:vasppy
xdoctest:xdoctest
xenon:xenon
xenv:xenv
xls2json:dsconfig
xmldiff:xmldiff
xmlpatch:xmldiff
xnat_cp_project:xnat
xo:xo
xq:yq
xrspatial:xarray-spatial
xrt:xrt
xsdata:xsdata
yacron:yacron
yagmail:yagmail
yake:yake
yamale:yamale
yaml-lsp:yaml-lsp
yaml2cli:yaml2cli
yaml2ncml:yaml2ncml
yamllint:yamllint
yank:yank
yapf:yapf
yaq-traits:yaq-traits
yaqd:yaqd-control
yaqd:yaqd_control
yaqd-acton-2150i:yaqd-acton
yaqd-ads1115:yaqd-ti
yaqd-base:yaqd-core
yaqd-continuous-hardware:yaqd-core
yaqd-edaq-isopod:yaqd-edaq
yaqd-fake-continuous-hardware:yaqd-fakes
yaqd-fake-discrete-hardware:yaqd-fakes
yaqd-fake-has-turret:yaqd-fakes
yaqd-fake-sensor:yaqd-fakes
yaqd-fake-spectrometer:yaqd-fakes
yaqd-fake-triggered-sensor:yaqd-fakes
yaqd-gage-compuscope:yaqd-gage
yaqd-gdrive:yaqd-gdrive
yaqd-hardware:yaqd-core
yaqd-horiba-ihr320:yaqd-horiba
yaqd-horiba-micro-hr:yaqd-horiba
yaqd-lightcon-topas4-motor:yaqd-lightcon
yaqd-lightcon-topas4-shutter:yaqd-lightcon
yaqd-mcp3428:yaqd-microchip
yaqd-mcp9600:yaqd-microchip
yaqd-micro-hr:yaqd-horiba
yaqd-mqtt-homie-sensor:yaqd-mqtt
yaqd-new-era-ne1000:yaqd-new-era
yaqd-newport-conex-agp:yaqd-newport
yaqd-newport-smc100:yaqd-newport
yaqd-pmc:yaqd-pmc
yaqd-rgb-qmini:yaqd-rgb
yaqd-scpi-sensor:yaqd-scpi
yaqd-scpi-set-continuous:yaqd-scpi
yaqd-scpi-set-discrete:yaqd-scpi
yaqd-seabreeze:yaqd-seabreeze
yaqd-sensor:yaqd-core
yaqd-system-monitor:yaqd-system-monitor
yaqd-thorlabs-bsc201:yaqd-thorlabs
yaqd-thorlabs-bsc203:yaqd-thorlabs
yaqd-thorlabs-k10cr1:yaqd-thorlabs
yaqd-thorlabs-kdc101:yaqd-thorlabs
yaqd-thorlabs-kst101:yaqd-thorlabs
yaqd-thorlabs-lts150:yaqd-thorlabs
yaqd-thorlabs-lts300:yaqd-thorlabs
yaqd-vici-two-position:yaqd-vici
yaqd-wright-aerotech:yaqd-wright
yaqd-wright-filter-wheel:yaqd-wright
yaqd-wright-ingaas:yaqd-wright
yaqd-wright-wl-motor:yaqd-wright
yarn:yarn
yarn.cmd:yarn
yarn.js:yarn
yarnpkg:yarn
yarnpkg.cmd:yarn
you-get:you-get
youtube-dl:youtube-dl
youtube-to-anki:youtube-to-anki
youtube_transcript_api:youtube-transcript-api
yoyo:yoyo-migrations
yoyo-migrate:yoyo-migrations
yq:yq
zconfig:zconfig
zconfig_schema2html:zconfig
zenodo_get:zenodo_get
zeo-nagios:zeo
zeoctl:zeo
zeopack:zeo
zocalo.go:zocalo
zocalo.service:zocalo
zocalo.wrap:zocalo
zscore-normalize:intensity-normalization
