3digrid_explore:threedigrid
3digrid_export:threedigrid
G5check:goosehdf5
G5compare:goosehdf5
G5list:goosehdf5
G5repair:goosehdf5
GbibCheckAuthors:goosebib
GbibCheckLink:goosebib
GbibClean:goosebib
GbibList:goosebib
GbibParse:goosebib
GbibSelect:goosebib
GbibSelectAlias:goosebib
Lbglimpse:lbscriptslegacy
QSGenerateExcelSpreadSheet.py:psdm_qs_cli
QSGenerateJSON.py:psdm_qs_cli
QUBEKit:qubekit
QUBEKit-gui:qubekit
QUBEKit-pro:qubekit
SEIR:seir
SLC_copy_S1_fullSW.py:hyp3lib
Single Cell:orange3-singlecell
Text2Vest:fslpy
UTscapy:scapy
Vest2Text:fslpy
ablog:ablog
academic:academic
acme_diags:e3sm_diags
acpype:acpype
ads2inspire:ads2inspire
advbumpversion:advbumpversion
aiozmq-proxy:aiozmq
alchemical_analysis:alchemical-analysis
alembic:alembic
alphashape:alphashape
amicleaner:aws-amicleaner
anaconda:anaconda-client
anaconda-project:anaconda-project
anaconda-verify:anaconda-verify
analysis_server:xpdan
angreal:angreal
ansible-bender:ansible-bender
ansible-lint:ansible-lint
ansible-runner:ansible-runner
anyconfig_cli:anyconfig
aodh:aodhclient
apply_wb_mask.py:hyp3lib
arc2warc:warctools
archspec:archspec
argparse-manpage:argparse-manpage
arxiv-collector:arxiv-collector
asammdf:asammdf
asdftool:asdf
ase:ase
ase-build:ase
ase-db:ase
ase-gui:ase
ase-info:ase
ase-notebook.view_atoms:ase-notebook
ase-run:ase
assembly_stats:assembly_stats
astpretty:astpretty
astrotool:pwkit
astsearch:astsearch
atlasq:fslpy
atlasquery:fslpy
autoflake:autoflake
automat-visualize:automat
autopep8:autopep8
autowrap:autowrap
aws.rb:rb-aws-sdk-core
aws_okta_keyman:aws-okta-keyman
awslogs:awslogs
babelize:babelizer
backtrace:python-backtrace
bandit:bandit
bandit-baseline:bandit
bandit-config-generator:bandit
base58:base58
beautysh:beautysh
beempy:beem
benten-ls:benten
bert-score:bert_score
bert-score-show:bert_score
betse:betse
betsee:betsee
bigquery:pybigquery
bilby_convert_resume:bilby
bilby_pipe:bilby_pipe
bilby_pipe_analysis:bilby_pipe
bilby_pipe_create_injection_file:bilby_pipe
bilby_pipe_generation:bilby_pipe
bilby_pipe_gracedb:bilby_pipe
bilby_pipe_plot:bilby_pipe
bilby_pipe_plot_calibration:bilby_pipe
bilby_pipe_plot_corner:bilby_pipe
bilby_pipe_plot_marginal:bilby_pipe
bilby_pipe_plot_skymap:bilby_pipe
bilby_pipe_plot_waveform:bilby_pipe
bilby_pipe_pp_test:bilby_pipe
bilby_pipe_review:bilby_pipe
bilby_pipe_write_default_ini:bilby_pipe
bilby_pipe_xml_converter:bilby_pipe
bilby_plot:bilby
bilby_result:bilby
binner:pyaxiom
binpacking:binpacking
binstar:anaconda-client
birdy:birdy
black:black
blackbook:blackbook
blackd:black
blackd:blackd
blackdoc:blackdoc
blacken-docs:blacken-docs
blark:blark
blpk:bloscpack
bmi-test:bmi-tester
bmipy-render:bmipy
bn:spacy-lookups-data
boa:boa
bokeh-root-cmd:bokeh-root-cmd
bowler:bowler
browse:easydev
build-stack-docs:documenteer
buildbot:buildbot
buildbot-worker:buildbot-worker
bump2version:advbumpversion
bump2version:bump2version
bumps:bumps
bumpversion:advbumpversion
bumpversion:bump2version
bumpversion:bumpversion
bundle:rb-bundler
bundler:rb-bundler
byteSigmaScale.py:hyp3lib
ca:spacy-lookups-data
cairosvg:cairosvg
cake:coffeescript
calamari-cross-fold-train:calamari_ocr
calamari-eval:calamari_ocr
calamari-pred_to_json:calamari_ocr
calamari-predict:calamari_ocr
calamari-resume-training:calamari_ocr
calamari-train:calamari_ocr
calc-prorate:tempora
calculate_rmsd:rmsd
calliope:calliope
camelot:camelot-py
cancompare:canmatrix
canconvert:canmatrix
cantools:cantools
caproto-defaultdict-server:caproto
caproto-get:caproto
caproto-monitor:caproto
caproto-put:caproto
caproto-repeater:caproto
caproto-spoof-beamline:caproto
casatask:pwkit
cat-md:pandoctools
catkin_create_pkg:catkin_pkg
catkin_find_pkg:catkin_pkg
catkin_generate_changelog:catkin_pkg
catkin_package_version:catkin_pkg
catkin_prepare_release:catkin_pkg
catkin_tag_changelog:catkin_pkg
catkin_test_changelog:catkin_pkg
ccframe:cclib
ccget:cclib
ccwrite:cclib
cda:cclib
cde:chemdataextractor
cdp-distrib:cdp
cdsutils:cdsutils
celery:celery
certipy:certipy
cfchecks:cfchecker
cfgrib:cfgrib
cfn-flip:cfn-flip
cfn-lint:cfn-lint
cget:cget
chalice:pytest-chalice
change_tz:vobject
chardetect:chardet
check-manifest:check-manifest
checkcopyright:pyutilib
chembl_act:chembl_webresource_client
chembl_ids:chembl_webresource_client
chembl_m2t:chembl_webresource_client
chembl_sim:chembl_webresource_client
chembl_sub:chembl_webresource_client
chembl_t2m:chembl_webresource_client
chemex:chemex
cherryd:cherrypy
chevron:chevron
cinder:python-cinderclient
ciocheck:ciocheck
cleanlatex:ligotools-scripts
cliche:cliche
closure:closure
cm2html:recommonmark
cm2latex:recommonmark
cm2man:recommonmark
cm2pseudoxml:recommonmark
cm2xetex:recommonmark
cm2xml:recommonmark
cmake-annotate:cmake-format
cmake-annotate:cmake_format
cmake-format:cmake-format
cmake-format:cmake_format
cmake-genparsers:cmake-format
cmake-lint:cmake-format
cmakelint:cmakelint
cmark:commonmark
cmr:cmasher
coco:country_converter
codebraid:codebraid
codecov:codecov
codedeploy-agent:rb-aws-codedeploy-agent
codedeploy-local:rb-aws-codedeploy-agent
codespell:codespell
coffee:coffeescript
combine_features:geometric_features
compact:compaction
compiledb:compiledb
compliance-checker:compliance-checker
conan:conan
conan_build_info:conan
conan_server:conan
conda-build-all:conda-build-all
conda-devenv:conda-devenv
conda-docker:conda-docker
conda-execute:conda-execute
conda-gitenv:conda-gitenv
conda-lock:conda-lock
conda-mambabuild:boa
conda-merge:conda-merge
conda-mirror:conda-mirror
conda-pack:conda-pack
conda-server:anaconda-client
conda-smithy:conda-smithy
conda-suggest:conda-suggest
conda-tmpenv:conda-execute
conda-tree:conda-tree
conda-workon:conda-workon
conda-worktmp:conda-workon
condastats:condastats
conf_page_dumper:confluence-publisher
conf_page_maker:confluence-publisher
conf_publisher:confluence-publisher
connexion:connexion
console:rb-wisper
consolemd:consolemd
converge_geometry:custodian
converge_kpoints:custodian
convertfflcache.pl:ligotools-cache
convertlalcache.pl:ligotools-cache
convertldascache.sh:ligotools-cache
cookiecutter:cookiecutter
copy_metadata.py:hyp3lib
corral:corral-pipeline
couchdb-dump:python-couchdb
couchdb-load:python-couchdb
couchdb-load-design-doc:python-couchdb
couchdb-replicate:python-couchdb
couchpy:python-couchdb
coursera-dl:coursera-dl
coverage-badge:coverage-badge
coverage-fixpaths:coverage-fixpaths
coveralls:coveralls
coveralls:python-coveralls
cox-tensorboard:cox
cpplint:cpplint
cpr:conda-prefix-replacement
cpuinfo:py-cpuinfo
create-wrappers:exec-wrappers
createAmp.py:hyp3lib
createframecache.pl:ligotools-cache
credstash:credstash
crepe:crepe
crispy:crispy
cruft:cruft
cssmin:cssmin
cstdn:custodian
csv2rdf:neurdflib
csvclean:csvkit
csvcut:csvkit
csvformat:csvkit
csvgrep:csvkit
csvjoin:csvkit
csvjson:csvkit
csvlook:csvkit
csvpy:csvkit
csvsort:csvkit
csvsql:csvkit
csvstack:csvkit
csvstat:csvkit
ctest-to:cmake-format
cull_idle_servers.py:jupyterhub-idle-culler
cursor_hide:cursor
cursor_show:cursor
cutGeotiffs.py:hyp3lib
cutGeotiffsByLine.py:hyp3lib
cwinpy_knope:cwinpy
cwinpy_knope_dag:cwinpy
cwinpy_knope_generate_pp_plots:cwinpy
cwinpy_pe:cwinpy
cwinpy_pe_dag:cwinpy
cwinpy_pe_generate_pp_plots:cwinpy
cwl-explode:cwlformat
cwl-format:cwlformat
cwl-runner:cwl_runner
cwltool:cwltool
cytominer-database:cytominer_database
czi2tif:czifile
czifile:czifile
da:spacy-lookups-data
dagit:dagit
dagit-cli:dagit
dagit-debug:dagit
dagster-airflow:dagster-airflow
dagster-aws:dagster-aws
dagster-aws:dagster_aws
dagster-celery:dagster-celery
dagster-graphql:dagster-graphql
dagster-graphql:dagster_graphql
dagstermill:dagstermill
daphne:daphne
darglint:darglint
dask-drmaa:dask-drmaa
dask-ec2:dask-ec2
dask-ecs:dask-cloudprovider
dask-mpi:distributed
dask-remote:distributed
dask-scheduler:distributed
dask-ssh:distributed
dask-submit:distributed
dask-worker:distributed
databricks:databricks-cli
datacube:datacube
datacube-fixer:datacube
datacube-ncml:datacube
datacube-search:datacube
datacube-stacker:datacube
datacube-worker:datacube
dataframe_image:dataframe_image
datalad:datalad
datapackage:datapackage
datapane:datapane
datapkg_to_sqlite:catalystcoop.pudl
datashader:datashader
dateadd:dateutils
datediff:dateutils
db_server:xpdan
dbfs:databricks-cli
de:spacy-lookups-data
deid:deid
dem2isce.py:hyp3lib
depfinder:depfinder
descarteslabs:descarteslabs
dials.data:dials-data
diceware:diceware
diff-cover:diff-cover
diff-quality:diff-cover
difference_features:geometric_features
diffoscope:diffoscope
dir2pi:pip2pi
diraccfg:diraccfg
dispatch_srvr:pyutilib
distro:distro
django-admin:django
django-admin:libcomcat
dmf-chip:dmf-chip
dmyp:mypy
dmypy:mypy
doc2dash:doc2dash
doc8:doc8
docformatter:docformatter
doctr:doctr
doctr-versions-menu:doctr-versions-menu
doesitcache:cachecontrol
dog:datadog
dogwrap:datadog
doppel-describe:doppel-cli
doppel-test:doppel-cli
dotenv:python-dotenv
dotenv:rb-dotenv
download_analysis_data:mpas-analysis
download_natural_earth_110m:mpas-analysis
dp-runner:datapane
dpgen:dpgen
dramatiq:dramatiq
draw_polygon_on_raster.py:hyp3lib
dsc:dsc
dsc-io:dsc
dsc-query:dsc
dsl-compile:kfp
dtale:dtale
dtool_publish_dataset:dtool_http
dtool_serve_directory:dtool_http
dw:datadotworld-py
dxfaudit:ezdxf
dxfpp:ezdxf
e3sm_diags:e3sm_diags
e3sm_diags_vars:e3sm_diags
earthengine:earthengine-api
earthsim:earthsim
easydev_buildPackage:easydev
ecp-cert-info:ciecplib
ecp-curl:ciecplib
ecp-get-cert:ciecplib
ecp-get-cookie:ciecplib
edit-distance:edit_distance
eido:eido
eio:elevation
el:spacy-lookups-data
elastic:elastic
element.py:mendeleev
eliot-tree:eliot-tree
elyra-metadata:elyra
em_bright_categorize:p_astro
em_bright_dag_writer:p_astro
em_bright_extract:p_astro
em_bright_join:p_astro
em_bright_train:p_astro
email_validator:email-validator
email_validator:email_validator
en:spacy-lookups-data
enh_lee_filter.py:hyp3lib
ensureconda:ensureconda
envs:envs
eof:sentineleof
epacems_to_parquet:catalystcoop.pudl
ephyviewer:ephyviewer
es:spacy-lookups-data
esmcol-validator:esmcol-validator
espei:espei
esprima:esprima-python
ete3:ete3
evalml:evalml-core
evalml:evaml-core
evv:evv4esm
executor:executor
extendDateline.py:hyp3lib
extract-to-scalar:paintera-conversion-helper
extract_noise:fslpy
fa:spacy-lookups-data
fab:fabric
fab:fabric3
fabmanager:flask-appbuilder
face_detection:face_recognition
face_recognition:face_recognition
faker:faker
fanstatic-compile:fanstatic
fast_dp:fast_dp
fast_rdp:fast_dp
fastep:fastentrypoints
featuretools:featuretools
feedstocks:conda-smithy
ferc1_to_sqlite:catalystcoop.pudl
fermipy-analyze-roi:fermipy
fermipy-analyze-roi-sg:fermipy
fermipy-analyze-sed:fermipy
fermipy-analyze-sed-sg:fermipy
fermipy-assemble-model:fermipy
fermipy-assemble-model-sg:fermipy
fermipy-astroserver:fermipy
fermipy-catalog-comp-chain:fermipy
fermipy-clone-configs:fermipy
fermipy-cluster-sources:fermipy
fermipy-coadd:fermipy
fermipy-coadd-split:fermipy
fermipy-coadd-split-sg:fermipy
fermipy-collect-sed:fermipy
fermipy-collect-sed-sg:fermipy
fermipy-collect-sources:fermipy
fermipy-copy-base-roi:fermipy
fermipy-copy-base-roi-sg:fermipy
fermipy-diffuse-analysis:fermipy
fermipy-diffuse-comp-chain:fermipy
fermipy-dispatch:fermipy
fermipy-file-archive:fermipy
fermipy-flux-sensitivity:fermipy
fermipy-gather-srcmaps:fermipy
fermipy-gather-srcmaps-sg:fermipy
fermipy-gethdutype:fermipy
fermipy-gtexcube2-sg:fermipy
fermipy-gtexpcube2wcs-sg:fermipy
fermipy-gtexphpsun-sg:fermipy
fermipy-gtltsum-sg:fermipy
fermipy-gtsuntemp-sg:fermipy
fermipy-healview:fermipy
fermipy-healview-sg:fermipy
fermipy-init-model:fermipy
fermipy-intensity-map:fermipy
fermipy-job-archive:fermipy
fermipy-merge-srcmaps:fermipy
fermipy-merge-srcmaps-sg:fermipy
fermipy-merit-response:fermipy
fermipy-merit-skimmer:fermipy
fermipy-plot-castro:fermipy
fermipy-plot-castro-sg:fermipy
fermipy-preprocess:fermipy
fermipy-quick-analysis:fermipy
fermipy-random-dir-gen:fermipy
fermipy-random-dir-gen-sg:fermipy
fermipy-residual-cr:fermipy
fermipy-residual-cr-chain:fermipy
fermipy-residual-cr-sg:fermipy
fermipy-run-tempo:fermipy
fermipy-select:fermipy
fermipy-simulate-roi:fermipy
fermipy-simulate-roi-sg:fermipy
fermipy-split-and-bin:fermipy
fermipy-split-and-bin-chain:fermipy
fermipy-split-and-bin-sg:fermipy
fermipy-split-and-mktime:fermipy
fermipy-split-and-mktime-chain:fermipy
fermipy-split-and-mktime-sg:fermipy
fermipy-srcmaps-catalog:fermipy
fermipy-srcmaps-catalog-sg:fermipy
fermipy-srcmaps-diffuse:fermipy
fermipy-srcmaps-diffuse-sg:fermipy
fermipy-sum-ring-gasmaps-sg:fermipy
fermipy-sunmoon-chain:fermipy
fermipy-validate:fermipy
fermipy-vstack:fermipy
fermipy-vstack-diffuse-sg:fermipy
fermipy-wcsview:fermipy
filesdb:filesdb
find-kedro:find-kedro
findid:libcomcat
fix_features_at_antimeridian:geometric_features
flake8:flake8
flake8-colors:flake8-colors
flake8-nb:flake8-nb
flake8-rst:flake8-rst
flake8_nb:flake8-nb
flask:flask
flaskswagger:flask-swagger
flexx:flexx
flit:flit
flow:signac-flow
fluent-binlog-reader:rb-fluentd
fluent-ca-generate:rb-fluentd
fluent-cat:rb-fluentd
fluent-debug:rb-fluentd
fluent-gem:rb-fluentd
fluent-plugin-config-format:rb-fluentd
fluent-plugin-generate:rb-fluentd
fluentd:rb-fluentd
fluidcluster-help:fluiddyn
fluiddocset:fluiddyn
fluiddump:fluiddyn
fluidinfo:fluiddyn
fluidmat2py:fluiddyn
fluidnbstripout:fluiddyn
fonttools:fonttools
fparser2:fparser
fr:spacy-lookups-data
freegenes:freegenes
frictionless:frictionless
frosted:frosted
fsdump:zodb
fsl_abspath:fslpy
fsl_apply_x5:fslpy
fsl_convert_x5:fslpy
fsl_ents:fslpy
fsleyes:fsleyes
fsoids:zodb
fsrefs:zodb
fstail:zodb
ftfy:ftfy
funpack:fmrib-unpack
funpack_demo:fmrib-unpack
fypp:fypp
gcovr:gcovr
gdown:gdown
geeadd:geeadd
geehydro:geehydro
geemap:geemap
gemoji:rb-gemoji
gen_client:google-apitools
generate-paintera-bash-completion:paintera
genson:genson
geobuf:geobuf
geocode:geocoder
geocube:geocube
geodb:xcube_geodb
geojsonio:geojsonio
geomet:geomet
geometric-optimize:geometric
geotiff_lut.py:hyp3lib
geotransform_footprints:solaris
geoviews:geoviews-core
get-image-size:opsdroid-get-image-size
getDemFor.py:hyp3lib
getNightlyRefs:lbscriptslegacy
get_asf.py:hyp3lib
get_bounding.py:hyp3lib
get_dem.py:hyp3lib
get_orb.py:hyp3lib
getcsv:libcomcat
geteventhist:libcomcat
getmags:libcomcat
getpager:libcomcat
getphases:libcomcat
getproduct:libcomcat
gettext-extract:jupyterlab-translate
ggrc:ginga
ghp-import:ghp-import
gilt:python-gilt
ginga:ginga
girder-cli:girder-client
gist:python-gist
git-annex-remote-datalad:datalad
git-annex-remote-datalad-archives:datalad
git-annex-remote-googledrive:git-annex-remote-googledrive
git-fame:git-fame
git-lb-checkout:lbdevtools
git-lb-clone-pkg:lbdevtools
git-lb-push:lbdevtools
git-lb-use:lbdevtools
git-nbdiffdriver:nbdime
git-nbdifftool:nbdime
git-nbmergedriver:nbdime
git-nbmergetool:nbdime
git-pull-request:git-pull-request
github-pages:rb-github-pages
gitlab:python-gitlab
gitpuller:nbgitpuller
gj2ascii:gj2ascii
glance:python-glanceclient
glances:glances
gli:rb-gli
gliderdac:cc-plugin-glider
globus:globus-cli
glom:glom
glotaran:pyglotaran
google-oauthlib-tool:google-auth-oauthlib
gprof2dot:gprof2dot
gpsclock:ligotools-tconvert
gpstime:gpstime
gpustat:gpustat
gracedb:ligo-gracedb
gracedb_legacy:ligo-gracedb
grayskull:grayskull
great_expectations:great-expectations
greyskull:grayskull
gridio:gridgeo
gridtest:gridtest
grin:grin
grind:grin
grunt:grunt
gsheetsdb:gsheetsdb
gsutil:gsutil
gulp:gulp
gw_data_find:gwdatafind
gwcelery:gwcelery
gwpy-plot:gwpy
gwtrigfind:gwtrigfind
handlebars:handlebars.js
happi:happi
hdfscli:python-hdfs
hdfscli-avro:python-hdfs
heudiconv:heudiconv
heudiconv_monitor:heudiconv
hg-nbdiff:nbdime
hg-nbdiffweb:nbdime
hg-nbmerge:nbdime
hg-nbmergeweb:nbdime
hist:bashplotlib
hist:hist
histoprint:histoprint
holoviews:holoviews
hookee:hookee
hookman:python-hookman
hpccm:hpccm
hr:spacy-lookups-data
htmap:htmap
html-index:orange3-singlecell
html2text:html2text
htmlmin:htmlmin
htmlproofer:rb-html-proofer
hu:spacy-lookups-data
huey_consumer:huey
humanfriendly:humanfriendly
hupper:hupper
hypercorn:hypercorn
hyperspyui:hyperspyui
hypnotoad-gui:hypnotoad
hypnotoad_geqdsk:hypnotoad
hypnotoad_torpex:hypnotoad
iapsg:apsg
ibrowse:easydev
icdiff:icdiff
ics_diff:vobject
id:spacy-lookups-data
identify-cli:identify
ietf-leap-seconds:gpstime
igorbinarywave:igor
igorpackedexperiment:igor
image_to_iq:xpdtools
imageio_download_bin:imageio
imageio_remove_bin:imageio
imcp:fslpy
imglob:fslpy
imln:fslpy
immv:fslpy
import-timeseries:ixmp
imrm:fslpy
imtest:fslpy
imtool:pwkit
in2csv:csvkit
inline-html:inline-html
inspiral-range:inspiral-range
intake:intake
intake-server:intake
intensity_server:xpdan
interrogate:interrogate
inv:invoke
invoke:invoke
iota:iota
iota.filter_pickles:iota
iota.run:iota
iota.single_image:iota
iota.track_images:iota
ipdb:ipdb
ipubpandoc:ipypublish
ipynb-py-convert:ipynb-py-convert
iscan:iscan
iscegeo2geotif.py:hyp3lib
isodatetime:metomi-isodatetime
issho:issho
it:spacy-lookups-data
ixmp:ixmp
ixmp-config:ixmp
j2:j2cli
jcache:jupyter-cache
jdiff:jsondiff
jekyll:rb-jekyll
jhsingle-native-proxy:jhsingle-native-proxy
jirashell:jira
jlpm:jupyterlab
jobs_done:jobs_done10
jp2dump:glymur
jsondiff:jsondiff
jsonpath.py:jsonpath-ng
jsonrpc:jsonrpcclient
jt:jupyterthemes
jug:jug
jump:jump
jupytab:jupytab-server
jupyter:jupyter_core
jupyter-console:jupyter_console
jupyter-contrib:jupyter_contrib_core
jupyter-enterprisegateway:jupyter_enterprise_gateway
jupyter-kernel:jupyter_client
jupyter-kernelgateway:jupyter_kernel_gateway
jupyter-kernelspec:jupyter_client
jupyter-lab:jupyterlab
jupyter-labextension:jupyterlab
jupyter-labhub:jupyterlab
jupyter-migrate:jupyter_core
jupyter-nbclassic:nbclassic
jupyter-nbconvert:nbconvert
jupyter-nteract:nteract_on_jupyter
jupyter-qtconsole:qtconsole
jupyter-repo2docker:jupyter-repo2docker
jupyter-run:jupyter_client
jupyter-theme:jupyterthemes
jupyter-themer:jupyter-themer
jupyter-troubleshoot:jupyter_core
jupyter-trust:nbformat
jupyter_to_medium:jupyter_to_medium
jupyterhub-idle-culler:jupyterhub-idle-culler
jupyterlab-translate:jupyterlab-translate
jupytext:jupytext
kedro:kedro
kernda:kernda
kfp:kfp
kinparse:kinparse
knitty:knitty
knockknock:knockknock
knotedown:knitty
knotr:knitty
kramdown:rb-kramdown
label-maker:label-maker
labours:labours
lambda-builders:aws_lambda_builders
lantz:lantz
lantz-config:lantz
lantz-ino:lantz
lantz-qtdemo:lantz
lantz-sims:lantz
larray-editor:larray-editor
lascopy:laspy
lasexplorer:laspy
lasnoise:laspy
lasvalidate:laspy
lasverify:laspy
lasviewer:laspy
latex2text:pylatexenc
latexencode:pylatexenc
latexwalker:pylatexenc
lb-add-copyright:lbdevtools
lb-ap:lbaplocal
lb-check-copyright:lbdevtools
lb-clang-format:lbdevtools
lb-completion-helper:lbenv
lb-conda:lbcondawrappers
lb-conda-dev:lbcondawrappers
lb-create-all-lcg-meta-specs:lbadmin
lb-create-one-lcg-meta-spec:lbadmin
lb-debug-platform:lbplatformutils
lb-deployment-updatesdb:lbadmin
lb-describe-platform:lbplatformutils
lb-dev:lbdevtools
lb-devtools-datadir:lbdevtools
lb-dirac:lbdiracwrappers
lb-export-project-info:lbadmin
lb-format:lbdevtools
lb-gen-release-notes:lbdevtools
lb-glimpse:lbdevtools
lb-host-binary-tag:lbplatformutils
lb-project-init:lbdevtools
lb-release-rpm:lbadmin
lb-resync-meta-info-repos:lbadmin
lb-run:lbenv
lb-sdb-add-platform:lbsoftconfdb2clients
lb-sdb-add-project:lbsoftconfdb2clients
lb-sdb-buildtool:lbsoftconfdb2clients
lb-sdb-deletepv:lbsoftconfdb2clients
lb-sdb-dumpprojects:lbsoftconfdb2clients
lb-sdb-generateVersionJSON:lbsoftconfdb2clients
lb-sdb-import:lbsoftconfdb2clients
lb-sdb-query:lbsoftconfdb2clients
lb-sdb-release:lbsoftconfdb2clients
lb-sdb-setprojectprop:lbsoftconfdb2clients
lb-sdb-setpvprop:lbsoftconfdb2clients
lbin:pyutilib
lbinstall:lbinstall
lbn-ansi2html:lbnightlytools
lbn-build:lbnightlytools
lbn-build-legacy:lbnightlytools
lbn-build-log-to-html:lbnightlytools
lbn-check-config:lbnightlytools
lbn-check-preconditions:lbnightlytools
lbn-checkout:lbnightlytools
lbn-checkout-legacy:lbnightlytools
lbn-collect-build-logs:lbnightlytools
lbn-enabled-slots:lbnightlytools
lbn-gen-release-config:lbnightlytools
lbn-generate-compatspec:lbnightlytools
lbn-generate-do0spec:lbnightlytools
lbn-generate-extspec:lbnightlytools
lbn-generate-genericspec:lbnightlytools
lbn-generate-lbscriptsspec:lbnightlytools
lbn-generate-metaspec:lbnightlytools
lbn-generate-spec:lbnightlytools
lbn-get-new-refs:lbnightlytools
lbn-gitlab-mr:lbnightlytools
lbn-index:lbnightlytools
lbn-install:lbnightlytools
lbn-list-platforms:lbnightlytools
lbn-preconditions:lbnightlytools
lbn-release-poll:lbnightlytools
lbn-release-trigger:lbnightlytools
lbn-reschedule-tests:lbnightlytools
lbn-rpm:lbnightlytools
lbn-rpm-validator:lbnightlytools
lbn-slots-by-deployment:lbnightlytools
lbn-test:lbnightlytools
lbn-test-legacy:lbnightlytools
lbn-test-poll:lbnightlytools
lbp-check-periodic-tests:lbnightlytools
lbp-check-periodic-tests-msg:lbnightlytools
lbpr-get-command:lbnightlytools
lbq-builddone:lbnightlytools
lbq-buildnotif:lbnightlytools
lbq-getteststorun:lbnightlytools
lbq-requesttest:lbnightlytools
lbtarrpmcompare:lbinstall
lbyumcheck:lbinstall
lcgyumcheck:lbinstall
ldap:ldap
legit:legit
lektor:lektor
lessc:less.js
lesscpy:lesscpy
lhcb-proxy-info:lbdiracwrappers
lhcb-proxy-init:lbdiracwrappers
lidar:lidar
listen:rb-listen
lit:lit
livereload:livereload
livv:livvkit
livy:livy-submit
locust:locust
locust:locustio
loghub:loghub
loghub-labels:loghub
long_description_markdown_filename:setuptools_markdown
lpython:pyutilib
lsdtt-burn2csv:lsdtopytools
lsdtt-chi-tools:lsdtopytools
lsdtt-concFFS:lsdtopytools
lsdtt-concFFS-multiple:lsdtopytools
lsdtt-concFFS-single:lsdtopytools
lsdtt-concFFS-spawn-outlets:lsdtopytools
lsdtt-concFFS-spawn-subbasins:lsdtopytools
lsdtt-concavity-down-to-top:lsdtopytools
lsdtt-concavity-tools:lsdtopytools
lsdtt-csv-conversions:lsdtopytools
lsdtt-depressions:lsdtopytools
lsdtt-extract-single-river:lsdtopytools
lsdtt-hypsometry:lsdtopytools
lsdtt-plotalltifs:lsdtopytools
lsdtt-polyfits:lsdtopytools
lsdtt-remove-seas:lsdtopytools
lsdtt-topomap:lsdtopytools
lsm2bin:tifffile
lt:spacy-lookups-data
lucid:lucid
lunar-find:lunarcalendar
lvalert:ligo-lvalert
lvalert:sleek-lvalert
lyricsmaster:lyricsmaster
m2r:m2r
m2r2:m2r2
maestral:maestral
magnum:python-magnumclient
makeAsfBrowse.py:hyp3lib
makeChangeBrowse.py:hyp3lib
makeColorPhase.py:hyp3lib
makeKml.py:hyp3lib
make_arc_thumb.py:hyp3lib
make_cogs.py:hyp3lib
make_graphs:solaris
make_masks:solaris
mako-render:mako
manila:python-manilaclient
margins:xlutils
markdown-it:markdown-it-py
markdown-it-bench:markdown-it-py
markdown2:markdown2
markdown_py:markdown
mask_to_polygons:solaris
max-rect:maxrect
md_toc:md-toc
memestra:memestra
memestra-cache:memestra
mercantile:mercantile
merge_features:geometric_features
mesa:mesa
meshio-convert:meshio
meshio-info:meshio
message-ix:message-ix
messageix-config:message-ix
messageix-dl:message-ix
metaflow:metaflow
minitar:rb-archive-tar-minitar
miniwdl:miniwdl
mistletoe:mistletoe-ebp
mistletoe-bench:mistletoe-ebp
mkdocs:mkdocs
mlconjug:mlconjug
mlflow:mlflow
mmd:model_metadata
mmd-dump:model_metadata
mmd-find:model_metadata
mmd-install:model_metadata
mmd-query:model_metadata
mmd-stage:model_metadata
mne_bids:mne-bids
mnelab:mnelab
mnx-assets:metanetx-assets
mnx-post:metanetx-post
mnx-sdk:metanetx-sdk
mock_runcry17:aiida-crystal17
modulegraph:modulegraph
molecule:molecule
monkeytype:monkeytype
moses-detokenizer:mosestokenizer
moses-punct-normalizer:mosestokenizer
moses-sent-splitter:mosestokenizer
moses-tokenizer:mosestokenizer
moto_server:moto
mpas_analysis:mpas-analysis
mprof:memory_profiler
mrjob:mrjob
mrjob-3:mrjob
mrjob-3.6:mrjob
ms:metsim
msnoise:msnoise
mss:python-mss
mu:mu_repo
multigit:easydev
multimech-gridgui:multi-mechanize
multimech-newproject:multi-mechanize
multimech-run:multi-mechanize
mutatest:mutatest
mv_regex:mv_regex
mycli:mycli
mypy:mypy
myst-benchmark:myst-parser
napari:napari
natsort:natsort
nb:spacy-lookups-data
nbautoexport:nbautoexport
nbblack:nbcommands
nbbrowserpdf:nbbrowserpdf
nbcat:nbcommands
nbdiff:nbdime
nbdiff-web:nbdime
nbdime:nbdime
nbgrep:nbcommands
nbhead:nbcommands
nbjuniper:nbjuniper
nblibdoc:robotkernel
nbmerge:nbdime
nbmerge-web:nbdime
nbpresent:ipypublish
nbpublish:ipypublish
nbrobot:robotkernel
nbrr:nbrr
nbshow:nbdime
nbstripout:nbstripout
nbtail:nbcommands
nbtouch:nbcommands
ncdiff:recursive_diff
ncem2png:ncempy
ndg_httpclient:ndg-httpsclient
neptune:neptune-client
neptune_notebooks:neptune-notebooks
netlist_to_skidl:skidl
neurosynchro:neurosynchro
neurotic:neurotic
nexpy:nexpy
nexusformat:nexusformat
ngrok:pyngrok
nib-conform:nibabel
nib-dicomfs:nibabel
nib-diff:nibabel
nib-ls:nibabel
nib-nifti-dx:nibabel
nib-tck2trk:nibabel
nib-trk2tck:nibabel
nionswift:nionswift
nionui:nionui
nl:spacy-lookups-data
nodeenv:nodeenv
nose2:nose2
nose2-3.6:nose2
notedown:notedown
nova:python-novaclient
nox:nox
nr:nr.cli
nspyre:nspyre
nspyre-config:nspyre
nspyre-inserv:nspyre
nspyre-mongodb:nspyre
nuitka:nuitka
nuitka-run:nuitka
nvd3:python-nvd3
nwebassets:webassets
nxduplicate:nexusformat
nxstack:nexusformat
offset_xml.py:hyp3lib
oidc-register:flask-oidc
omicron-hdf5-merge:pyomicron
omicron-process:pyomicron
omicron-root-merge:pyomicron
omicron-show:pyomicron
omicron-status:pyomicron
open-fonts-css:py-open-fonts
openapi-spec-validator:openapi-spec-validator
openmdao:openmdao
openpathsampling:openpathsampling-cli
opensesame:opensesame
opensesamerun:opensesame
openstack:python-openstackclient
openstack-inventory:openstacksdk
opsdroid:opsdroid
optuna:optuna
orator:orator
orca:plotly-orca
orca-server:orca
osf:osfclient
osprofiler:osprofiler
owlrl:owlrl
p2cif:pdielec
p_astro_compute_means:p_astro
p_astro_histogram_by_bin:p_astro
pabot:robotframework-pabot
package-docs:documenteer
paintera:paintera
paintera-conversion-helper:paintera-conversion-helper
paintera-convert:paintera-conversion-helper
paintera-show-container:paintera
pandoc-filter-arg:knitty
pandoc-filter-arg:pandoctools
pandoctools:pandoctools
pandoctools-ready:pandoctools
pandoctools-resolve:pandoctools
panel:panel
panfl:panflute
panflute:panflute
papermill:papermill
param:earthsim
parrec2nii:nibabel
parsl-globus-auth:parsl
patch-ng:patch-ng
pbr:pbr
pcreate:pyramid
pdb2pqr_cli:htmd-pdb2pqr
pdb2pqr_cli:pdb2pqr_htmd_propka30
pdcompare:pdielec
pdfcombine:pdfcombine
pdfmorph:diffpy.pdfmorph
pdfnofonts:pdfnofonts
pdfshrink:pdfshrink
pdgui:pdielec
pdistreport:pyramid
pdoc:pdoc3
pdoc3:pdoc3
peak_server:xpdan
pelican:pelican
pelican-import:pelican
pelican-quickstart:pelican
pelican-themes:pelican
pep8:pep8
pewtwo:pipenv
pfinterp:pyfesom2
pfplot:pyfesom2
pgcli:pgcli
pheasant:pheasant
pio:platformio
piodebuggdb:platformio
pip:pip
pip-compile:pip-tools
pip-sync:pip-tools
pip2pi:pip2pi
pip2tgz:pip2pi
pip3:pip
pipdeptree:pipdeptree
pipenv:pipenv
pipenv-resolver:pipenv
pipreqs:pipreqs
pj:javascripthon
pkcasascript:pwkit
pkenvtool:pwkit
pkginfo:pkginfo
planet:planet
platformio:platformio
plip:plip
plot_features:geometric_features
plotlydash-tornado-cmd:plotlydash-tornado-cmd
png2mp4:pysw4
podman-compose:podman-compose
poly-intersect:maxrect
portable_db_server:xpdan
post-knitty:knitty
potranslator:potranslator
pre-commit:pre_commit
pre-commit-mirror:pre-commit-mirror-maker
pre-commit-validate-config:pre_commit
pre-commit-validate-manifest:pre_commit
pre-knitty:knitty
pre-sugartex:sugartex
preader:pdielec
prefect:prefect
prequest:pyramid
prism:cfg-cli
profimp:profimp
propka31:propka
proselint:proselint
prospector:prospector
proutes:pyramid
ps2dem.py:hyp3lib
pserve:pyramid
pshell:pyramid
psm:parsim
psm_dakota_driver:parsim
pt:spacy-lookups-data
ptable:ptable
ptangle:pweave
ptvpy:ptvpy
ptweens:pyramid
pudb:pudb
pudl_data:catalystcoop.pudl
pudl_etl:catalystcoop.pudl
pudl_setup:catalystcoop.pudl
putup:pyscaffold
pviews:pyramid
pweave:pweave
pweave-convert:pweave
px42csv:px4tools
py:pyflyby
py-mathjax-path:py-mathjax
py.test:pytest
py2neo:py2neo
py2swagger:py2swagger
py3:pyflyby
py4DSTEM:py4dstem
pySW4-create-plots:pysw4
pySW4-plot-image:pysw4
pyaeroeval:pyaerocom
pyaerotrends:pyaerocom
pybabel:babel
pybidi:python-bidi
pyboat:pyboat
pycodestyle:pycodestyle
pycondor:pycondor
pydm:pydm
pydocstyle:pydocstyle
pydruid:pydruid
pydv:pydv
pyemma_tutorials:pyemma_tutorials
pyfeeds:fsl-pyfeeds
pyfiglet:pyfiglet
pyflakes:pyflakes
pyflow:pyflow
pyftinspect:fonttools
pyftmerge:fonttools
pyftpdlib:pyftpdlib
pyftsubset:fonttools
pygcn-listen:pygcn
pygcn-serve:pygcn
pygeoapi:pygeoapi
pygeometa:pygeometa
pyglotaran:pyglotaran-alias
pygmentize:pygments
pyhf:pyhf
pyhocon:pyhocon
pyinstrument:pyinstrument
pyiron:pyiron_base
pyjson5:json5
pyjwt:pyjwt
pykwalify:pykwalify
pylama:pylama
pyls:python-language-server
pymedphys:pymedphys
pymodbus.console:pymodbus
pymorphy:pymorphy2
pyngrok:pyngrok
pyperformance:performance
pypi_downloads:pyutilib
pyppdf:pyppdf
pyppdf-replace-mathjax:pyppdf
pyppeteer-install:pyppeteer
pyprof2calltree:pyprof2calltree
pypublish:pweave
pypugjs:pypugjs
pyqode-console:pyqode.core
pyquil-config-setup:pyquil
pyro4-check-config:pyro4
pyro4-flameserver:pyro4
pyro4-httpgateway:pyro4
pyro4-ns:pyro4
pyro4-nsc:pyro4
pyro4-test-echoserver:pyro4
pyro5-check-config:pyro5
pyro5-echoserver:pyro5
pyro5-httpgateway:pyro5
pyro5-ns:pyro5
pyro5-nsc:pyro5
pyroma:pyroma
pyrsa-decrypt:rsa
pyrsa-decrypt-bigfile:rsa
pyrsa-encrypt:rsa
pyrsa-encrypt-bigfile:rsa
pyrsa-keygen:rsa
pyrsa-priv2pub:rsa
pyrsa-sign:rsa
pyrsa-verify:rsa
pysemver:semver
pyshacl:pyshacl
pyspark_yarn_client_conda:spylon
pyspark_yarn_cluster_conda:spylon
pystache:pystache
pystache-test:pystache
pytail:tailer
pyterate:pyterate
pyterate-rst-api:pyterate
pytesseract:pytesseract
pytest:pytest
pytest-bdd:pytest-bdd
pytest-check-links:pytest-check-links
python-barcode:python-barcode
python-codacy-coverage:codacy-coverage
python-modernize:modernize
python-smp:smp
pytmc:pytmc
pyupgrade:pyupgrade
pyutilib_test_driver:pyutilib
pyvol:bio-pyvol
pyxrf:pyxrf
qarrayrun:qarrayrun
qcfractal-dashboard:qcfractal
qcfractal-manager:qcfractal
qcfractal-server:qcfractal
qcfractal-template:qcfractal
qiime2.plugins:mmvec
qiime2.plugins:rhapsody
qme:qme
qoi_server:xpdan
qr:qrcode
qtpy-uic:qtpy-uic
qtsass:qtsass
quart:quart
qubekit:qubekit
quetz-client:quetz-client
quick_add_keys_to_file.py:msumastro
radon:radon
rafem:rafem
rasterMask.py:hyp3lib
raster_boundary2shape.py:hyp3lib
raven:raven
rdf2dot:neurdflib
rdfgraphisomorphism:neurdflib
rdfpipe:neurdflib
rdfs2dot:neurdflib
rebot:robotframework
records:records
redbiom:redbiom
reducer:reducer
refresh-lsst-bib:documenteer
regex-replace:pandoctools
rehttpfs:htmllistparse
remove_ext:fslpy
removestar:removestar
render:fsleyes
replacecopyright:pyutilib
repo2docker:jupyter-repo2docker
repozo:zodb
requirements-compare:pcdsutils
requirements-from-conda:pcdsutils
resample_geotiff.py:hyp3lib
resample_image:fslpy
responder:responder
restructuredtext-lint:restructuredtext_lint
restview:restview
retrieve_config:atomic-hpc
retriever:retriever
retry:redo
retype:retype
reuse:fsfe-reuse
reuse:reuse
rever:rever
rfi-file-monitor:rfi-file-monitor
rflint:robotframework-lint
rioscalcstats.py:rios
riosprintstats.py:rios
ro:spacy-lookups-data
robot:robotframework
robotframework_ls:robotframework-lsp
roifile:roifile
rollbar:rollbar
rosinstall_generator:rosinstall_generator
roslibpy:roslibpy
rosversion:rospkg
rougify:rb-rouge
rq:rq
rqinfo:rq
rqworker:rq
rshiny-server-cmd:rshiny-server-cmd
rst-lint:restructuredtext_lint
rst2pdf:rst2pdf
rstcheck:rstcheck
rtc2color.py:hyp3lib
rtc2colordiff.py:hyp3lib
rteqcorrscan-bench:rt-eqcorrscan
rteqcorrscan-build-db:rt-eqcorrscan
rteqcorrscan-config:rt-eqcorrscan
rteqcorrscan-reactor:rt-eqcorrscan
rteqcorrscan-real-time-match:rt-eqcorrscan
rteqcorrscan-simulation:rt-eqcorrscan
run_astrometry.py:msumastro
run_config:atomic-hpc
run_nwchem:custodian
run_om_test:openmdao
run_patch.py:msumastro
run_standard_header_process.py:msumastro
run_test:openmdao
run_triage.py:msumastro
run_vasp:custodian
runthis-server:runthis-server
runzeo:zeo
sacrebleu:sacrebleu
sacremoses:sacremoses
sadisplay:sadisplay
safe_yaml:rb-safe_yaml
safety:safety
sam:aws-sam-cli
sass:rb-sass
sass-convert:rb-sass
sat-search:sat-search
sat-search:satsearch
sat-stac:sat-stac
save_server:xpdan
saws:saws
scald:ligo-scald
scapy:scapy
scatter:bashplotlib
sceptre:sceptre
schema-salad-doc:schema-salad
schema-salad-tool:schema-salad
scour:scour
screed:screed
scss:rb-sass
seabird:seabird
seed-isort-config:seed-isort-config
segdiff:ligotools-scripts
segexpr:ligotools-scripts
segmenter:segtok
segsum:ligotools-scripts
semantic-release:python-semantic-release
sensorml2iso:sensorml2iso
sentinelhub:sentinelhub
sentinelhub.aws:sentinelhub
sentinelhub.config:sentinelhub
sentinelhub.download:sentinelhub
sentinelsat:sentinelsat
serve:sagemaker-mxnet-serving-container
serve:sagemaker-pytorch-serving-container
set_group_name:geometric_features
setup:rb-wisper
shtab:shtab
shyaml:shyaml
sidewind:shedsidewinder
signac:signac
silx:silx
simplify_features:geometric_features
simplify_shapefile.py:hyp3lib
singularity-compose:singularity-compose
skan-gui:skan
skein:skein
skijumpdesign:skijumpdesign
skinny-wms:skinnywms
skypy:skypy
slugify:python-slugify
smif:smif
snakeviz:snakeviz
snbuild:standard_names
sndump:standard_names
snscrape:standard_names
snsql:standard_names
snvalidate:standard_names
solaris_run_ml:solaris
sort_files.py:msumastro
sort_wsdl:spyne
sos:sos
sos-runner:sos
spacenet_eval:solaris
spec2nii:spec2nii
sphinx-apidoc:sphinx
sphinx-autobuild:sphinx-autobuild
sphinx-autogen:sphinx
sphinx-build:sphinx
sphinx-quickstart:sphinx
sphinx-versioning:sphinxcontrib-versioning
spleeter:spleeter-gpu
split_features:geometric_features
spython:spython
sql2csv:csvkit
sqlacodegen:sqlacodegen
sqlformat:sqlparse
sr:spacy-lookups-data
sregistry:sregistry
sshtunnel:sshtunnel
stack-docs:documenteer
standardise-mols:standardiser
standardiser:standardiser
start_jupyter_cm:start_jupyter_cm
stateplane:stateplane
states:us
staticjinja:staticjinja
statuspage:statuspage
stdpopsim:stdpopsim
stefuna:stefuna
stginga:stginga
stomp:stomp.py
strip-hints:strip-hints
stubgen:mypy
stubtest:mypy
stylist:stylist
subset_geotiff_shape.py:hyp3lib
sugartex:sugartex
summaryclassification:pesummary
summaryclean:pesummary
summarycombine:pesummary
summarycombine_metafiles:pesummary
summarycompare:pesummary
summaryconvert:pesummary
summarydetchar:pesummary
summarygracedb:pesummary
summaryjscompare:pesummary
summarymodify:pesummary
summarypages:pesummary
summarypageslw:pesummary
summarypipe:pesummary
summaryplots:pesummary
summarypublication:pesummary
summaryrecreate:pesummary
summaryreview:pesummary
summarytest:pesummary
summaryversion:pesummary
supermercado:supermercado
superset:superset
sv:spacy-lookups-data
swagger-flex:flex-swagger
swift:python-swiftclient
switch:switch_model
swot_simulator:swot_simulator
sygma:sygma
symstore:symstore
tableschema:tableschema
tableschema:tableschema-py
tabulate:tabulate
tabulator:tabulator
tabulator:tabulator-py
tag_features:geometric_features
tagmaps:tagmaps
tcal:trading-calendars
tconvert:ligotools-tconvert
tdameritrade-auth:tdameritrade
tdmsinfo:nptdms
telegram-send:telegram-send
tensorboard:tensorboard
termgraph:termgraph
terraformspawner:jupyterhub-terraformspawner
test.pyutilib:pyutilib
testflo:testflo
testrios.py:rios
texplain:texplain
textnets:textnets
thor:rb-thor
tifffile:tifffile
tika-python:tika
tileList2shape.py:hyp3lib
timechart:timechart
titlecase:titlecase
tl:spacy-lookups-data
tldextract:tldextract
tokenize-rt:tokenize-rt
tokenizer:segtok
tomo_server:xpdan
torchbiggraph_config:torchbiggraph
torchbiggraph_eval:torchbiggraph
torchbiggraph_example_fb15k:torchbiggraph
torchbiggraph_example_livejournal:torchbiggraph
torchbiggraph_export_to_tsv:torchbiggraph
torchbiggraph_import_from_tsv:torchbiggraph
torchbiggraph_partitionserver:torchbiggraph
torchbiggraph_train:torchbiggraph
torsiondrive-api:torsiondrive
torsiondrive-launch:torsiondrive
torsiondrive-plot1d:torsiondrive
torsiondrive-plot2d:torsiondrive
towncrier:towncrier
tox:tox
tox-quickstart:tox
tox-to-nox:nox
tpot:tpot
tq:yq
tqdm:tqdm
tr:spacy-lookups-data
tranquilizer:tranquilizer
transformers:transformers
transonic:transonic
tsc:typescript
tsserver:typescript
tsunzip:tszip
tszip:tszip
ttx:fonttools
tuna:tuna
twine:twine
typer:typer-cli
typestubs:pytypes
typhon:typhos
typhos:typhos
ucs-detect:ucs-detect
uglifyjs:uglify-js
ukbparse:ukbparse
ukbparse_compare_tables:ukbparse
ukbparse_demo:ukbparse
ukbparse_htmlparse:ukbparse
ukbparse_join:ukbparse
ulog2csv:pyulog
ulog_extract_gps_dump:pyulog
ulog_info:pyulog
ulog_messages:pyulog
ulog_params:pyulog
uncommitted:uncommitted
uncurl:uncurl
unidecode:unidecode
unit2:unittest2
unittest2pytest:unittest2pytest
universions:universions
ur:spacy-lookups-data
urlchecker:urlchecker
ursabot:ursabot
userpath:userpath
usgs:usgs
utm2dem.py:hyp3lib
vcftutorials:orange3-singlecell
vcs:vcstool
vcs-branch:vcstool
vcs-bzr:vcstool
vcs-custom:vcstool
vcs-diff:vcstool
vcs-export:vcstool
vcs-git:vcstool
vcs-help:vcstool
vcs-hg:vcstool
vcs-import:vcstool
vcs-log:vcstool
vcs-pull:vcstool
vcs-push:vcstool
vcs-remotes:vcstool
vcs-status:vcstool
vcs-svn:vcstool
vcs-validate:vcstool
vcsh:vcsh
venv-pack:venv-pack
verify_opod.py:hyp3lib
versioneer:versioneer
vipaccess:vipaccess
virtualenv:virtualenv
virtualenv-clone:virtualenv-clone
viz_server:xpdan
voila:voila
vose-sampler:vose-alias-method
vulture:vulture
wagtail:wagtail
waitress-serve:waitress
wakatime:wakatime
wanbd:wandb
wandb:wandb
wandb-docker-run:wandb
warc2warc:warctools
warcdump:warctools
warcextract:warctools
warcfilter:warctools
warcindex:warctools
warclinks:warctools
warcpayload:warctools
warcvalid:warctools
watchgod:watchgod
watchme:watchme
watchmedo:watchdog
wb:wandb
wdl-aid:wdl-aid
wdl-packager:wdl-packager
webview:openmdao
wheel:wheel
whitebox:whitebox
windse:windse
windse_driver:windse
wingproj:openmdao
workdir:pyworkdir
wormhole:magic-wormhole
wrapout:pwkit
wt-tree:wrighttools
wwtdatatool:wwt_data_formats
xcover:nosexcover
xcube:xcube
xcube-gen:xcube
xcube-restime:xcube
xcube_standard:xcube
xdoctest:xdoctest
xenon:xenon
xenv:xenv
xnat_cp_project:xnat
xo:xo
xq:yq
yacron:yacron
yagmail:yagmail
yamale:yamale
yaml2ncml:yaml2ncml
yamllint:yamllint
yapf:yapf
yaq-traits:yaq-traits
yaqd:yaqd-control
yaqd:yaqd_control
yaqd-acton-2150i:yaqd-acton
yaqd-ads1115:yaqd-ti
yaqd-base:yaqd-core
yaqd-continuous-hardware:yaqd-core
yaqd-fake-continuous-hardware:yaqd-fakes
yaqd-fake-discrete-hardware:yaqd-fakes
yaqd-gdrive:yaqd-gdrive
yaqd-hardware:yaqd-core
yaqd-lightcon-topas4-motor:yaqd-lightcon
yaqd-lightcon-topas4-shutter:yaqd-lightcon
yaqd-mcp3428:yaqd-microchip
yaqd-mcp9600:yaqd-microchip
yaqd-micro-hr:yaqd-horiba
yaqd-newport-conex-agp:yaqd-newport
yaqd-newport-smc100:yaqd-newport
yaqd-pmc:yaqd-pmc
yaqd-seabreeze:yaqd-seabreeze
yaqd-sensor:yaqd-core
yaqd-system-monitor:yaqd-system-monitor
yaqd-thorlabs-k10cr1:yaqd-thorlabs
yaqd-thorlabs-kdc101:yaqd-thorlabs
yaqd-thorlabs-lts150:yaqd-thorlabs
yaqd-thorlabs-lts300:yaqd-thorlabs
yarn:yarn
yarn.cmd:yarn
yarn.js:yarn
yarnpkg:yarn
yarnpkg.cmd:yarn
you-get:you-get
youtube-dl:youtube-dl
yq:yq
zconfig:zconfig
zconfig_schema2html:zconfig
zeo-nagios:zeo
zeoctl:zeo
zeopack:zeo
zocalo.go:zocalo
zocalo.service:zocalo
zocalo.wrap:zocalo
