.dbus-post-link.sh:dbus
.gdk-pixbuf-post-link.sh:gdk-pixbuf
.glib-networking-post-link.sh:glib-networking
.gtk3-post-link.sh:gtk3
.librsvg-post-link.sh:librsvg
.librsvg-pre-unlink.sh:librsvg
.ocl-icd-system-post-link.sh:ocl-icd-system
.ocl-icd-system-pre-unlink.sh:ocl-icd-system
.r-base-post-link.sh:r-base
.waf3-2.0.8-ba1afb5fff301ec68a4fb6c54339db19:pyinstaller
.waf3-2.0.8-c78b1d04fa72c4b7cd3a498a14509518:pyinstaller
.widgetsnbextension-post-link.sh:widgetsnbextension
.widgetsnbextension-pre-unlink.sh:widgetsnbextension
2to3:python
2to3-3.6:python
2to3-3.7:python
2to3-3.8:python
4channels:libraw
CreateDOMDocument:xerces-c
DOMCount:xerces-c
DOMPrint:xerces-c
ESingular:singular
EnumVal:xerces-c
GDSIIConvert:libgdsii
HepMC2_reader_example.exe:hepmc3
HepMC3-config:hepmc3
HepMC3_fileIO_example.exe:hepmc3
JxrDecApp:jxrlib
JxrEncApp:jxrlib
LHEF_example.lhe:hepmc3
LHEF_example_cat.exe:hepmc3
LHEF_example_cmp.lhe:hepmc3
LHEF_example_env.sh:hepmc3
MemParse:xerces-c
NRswitchg:nauty
PParse:xerces-c
PSVIWriter:xerces-c
QuadraticSieve:flintqs
R:r-base
Redirect:xerces-c
Rscript:r-base
SAX2Count:xerces-c
SAX2Print:xerces-c
SAXCount:xerces-c
SAXPrint:xerces-c
SCMPrint:xerces-c
SEnumVal:xerces-c
Singular:singular
StdInParse:xerces-c
TSingular:singular
XInclude:xerces-c
XrdCnsd:xrootd
[:coreutils
a2ping:texlive-core
a5toa4:texlive-core
aarch64-conda-linux-gnu-addr2line:binutils_impl_linux-aarch64
aarch64-conda-linux-gnu-addr2line:gcc_bootstrap_linux-aarch64
aarch64-conda-linux-gnu-ar:binutils_impl_linux-aarch64
aarch64-conda-linux-gnu-ar:gcc_bootstrap_linux-aarch64
aarch64-conda-linux-gnu-as:binutils_impl_linux-aarch64
aarch64-conda-linux-gnu-as:gcc_bootstrap_linux-aarch64
aarch64-conda-linux-gnu-c++:gcc_bootstrap_linux-aarch64
aarch64-conda-linux-gnu-c++:gxx_impl_linux-aarch64
aarch64-conda-linux-gnu-c++filt:binutils_impl_linux-aarch64
aarch64-conda-linux-gnu-c++filt:gcc_bootstrap_linux-aarch64
aarch64-conda-linux-gnu-c89:gcc_bootstrap_linux-aarch64
aarch64-conda-linux-gnu-c89:gcc_impl_linux-aarch64
aarch64-conda-linux-gnu-c99:gcc_bootstrap_linux-aarch64
aarch64-conda-linux-gnu-c99:gcc_impl_linux-aarch64
aarch64-conda-linux-gnu-cc:gcc_bootstrap_linux-aarch64
aarch64-conda-linux-gnu-cc:gcc_impl_linux-aarch64
aarch64-conda-linux-gnu-cpp:gcc_bootstrap_linux-aarch64
aarch64-conda-linux-gnu-cpp:gcc_impl_linux-aarch64
aarch64-conda-linux-gnu-ct-ng.config:gcc_bootstrap_linux-aarch64
aarch64-conda-linux-gnu-ct-ng.config:gcc_impl_linux-aarch64
aarch64-conda-linux-gnu-dwp:binutils_impl_linux-aarch64
aarch64-conda-linux-gnu-dwp:gcc_bootstrap_linux-aarch64
aarch64-conda-linux-gnu-elfedit:binutils_impl_linux-aarch64
aarch64-conda-linux-gnu-elfedit:gcc_bootstrap_linux-aarch64
aarch64-conda-linux-gnu-f95:gcc_bootstrap_linux-aarch64
aarch64-conda-linux-gnu-f95:gfortran_impl_linux-aarch64
aarch64-conda-linux-gnu-g++:gcc_bootstrap_linux-aarch64
aarch64-conda-linux-gnu-g++:gxx_impl_linux-aarch64
aarch64-conda-linux-gnu-gcc:gcc_bootstrap_linux-aarch64
aarch64-conda-linux-gnu-gcc:gcc_impl_linux-aarch64
aarch64-conda-linux-gnu-gcc-ar:gcc_bootstrap_linux-aarch64
aarch64-conda-linux-gnu-gcc-ar:gcc_impl_linux-aarch64
aarch64-conda-linux-gnu-gcc-nm:gcc_bootstrap_linux-aarch64
aarch64-conda-linux-gnu-gcc-nm:gcc_impl_linux-aarch64
aarch64-conda-linux-gnu-gcc-ranlib:gcc_bootstrap_linux-aarch64
aarch64-conda-linux-gnu-gcc-ranlib:gcc_impl_linux-aarch64
aarch64-conda-linux-gnu-gcov:gcc_bootstrap_linux-aarch64
aarch64-conda-linux-gnu-gcov:gcc_impl_linux-aarch64
aarch64-conda-linux-gnu-gcov-dump:gcc_bootstrap_linux-aarch64
aarch64-conda-linux-gnu-gcov-dump:gcc_impl_linux-aarch64
aarch64-conda-linux-gnu-gcov-tool:gcc_bootstrap_linux-aarch64
aarch64-conda-linux-gnu-gcov-tool:gcc_impl_linux-aarch64
aarch64-conda-linux-gnu-gfortran:gcc_bootstrap_linux-aarch64
aarch64-conda-linux-gnu-gfortran:gfortran_impl_linux-aarch64
aarch64-conda-linux-gnu-gfortran.bin:gcc_bootstrap_linux-aarch64
aarch64-conda-linux-gnu-gfortran.bin:gfortran_impl_linux-aarch64
aarch64-conda-linux-gnu-gprof:binutils_impl_linux-aarch64
aarch64-conda-linux-gnu-gprof:gcc_bootstrap_linux-aarch64
aarch64-conda-linux-gnu-ld:binutils_impl_linux-aarch64
aarch64-conda-linux-gnu-ld:gcc_bootstrap_linux-aarch64
aarch64-conda-linux-gnu-ld:ld_impl_linux-aarch64
aarch64-conda-linux-gnu-ld.bfd:binutils_impl_linux-aarch64
aarch64-conda-linux-gnu-ld.bfd:gcc_bootstrap_linux-aarch64
aarch64-conda-linux-gnu-ld.gold:binutils_impl_linux-aarch64
aarch64-conda-linux-gnu-ld.gold:gcc_bootstrap_linux-aarch64
aarch64-conda-linux-gnu-nm:binutils_impl_linux-aarch64
aarch64-conda-linux-gnu-nm:gcc_bootstrap_linux-aarch64
aarch64-conda-linux-gnu-objcopy:binutils_impl_linux-aarch64
aarch64-conda-linux-gnu-objcopy:gcc_bootstrap_linux-aarch64
aarch64-conda-linux-gnu-objdump:binutils_impl_linux-aarch64
aarch64-conda-linux-gnu-objdump:gcc_bootstrap_linux-aarch64
aarch64-conda-linux-gnu-ranlib:binutils_impl_linux-aarch64
aarch64-conda-linux-gnu-ranlib:gcc_bootstrap_linux-aarch64
aarch64-conda-linux-gnu-readelf:binutils_impl_linux-aarch64
aarch64-conda-linux-gnu-readelf:gcc_bootstrap_linux-aarch64
aarch64-conda-linux-gnu-size:binutils_impl_linux-aarch64
aarch64-conda-linux-gnu-size:gcc_bootstrap_linux-aarch64
aarch64-conda-linux-gnu-strings:binutils_impl_linux-aarch64
aarch64-conda-linux-gnu-strings:gcc_bootstrap_linux-aarch64
aarch64-conda-linux-gnu-strip:binutils_impl_linux-aarch64
aarch64-conda-linux-gnu-strip:gcc_bootstrap_linux-aarch64
aarch64-conda_cos7-linux-gnu-addr2line:binutils_impl_linux-aarch64
aarch64-conda_cos7-linux-gnu-addr2line:gcc_bootstrap_linux-aarch64
aarch64-conda_cos7-linux-gnu-ar:binutils_impl_linux-aarch64
aarch64-conda_cos7-linux-gnu-ar:gcc_bootstrap_linux-aarch64
aarch64-conda_cos7-linux-gnu-as:binutils_impl_linux-aarch64
aarch64-conda_cos7-linux-gnu-as:gcc_bootstrap_linux-aarch64
aarch64-conda_cos7-linux-gnu-c++:gcc_bootstrap_linux-aarch64
aarch64-conda_cos7-linux-gnu-c++:gxx_impl_linux-aarch64
aarch64-conda_cos7-linux-gnu-c++filt:binutils_impl_linux-aarch64
aarch64-conda_cos7-linux-gnu-c++filt:gcc_bootstrap_linux-aarch64
aarch64-conda_cos7-linux-gnu-c89:gcc_bootstrap_linux-aarch64
aarch64-conda_cos7-linux-gnu-c89:gcc_impl_linux-aarch64
aarch64-conda_cos7-linux-gnu-c99:gcc_bootstrap_linux-aarch64
aarch64-conda_cos7-linux-gnu-c99:gcc_impl_linux-aarch64
aarch64-conda_cos7-linux-gnu-cc:gcc_bootstrap_linux-aarch64
aarch64-conda_cos7-linux-gnu-cc:gcc_impl_linux-aarch64
aarch64-conda_cos7-linux-gnu-cpp:gcc_bootstrap_linux-aarch64
aarch64-conda_cos7-linux-gnu-cpp:gcc_impl_linux-aarch64
aarch64-conda_cos7-linux-gnu-ct-ng.config:gcc_bootstrap_linux-aarch64
aarch64-conda_cos7-linux-gnu-ct-ng.config:gcc_impl_linux-aarch64
aarch64-conda_cos7-linux-gnu-dwp:binutils_impl_linux-aarch64
aarch64-conda_cos7-linux-gnu-dwp:gcc_bootstrap_linux-aarch64
aarch64-conda_cos7-linux-gnu-elfedit:binutils_impl_linux-aarch64
aarch64-conda_cos7-linux-gnu-elfedit:gcc_bootstrap_linux-aarch64
aarch64-conda_cos7-linux-gnu-f95:gcc_bootstrap_linux-aarch64
aarch64-conda_cos7-linux-gnu-f95:gfortran_impl_linux-aarch64
aarch64-conda_cos7-linux-gnu-g++:gcc_bootstrap_linux-aarch64
aarch64-conda_cos7-linux-gnu-g++:gxx_impl_linux-aarch64
aarch64-conda_cos7-linux-gnu-gcc:gcc_bootstrap_linux-aarch64
aarch64-conda_cos7-linux-gnu-gcc:gcc_impl_linux-aarch64
aarch64-conda_cos7-linux-gnu-gcc-ar:gcc_bootstrap_linux-aarch64
aarch64-conda_cos7-linux-gnu-gcc-ar:gcc_impl_linux-aarch64
aarch64-conda_cos7-linux-gnu-gcc-nm:gcc_bootstrap_linux-aarch64
aarch64-conda_cos7-linux-gnu-gcc-nm:gcc_impl_linux-aarch64
aarch64-conda_cos7-linux-gnu-gcc-ranlib:gcc_bootstrap_linux-aarch64
aarch64-conda_cos7-linux-gnu-gcc-ranlib:gcc_impl_linux-aarch64
aarch64-conda_cos7-linux-gnu-gcov:gcc_bootstrap_linux-aarch64
aarch64-conda_cos7-linux-gnu-gcov:gcc_impl_linux-aarch64
aarch64-conda_cos7-linux-gnu-gcov-dump:gcc_bootstrap_linux-aarch64
aarch64-conda_cos7-linux-gnu-gcov-dump:gcc_impl_linux-aarch64
aarch64-conda_cos7-linux-gnu-gcov-tool:gcc_bootstrap_linux-aarch64
aarch64-conda_cos7-linux-gnu-gcov-tool:gcc_impl_linux-aarch64
aarch64-conda_cos7-linux-gnu-gfortran:gcc_bootstrap_linux-aarch64
aarch64-conda_cos7-linux-gnu-gfortran:gfortran_impl_linux-aarch64
aarch64-conda_cos7-linux-gnu-gfortran.bin:gcc_bootstrap_linux-aarch64
aarch64-conda_cos7-linux-gnu-gfortran.bin:gfortran_impl_linux-aarch64
aarch64-conda_cos7-linux-gnu-gprof:binutils_impl_linux-aarch64
aarch64-conda_cos7-linux-gnu-gprof:gcc_bootstrap_linux-aarch64
aarch64-conda_cos7-linux-gnu-ld:binutils_impl_linux-aarch64
aarch64-conda_cos7-linux-gnu-ld:gcc_bootstrap_linux-aarch64
aarch64-conda_cos7-linux-gnu-ld:ld_impl_linux-aarch64
aarch64-conda_cos7-linux-gnu-ld.bfd:binutils_impl_linux-aarch64
aarch64-conda_cos7-linux-gnu-ld.bfd:gcc_bootstrap_linux-aarch64
aarch64-conda_cos7-linux-gnu-ld.gold:binutils_impl_linux-aarch64
aarch64-conda_cos7-linux-gnu-ld.gold:gcc_bootstrap_linux-aarch64
aarch64-conda_cos7-linux-gnu-nm:binutils_impl_linux-aarch64
aarch64-conda_cos7-linux-gnu-nm:gcc_bootstrap_linux-aarch64
aarch64-conda_cos7-linux-gnu-objconv:objconv
aarch64-conda_cos7-linux-gnu-objcopy:binutils_impl_linux-aarch64
aarch64-conda_cos7-linux-gnu-objcopy:gcc_bootstrap_linux-aarch64
aarch64-conda_cos7-linux-gnu-objdump:binutils_impl_linux-aarch64
aarch64-conda_cos7-linux-gnu-objdump:gcc_bootstrap_linux-aarch64
aarch64-conda_cos7-linux-gnu-pkg-config:pkg-config
aarch64-conda_cos7-linux-gnu-ranlib:binutils_impl_linux-aarch64
aarch64-conda_cos7-linux-gnu-ranlib:gcc_bootstrap_linux-aarch64
aarch64-conda_cos7-linux-gnu-readelf:binutils_impl_linux-aarch64
aarch64-conda_cos7-linux-gnu-readelf:gcc_bootstrap_linux-aarch64
aarch64-conda_cos7-linux-gnu-size:binutils_impl_linux-aarch64
aarch64-conda_cos7-linux-gnu-size:gcc_bootstrap_linux-aarch64
aarch64-conda_cos7-linux-gnu-strings:binutils_impl_linux-aarch64
aarch64-conda_cos7-linux-gnu-strings:gcc_bootstrap_linux-aarch64
aarch64-conda_cos7-linux-gnu-strip:binutils_impl_linux-aarch64
aarch64-conda_cos7-linux-gnu-strip:gcc_bootstrap_linux-aarch64
aclocal:automake
aclocal-1.16:automake
acountry:c-ares
acountry:c-ares-static
acpl:scotch
activate:conda
acyclic:graphviz
addedgeg:nauty
addftinfo:groff
addr2line:binutils
addr2line:binutils-meta
adhocfilelist:texlive-core
adig:c-ares
adig:c-ares-static
adios2-config:adios2
adios2_deactivate_bp:adios2
adios2_iotest:adios2
adios2_reorganize:adios2
adios2_reorganize_mpi:adios2
adios_config:adios
adios_deactivate_bp.sh:adios2
adios_iotest:adios2
adios_lint:adios
adios_list_methods:adios
adios_list_methods_nompi:adios
adios_list_methods_readonly:adios
adios_list_methods_readonly_nompi:adios
adios_reorganize:adios2
adjacency:cddlib
adjacency_gmp:cddlib
aec:libaec
afm2afm:texlive-core
afmtodit:groff
afterimage-config:afterimage
afterimage-libs:afterimage
aggregate_profile.pl:openmpi
ahost:c-ares
ahost:c-ares-static
allcm:texlive-core
allec:texlive-core
allfaces:cddlib
allfaces_gmp:cddlib
allneeded:texlive-core
amk_ccc:scotch
amk_fft2:scotch
amk_grf:scotch
amk_hy:scotch
amk_m2:scotch
amk_p2:scotch
amtog:nauty
annotate:libgd
ar:binutils
ar:binutils-meta
arara:texlive-core
arlatex:texlive-core
arm64-apple-darwin20.0.0-gfortran:gfortran_impl_osx-arm64
as:binutils
as:binutils-meta
aserver:alsa-lib
atst:scotch
attr:attr
authorindex:texlive-core
autoconf:autoconf
autoheader:autoconf
autoinst:texlive-core
autom4te:autoconf
automake:automake
automake-1.16:automake
autopoint:gettext
autoreconf:autoconf
autoscan:autoconf
autoupdate:autoconf
awk:gawk
aws:awscli
aws.cmd:awscli
aws_bash_completer:awscli
aws_completer:awscli
aws_zsh_completer.sh:awscli
b2sum:coreutils
base32:coreutils
base64:coreutils
basename:coreutils
basenc:coreutils
bash:bash
bashbug:bash
basic_tree.exe:hepmc3
bat:bat
bbl2bib:texlive-core
bc:bc
bcomps:graphviz
bdftogd:libgd
bib2gls:texlive-core
bibdoiadd:texlive-core
bibexport:texlive-core
bibmradd:texlive-core
bibtex:texlive-core
biburl2doi:texlive-core
bibzbladd:texlive-core
biplabg:nauty
bison:bison
bliss:bliss
bokeh:bokeh
bp2bp:adios
bp4dbg:adios2
bpappend:adios
bpdiff:adios
bpdump:adios
bpgettime:adios
bpls:adios
bpls:adios2
bpmeta:adios
bprecover:adios
bpsplit:adios
broot:broot
brotli:brotli
bsdcat:libarchive
bsdcpio:libarchive
bsdtar:libarchive
bsondump:mongo-tools
bugpoint:llvm-tools
bugpoint:llvmdev
bundle:ruby
bundledoc:texlive-core
bundler:ruby
bunzip2:bzip2
bzcat:bzip2
bzcmp:bzip2
bzdiff:bzip2
bzegrep:bzip2
bzfgrep:bzip2
bzgrep:bzip2
bzip2:bzip2
bzip2recover:bzip2
bzless:bzip2
bzmore:bzip2
c++:cxx-compiler
c++filt:binutils
c++filt:binutils-meta
c-index-test:clang-tools
c-index-test:clangdev
c89:gcc_bootstrap_linux-aarch64
c89:gcc_impl_linux-aarch64
c99:gcc_bootstrap_linux-aarch64
c99:gcc_impl_linux-aarch64
c_rehash:openssl
cachepic:texlive-core
cairo-trace:cairo
cal:util-linux
calc_timeprop_maxpoldir:dftbplus
calc_timeprop_spectrum:dftbplus
captoinfo:ncurses
cargo:rust
cargo-clippy:rust
cargo-fmt:rust
cargo-miri:rust
cas_help:giac
cat:coreutils
catg:nauty
cbrunsli:brunsli
cc:c-compiler
cc:fortran-compiler
ccache:ccache
ccache-swig:swig
cchardetect:cchardet
ccmake:cmake
ccomps:graphviz
cconfig:xrootd
cddexec:cddlib
cddexec_gmp:cddlib
certtool:gnutls
certutil:nss
cftp:twisted
chardetect:chardet
chcon:coreutils
checkcites:texlive-core
checklistings:texlive-core
cheetah:cheetah3
cheetah-analyze:cheetah3
cheetah-compile:cheetah3
chem:groff
chgrp:coreutils
chmem:util-linux
chmod:coreutils
choom:util-linux
chown:coreutils
chroot:coreutils
chrt:util-linux
circo:graphviz
cjk-gs-integrate:texlive-core
cjpeg:jpeg
cjpeg:libjpeg-turbo
ckeygen:twisted
cksum:coreutils
cl:cliquer
clang:clang
clang:clangdev
clang++:clangdev
clang++:clangxx
clang-10:clang
clang-6.0:clangdev
clang-8:clangdev
clang-9:clang
clang-apply-replacements:clang-tools
clang-change-namespace:clang-tools
clang-check:clang-tools
clang-check:clangdev
clang-cl:clang
clang-cl:clangdev
clang-cpp:clang
clang-cpp:clangdev
clang-doc:clang-tools
clang-extdef-mapping:clang-tools
clang-extdef-mapping:clangdev
clang-format:clang-tools
clang-format:clangdev
clang-func-mapping:clangdev
clang-import-test:clang-tools
clang-import-test:clangdev
clang-include-fixer:clang-tools
clang-move:clang-tools
clang-offload-bundler:clang-tools
clang-offload-bundler:clangdev
clang-offload-wrapper:clang-tools
clang-query:clang-tools
clang-refactor:clang-tools
clang-refactor:clangdev
clang-rename:clang-tools
clang-rename:clangdev
clang-reorder-fields:clang-tools
clang-scan-deps:clang-tools
clang-tidy:clang-tools
clangd:clang-tools
class-11d.x:palp
class-4d.x:palp
class-5d.x:palp
class-6d.x:palp
class.x:palp
clear:ncurses
clinfo:clinfo
clippy-driver:rust
cluster:graphviz
clusterdb:postgresql
cmake:cmake
cmake:cmake-no-system
cmpfillin:metis
cmsd:xrootd
cns_ssi:xrootd
coin-config:coin3d
col:util-linux
colcrt:util-linux
colrm:util-linux
column:util-linux
comm:coreutils
compile-et.pl:nspr
compile_et:krb5
complg:nauty
conch:twisted
conda:conda
conda-build:conda-build
conda-convert:conda-build
conda-debug:conda-build
conda-develop:conda-build
conda-env:conda
conda-index:conda-build
conda-inspect:conda-build
conda-metapackage:conda-build
conda-render:conda-build
conda-skeleton:conda-build
conda-verify:conda-verify
conda2solv:libsolv
conda2solv:libsolv-static
configurable-http-proxy:configurable-http-proxy
constructor:constructor
context:texlive-core
contextjit:texlive-core
convbkmk:texlive-core
converseg:nauty
convert_example.exe:hepmc3
convert_example_env.sh:hepmc3
convertgls2bib:texlive-core
copyg:nauty
corelist:perl
countg:nauty
coverage:coverage
cp:coreutils
cpack:cmake
cpack:cmake-no-system
cpan:perl
cph:conda-package-handling
cpp:c-compiler
cpp:fortran-compiler
cpspc:poco
createdb:postgresql
createuser:postgresql
croco-0.6-config:libcroco
cross_compile_support.sh:conda-forge-ci-setup
csplit:coreutils
csslint-0.6:libcroco
ct-ng:crosstool-ng
ct-ng.config:c-compiler
ct-ng.config:fortran-compiler
ctan-o-mat:texlive-core
ctangle:texlive-core
ctanify:texlive-core
ctanupload:texlive-core
ctest:cmake
ctest:cmake-no-system
ctie:texlive-core
cu2:rubiks
cubex:rubiks
cubhamg:nauty
cups-config:libcups
curl:curl
curl-config:libcurl
curve_keygen:zeromq
cut:coreutils
cweave:texlive-core
cwebp:libwebp
cws-11d.x:palp
cws-4d.x:palp
cws-5d.x:palp
cws-6d.x:palp
cws.x:palp
cxpm:xorg-libxpm
cygdb:cython
cysignals-CSI:cysignals
cython:cython
cythonize:cython
dask-scheduler:distributed
dask-ssh:distributed
dask-worker:distributed
date:coreutils
davix-cp:davix
davix-get:davix
davix-http:davix
davix-ls:davix
davix-mkdir:davix
davix-mv:davix
davix-put:davix
davix-rm:davix
davix-tester:davix
davix-unit-tests:davix
dbrunsli:brunsli
dbus-cleanup-sockets:dbus
dbus-daemon:dbus
dbus-launch:dbus
dbus-monitor:dbus
dbus-run-session:dbus
dbus-send:dbus
dbus-test-tool:dbus
dbus-update-activation-environment:dbus
dbus-uuidgen:dbus
dc:bc
dcraw_emu:libraw
dcraw_half:libraw
dd:coreutils
de-macro:texlive-core
deactivate:conda
deledgeg:nauty
delptg:nauty
depythontex:texlive-core
derb:icu
df:coreutils
dftb+:dftbplus
dggath:ptscotch
dgmap:ptscotch
dgord:ptscotch
dgpart:ptscotch
dgscat:ptscotch
dgtst:ptscotch
diadia:texlive-core
diagtool:clang-tools
diagtool:clangdev
dijkstra:graphviz
dikcube:rubiks
dir:coreutils
dircolors:coreutils
directg:nauty
dirname:coreutils
django-admin:django
django-admin.py:django
djpeg:jpeg
djpeg:libjpeg-turbo
dltest:unixodbc
dmesg:util-linux
dos2unix:dos2unix
dosepsbin:texlive-core
dot:graphviz
dot2gxl:graphviz
dot_builtins:graphviz
download_osx_sdk.sh:conda-forge-ci-setup
doxygen:doxygen
dreadnaut:nauty
dretodot:nauty
dretog:nauty
dropdb:postgresql
dropuser:postgresql
dsdp5:dsdp
dsymutil:llvm-tools
dsymutil:llvmdev
dtxgen:texlive-core
du:coreutils
dumpsolv:libsolv
dumpsolv:libsolv-static
dvi2fax:texlive-core
dviasm:texlive-core
dvicopy:texlive-core
dviinfox:texlive-core
dvipdfm:texlive-core
dvipdfmx:texlive-core
dvipdft:texlive-core
dvired:texlive-core
dvitomp:texlive-core
dvitype:texlive-core
dwebp:libwebp
dwp:binutils
dwp:binutils-meta
e2pall:texlive-core
easy_install:setuptools
ebb:texlive-core
ebong:texlive-core
echo:coreutils
ecl:ecl
ecl-config:ecl
ecm:ecm
ecpg:postgresql
ed2k-link:rhash
edgepaint:graphviz
edonr256-hash:rhash
edonr512-hash:rhash
eject:util-linux
elfedit:binutils
elfedit:binutils-meta
en_cas_help:giac
enc2xs:perl
encguess:perl
env:coreutils
envsubst:gettext
epspdf:texlive-core
epspdftk:texlive-core
epstopdf:texlive-core
epylint:pylint
eqn:groff
eqn2graph:groff
erb:ruby
es_cas_help:giac
etex:texlive-core
exa:exa
exceltex:texlive-core
expand:coreutils
expr:coreutils
exr2aces:openexr
exrenvmap:openexr
exrheader:openexr
exrmakepreview:openexr
exrmaketiled:openexr
exrmultipart:openexr
exrmultiview:openexr
exrstdattr:openexr
extractbb:texlive-core
f2cpsp:poco
f2py:numpy
f2py2:numpy
f2py2.7:numpy
f2py3:numpy
f2py3.6:numpy
f2py3.7:numpy
f2py3.8:numpy
f95:fortran-compiler
factor:coreutils
fallocate:util-linux
false:coreutils
fastavro:fastavro
fax2ps:libtiff
fax2tiff:libtiff
fc-cache:fontconfig
fc-cat:fontconfig
fc-conflist:fontconfig
fc-list:fontconfig
fc-match:fontconfig
fc-pattern:fontconfig
fc-query:fontconfig
fc-scan:fontconfig
fc-validate:fontconfig
fdp:graphviz
ff_ci_pr_build:conda-forge-ci-setup
fflas-ffpack-config:fflas-ffpack
ffmpeg:ffmpeg
ffprobe:ffmpeg
fftw-wisdom:fftw
fftw-wisdom-to-conf:fftw
fftwf-wisdom:fftw
fftwl-wisdom:fftw
fig4latex:texlive-core
file:file
file:libmagic
fincore:util-linux
find-all-symbols:clang-tools
findhyph:texlive-core
findmnt:util-linux
fits2bitmap:astropy
fitscheck:astropy
fitscopy:cfitsio
fitsdiff:astropy
fitsheader:astropy
fitsinfo:astropy
flac:libflac
flake8:flake8
flatc:flatbuffers
flex:flex
flex++:flex
flit:flit
flock:util-linux
fmt:coreutils
fmtutil:texlive-core
fmtutil-sys:texlive-core
fmtutil-user:texlive-core
fold:coreutils
fontinst:texlive-core
fourier:cddlib
fourier_gmp:cddlib
fpack:cfitsio
fplll:fplll
fr_cas_help:giac
fragmaster:texlive-core
freetype-config:freetype
fribidi:fribidi
frm_admin:xrootd
frm_purged:xrootd
frm_xfragent:xrootd
frm_xfrd:xrootd
funpack:cfitsio
funzip:unzip
futurize:future
fzf:fzf
g++:cxx-compiler
g-ir-annotation-tool:gobject-introspection
g-ir-compiler:gobject-introspection
g-ir-doc-tool:gobject-introspection
g-ir-generate:gobject-introspection
g-ir-inspect:gobject-introspection
g-ir-scanner:gobject-introspection
gap:gap-core
gapplication:glib
gawk:gawk
gawk-4.2.1:gawk
gawk-5.0.0:gawk
gawk-5.0.1:gawk
gawk-5.1.0:gawk
gbase:scotch
gc:graphviz
gcc:c-compiler
gcc:fortran-compiler
gcc-ar:c-compiler
gcc-ar:fortran-compiler
gcc-nm:c-compiler
gcc-nm:fortran-compiler
gcc-ranlib:c-compiler
gcc-ranlib:fortran-compiler
gcov:c-compiler
gcov:fortran-compiler
gcov-dump:c-compiler
gcov-dump:fortran-compiler
gcov-tool:c-compiler
gcov-tool:fortran-compiler
gcv:scotch
gd2copypal:libgd
gd2togif:libgd
gd2topng:libgd
gdbm_dump:gdbm
gdbm_load:gdbm
gdbmtool:gdbm
gdbus:glib
gdbus-codegen:glib
gdcmpgif:libgd
gdiffmk:groff
gdk-pixbuf-csource:gdk-pixbuf
gdk-pixbuf-pixdata:gdk-pixbuf
gdk-pixbuf-query-loaders:gdk-pixbuf
gdk-pixbuf-thumbnailer:gdk-pixbuf
gdlib-config:libgd
gdparttopng:libgd
gdtopng:libgd
gem:ruby
gen-ctl-io:libctl
genbg:nauty
genbgL:nauty
genbrk:icu
gencfu:icu
gencnval:icu
gendict:icu
geng:nauty
genquarticg:nauty
genrang:nauty
genrb:icu
genspecialg:nauty
gentourng:nauty
gentreeg:nauty
get_objgraph:dill
getfattr:attr
getmapdl:texlive-core
getopt:util-linux
gettext:gettext
gettext.sh:gettext
gettextize:gettext
gfan:gfan
gfan_bases:gfan
gfan_buchberger:gfan
gfan_combinerays:gfan
gfan_doesidealcontain:gfan
gfan_fancommonrefinement:gfan
gfan_fanhomology:gfan
gfan_fanisbalanced:gfan
gfan_fanlink:gfan
gfan_fanproduct:gfan
gfan_fansubfan:gfan
gfan_genericlinearchange:gfan
gfan_groebnercone:gfan
gfan_groebnerfan:gfan
gfan_homogeneityspace:gfan
gfan_homogenize:gfan
gfan_initialforms:gfan
gfan_interactive:gfan
gfan_ismarkedgroebnerbasis:gfan
gfan_krulldimension:gfan
gfan_latticeideal:gfan
gfan_leadingterms:gfan
gfan_list:gfan
gfan_markpolynomialset:gfan
gfan_minkowskisum:gfan
gfan_minors:gfan
gfan_mixedvolume:gfan
gfan_overintegers:gfan
gfan_padic:gfan
gfan_polynomialsetunion:gfan
gfan_render:gfan
gfan_renderstaircase:gfan
gfan_resultantfan:gfan
gfan_saturation:gfan
gfan_secondaryfan:gfan
gfan_stats:gfan
gfan_substitute:gfan
gfan_symmetries:gfan
gfan_tolatex:gfan
gfan_topolyhedralfan:gfan
gfan_tropicalbasis:gfan
gfan_tropicalbruteforce:gfan
gfan_tropicalcurve:gfan
gfan_tropicalevaluation:gfan
gfan_tropicalfunction:gfan
gfan_tropicalhypersurface:gfan
gfan_tropicalintersection:gfan
gfan_tropicallifting:gfan
gfan_tropicallinearspace:gfan
gfan_tropicalmultiplicity:gfan
gfan_tropicalrank:gfan
gfan_tropicalstartingcone:gfan
gfan_tropicaltraverse:gfan
gfan_tropicalweildivisor:gfan
gfan_version:gfan
gflags_completions.sh:gflags
gfortran:fortran-compiler
gfortran.bin:fortran-compiler
gftodvi:texlive-core
gftopk:texlive-core
gftype:texlive-core
ghc:ghc
ghc-8.2.2:ghc
ghc-pkg:ghc
ghc-pkg-8.2.2:ghc
ghci:ghc
ghci-8.2.2:ghc
giac:giac
gif2h5:hdf5
gif2rgb:giflib
gif2webp:libwebp
gifbuild:giflib
gifclrmp:giflib
gifecho:giflib
giffilter:giflib
giffix:giflib
gifinto:giflib
gifsponge:giflib
giftext:giflib
giftogd2:libgd
giftool:giflib
gio:glib
gio-launch-desktop:glib
gio-querymodules:glib
git:git
git-clang-format:clang-tools
git-clang-format:clangdev
git-cvsserver:git
git-receive-pack:git
git-shell:git
git-upload-archive:git
git-upload-pack:git
gitk:git
givaro-config:givaro
givaro-makefile:givaro
glib-compile-resources:glib
glib-compile-schemas:glib
glib-genmarshal:glib
glib-gettextize:glib
glib-mkenums:glib
glilypond:groff
glpsol:glpk
gmap:scotch
gmk_hy:scotch
gmk_m2:scotch
gmk_m3:scotch
gmk_msh:scotch
gmk_ub2:scotch
gml2gv:graphviz
gmtst:scotch
gnutls-cli:gnutls
gnutls-cli-debug:gnutls
gnutls-serv:gnutls
go:go
gobject-query:glib
gofmt:go
gold:binutils
gord:scotch
gost-hash:rhash
gotst:scotch
gout:scotch
gp:pari
gp-2.11:pari
gpart:scotch
gperf:gperf
gperl:groff
gphelp:pari
gpinyin:groff
gpmetis:metis
gpp.py:adios
gprof:binutils
gprof:binutils-meta
grap2graph:groff
graphchk:metis
graphml2gv:graphviz
gresource:glib
grn:groff
grodvi:groff
groff:groff
groffer:groff
grog:groff
grolbp:groff
grolj4:groff
gropdf:groff
grops:groff
grotty:groff
groups:coreutils
grpc_cpp_plugin:grpc-cpp
grpc_csharp_plugin:grpc-cpp
grpc_node_plugin:grpc-cpp
grpc_objective_c_plugin:grpc-cpp
grpc_php_plugin:grpc-cpp
grpc_python_plugin:grpc-cpp
grpc_ruby_plugin:grpc-cpp
gscat:scotch
gsd:gsd
gsettings:glib
gsl-config:gsl
gsl-histogram:gsl
gsl-randist:gsl
gss-client:krb5
gst-device-monitor-1.0:gst-plugins-base
gst-discoverer-1.0:gst-plugins-base
gst-inspect-1.0:gstreamer
gst-launch-1.0:gstreamer
gst-play-1.0:gst-plugins-base
gst-stats-1.0:gstreamer
gst-typefind-1.0:gstreamer
gtester:glib
gtester-report:glib
gtk-builder-convert:gtk2
gtk-builder-tool:gtk3
gtk-demo:gtk2
gtk-encode-symbolic-svg:gtk3
gtk-launch:gtk3
gtk-query-immodules-2.0:gtk2
gtk-query-immodules-3.0:gtk3
gtk-query-settings:gtk3
gtk-update-icon-cache:gtk2
gtk-update-icon-cache:gtk3
gtst:scotch
gunicorn:gunicorn
gunicorn_paster:gunicorn
gv2gml:graphviz
gv2gxl:graphviz
gvcolor:graphviz
gvgen:graphviz
gvmap:graphviz
gvmap.sh:graphviz
gvpack:graphviz
gvpr:graphviz
gxl2dot:graphviz
gxl2gv:graphviz
h264dec:openh264
h264enc:openh264
h2load:libnghttp2
h2ph:perl
h2xs:perl
h52gif:hdf5
h5c++:hdf5
h5cc:hdf5
h5clear:hdf5
h5copy:hdf5
h5debug:hdf5
h5diff:hdf5
h5dump:hdf5
h5fc:hdf5
h5format_convert:hdf5
h5import:hdf5
h5jam:hdf5
h5ls:hdf5
h5mkgrp:hdf5
h5pcc:hdf5
h5perf:hdf5
h5perf_serial:hdf5
h5pfc:hdf5
h5redeploy:hdf5
h5repack:hdf5
h5repart:hdf5
h5stat:hdf5
h5unjam:hdf5
h5watch:hdf5
haddock:ghc
haddock-ghc-8.2.2:ghc
half_mt:libraw
hamheuristic:nauty
hardlink:util-linux
harminv:harminv
has160-hash:rhash
hb-ot-shape-closure:harfbuzz
hb-shape:harfbuzz
hb-subset:harfbuzz
hb-view:harfbuzz
head:coreutils
help2man:help2man
hevea2mml:giac
hexdump:util-linux
hexyl:hexyl
hmaptool:clang-tools
hmaptool:clangdev
hostid:coreutils
hp2ps:ghc
hpc:ghc
hpftodit:groff
hsc2hs:ghc
htop:htop
hub:hub
hwloc-annotate:libhwloc
hwloc-assembler:libhwloc
hwloc-assembler-remote:libhwloc
hwloc-bind:libhwloc
hwloc-calc:libhwloc
hwloc-compress-dir:libhwloc
hwloc-diff:libhwloc
hwloc-distances:libhwloc
hwloc-distrib:libhwloc
hwloc-gather-topology:libhwloc
hwloc-info:libhwloc
hwloc-ls:libhwloc
hwloc-patch:libhwloc
hwloc-ps:libhwloc
hydra_nameserver:mpich
hydra_persist:mpich
hydra_pmi_proxy:mpich
hyperfine:hyperfine
ibd2sdi:mysql-server
icas:giac
iconv:libiconv
icu-config:icu
icuinfo:icu
id:coreutils
idle:python
idle3:python
idle3.6:python
idle3.7:python
idle3.8:python
idn:libidn11
idn2:libidn2
ifnames:autoconf
imagecodecs:imagecodecs
imageio_download_bin:imageio
imageio_remove_bin:imageio
imcopy:cfitsio
img2webp:libwebp
imgcmp:jasper
imginfo:jasper
indxbib:groff
info:texinfo
infocmp:ncurses
infotocap:ncurses
initdb:postgresql
initex:texlive-core
innochecksum:mysql-server
install:coreutils
install-info:texinfo
install_compass:mongodb
installcheck:libsolv
installcheck:libsolv-static
installfont-tl:texlive-core
instmodsh:perl
integvalue:dftbplus
ionice:util-linux
ipcluster:ipyparallel
ipcmk:util-linux
ipcontroller:ipyparallel
ipcrm:util-linux
ipcs:util-linux
ipengine:ipyparallel
ipptool:libcups
iptest:ipython
iptest3:ipython
ipython:ipython
ipython3:ipython
irb:ruby
isort:isort
isosize:util-linux
isql:unixodbc
isympy:sympy
iusql:unixodbc
iyt:yt
jamo-normalize:texlive-core
jaotc:openjdk
jar:openjdk
jarsigner:openjdk
jasper:jasper
java:openjdk
javac:openjdk
javadoc:openjdk
javap:openjdk
jcmd:openjdk
jconsole:openjdk
jdb:openjdk
jdeprscan:openjdk
jdeps:openjdk
jemalloc-config:jemalloc
jemalloc.sh:jemalloc
jeprof:jemalloc
jfmutil:texlive-core
jfr:openjdk
jhsdb:openjdk
jimage:openjdk
jinfo:openjdk
jjs:openjdk
jlink:openjdk
jmap:openjdk
jmod:openjdk
jmol:jmol
join:coreutils
jpegtran:jpeg
jpegtran:libjpeg-turbo
jpgicc:lcms2
jps:openjdk
jq:jq
jrunscript:openjdk
jshell:openjdk
json_pp:perl
jsonschema:jsonschema
jstack:openjdk
jstat:openjdk
jstatd:openjdk
jupyter:jupyter_core
jupyter-bundlerextension:notebook
jupyter-kernel:jupyter_client
jupyter-kernel-gap:gap
jupyter-kernelspec:jupyter_client
jupyter-migrate:jupyter_core
jupyter-nbconvert:nbconvert
jupyter-nbextension:notebook
jupyter-notebook:notebook
jupyter-run:jupyter_client
jupyter-serverextension:notebook
jupyter-troubleshoot:jupyter_core
jupyterhub:jupyterhub-base
jupyterhub-singleuser:jupyterhub-base
k5srvutil:krb5
kadmin:krb5
kaggle:kaggle
kanji-config-updmap:texlive-core
kanji-config-updmap-sys:texlive-core
kanji-config-updmap-user:texlive-core
kanji-fontmap-creator:texlive-core
kdestroy:krb5
keyring:keyring
keytool:openjdk
kill:coreutils
kill:util-linux
kinit:krb5
klist:krb5
komkindex:texlive-core
kpasswd:krb5
kpseaccess:texlive-core
kpsepath:texlive-core
kpsereadlink:texlive-core
kpsestat:texlive-core
kpsetool:texlive-core
kpsewhere:texlive-core
kpsewhich:texlive-core
kpsexpand:texlive-core
krb5-config:krb5
ksu:krb5
kswitch:krb5
ktutil:krb5
kvno:krb5
l3build:texlive-core
labelg:nauty
lame:lame
last:util-linux
lastb:util-linux
latex:texlive-core
latex-git-log:texlive-core
latex-papersize:texlive-core
latex2man:texlive-core
latex2nemeth:texlive-core
latexdef:texlive-core
latexdiff:texlive-core
latexdiff-vc:texlive-core
latexfileversion:texlive-core
latexindent:texlive-core
latexmk:texlive-core
latexpand:texlive-core
latexrevise:texlive-core
latsieve:fplll
latticegen:fplll
lazygit:lazygit
lb-completion-helper:lbenv
lb-run:lbenv
lcalc:lcalc
lcdd:cddlib
lcdd_gmp:cddlib
ld:binutils
ld:binutils-meta
ld.bfd:binutils
ld.bfd:binutils-meta
ld.gold:binutils
ld.gold:binutils-meta
ld.lld:lld
ld64.lld:lld
ldapadd:openldap
ldapcompare:openldap
ldapdelete:openldap
ldapexop:openldap
ldapmodify:openldap
ldapmodrdn:openldap
ldappasswd:openldap
ldapsearch:openldap
ldapurl:openldap
ldapwhoami:openldap
libAnalysis.so:hepmc3
libnetcfg:perl
libpng-config:libpng
libpng16-config:libpng
libpolys-config:singular
libpypy3-c.so.debug:pypy3.6
libsingular-config:singular
libtool:libtool
libtoolize:libtool
libusb-config:libusb-compat
lily-glyph-commands:texlive-core
lily-image-commands:texlive-core
lily-rebuild-pdfs:texlive-core
linbox-config:linbox
linegraphg:nauty
link:coreutils
linkicc:lcms2
linux32:util-linux
linux64:util-linux
listbib:texlive-core
listg:nauty
listings-ext.sh:texlive-core
lkbib:groff
llc:llvm-tools
llc:llvmdev
lld:lld
lld-link:lld
lli:llvm-tools
lli:llvmdev
llvm-addr2line:llvm-tools
llvm-ar:llvm-tools
llvm-ar:llvmdev
llvm-as:llvm-tools
llvm-as:llvmdev
llvm-bcanalyzer:llvm-tools
llvm-bcanalyzer:llvmdev
llvm-c-test:llvm-tools
llvm-c-test:llvmdev
llvm-cat:llvm-tools
llvm-cat:llvmdev
llvm-cfi-verify:llvm-tools
llvm-cfi-verify:llvmdev
llvm-config:llvmdev
llvm-cov:llvm-tools
llvm-cov:llvmdev
llvm-cvtres:llvm-tools
llvm-cvtres:llvmdev
llvm-cxxdump:llvm-tools
llvm-cxxdump:llvmdev
llvm-cxxfilt:llvm-tools
llvm-cxxfilt:llvmdev
llvm-cxxmap:llvm-tools
llvm-cxxmap:llvmdev
llvm-diff:llvm-tools
llvm-diff:llvmdev
llvm-dis:llvm-tools
llvm-dis:llvmdev
llvm-dlltool:llvm-tools
llvm-dlltool:llvmdev
llvm-dsymutil:llvmdev
llvm-dwarfdump:llvm-tools
llvm-dwarfdump:llvmdev
llvm-dwp:llvm-tools
llvm-dwp:llvmdev
llvm-elfabi:llvm-tools
llvm-elfabi:llvmdev
llvm-exegesis:llvm-tools
llvm-exegesis:llvmdev
llvm-extract:llvm-tools
llvm-extract:llvmdev
llvm-ifs:llvm-tools
llvm-install-name-tool:llvm-tools
llvm-jitlink:llvm-tools
llvm-jitlistener:llvm-tools
llvm-jitlistener:llvmdev
llvm-lib:llvm-tools
llvm-lib:llvmdev
llvm-link:llvm-tools
llvm-link:llvmdev
llvm-lipo:llvm-tools
llvm-lto:llvm-tools
llvm-lto:llvmdev
llvm-lto2:llvm-tools
llvm-lto2:llvmdev
llvm-mc:llvm-tools
llvm-mc:llvmdev
llvm-mca:llvm-tools
llvm-mca:llvmdev
llvm-mcmarkup:llvmdev
llvm-modextract:llvm-tools
llvm-modextract:llvmdev
llvm-mt:llvm-tools
llvm-mt:llvmdev
llvm-nm:llvm-tools
llvm-nm:llvmdev
llvm-objcopy:llvm-tools
llvm-objcopy:llvmdev
llvm-objdump:llvm-tools
llvm-objdump:llvmdev
llvm-opt-report:llvm-tools
llvm-opt-report:llvmdev
llvm-pdbutil:llvm-tools
llvm-pdbutil:llvmdev
llvm-profdata:llvm-tools
llvm-profdata:llvmdev
llvm-ranlib:llvm-tools
llvm-ranlib:llvmdev
llvm-rc:llvm-tools
llvm-rc:llvmdev
llvm-readelf:llvm-tools
llvm-readelf:llvmdev
llvm-readobj:llvm-tools
llvm-readobj:llvmdev
llvm-reduce:llvm-tools
llvm-rtdyld:llvm-tools
llvm-rtdyld:llvmdev
llvm-size:llvm-tools
llvm-size:llvmdev
llvm-split:llvm-tools
llvm-split:llvmdev
llvm-stress:llvm-tools
llvm-stress:llvmdev
llvm-strings:llvm-tools
llvm-strings:llvmdev
llvm-strip:llvm-tools
llvm-strip:llvmdev
llvm-symbolizer:llvm-tools
llvm-symbolizer:llvmdev
llvm-tblgen:llvm-tools
llvm-tblgen:llvmdev
llvm-undname:llvm-tools
llvm-undname:llvmdev
llvm-xray:llvm-tools
llvm-xray:llvmdev
ln:coreutils
logger:util-linux
logname:coreutils
look:util-linux
lookbib:groff
lrcalc:lrcalc
ls:coreutils
lsblk:util-linux
lscpu:util-linux
lsipc:util-linux
lslocks:util-linux
lslogins:util-linux
lsmem:util-linux
lsns:util-linux
lstopo:libhwloc
lstopo-no-graphics:libhwloc
ltx2crossrefxml:texlive-core
ltxfileinfo:texlive-core
ltximg:texlive-core
lua2dox_filter:texlive-core
luaotfload-tool:texlive-core
luatex53:texlive-core
luatools:texlive-core
lwarpmk:texlive-core
lz4:lz4-c
lz4c:lz4-c
lz4cat:lz4-c
lzcat:xz
lzcmp:xz
lzdiff:xz
lzegrep:xz
lzfgrep:xz
lzgrep:xz
lzip:lzip
lzless:xz
lzma:xz
lzmadec:xz
lzmainfo:xz
lzmore:xz
lzop:lzop
m-tx:texlive-core
m2gmetis:metis
m4:m4
mac2unix:dos2unix
magnet-link:rhash
mailmail:twisted
make:make
make4ht:texlive-core
make_build_number:conda-forge-ci-setup
makeconv:icu
makedtx:texlive-core
makeglossaries:texlive-core
makeglossaries-lite:texlive-core
makeinfo:texinfo
mamba:mamba
mangle_compiler:conda-forge-ci-setup
mangle_homebrew:conda-forge-ci-setup
match_parens:texlive-core
mathspic:texlive-core
maxima:maxima
mcookie:util-linux
mcube:rubiks
mcv:scotch
md5sum:coreutils
mem_image:libraw
mergesolv:libsolv
mergesolv:libsolv-static
mesg:util-linux
metaflac:libflac
mf2pt1:texlive-core
mflua:texlive-core
mflua-nowin:texlive-core
mfluajit:texlive-core
mfluajit-nowin:texlive-core
mfplain:texlive-core
mft:texlive-core
micromamba:micromamba
miri:rust
mkdir:coreutils
mkfifo:coreutils
mkgrkindex:texlive-core
mkjobtexmf:texlive-core
mknod:coreutils
mkocp:texlive-core
mkofm:texlive-core
mkpic:texlive-core
mkt1font:texlive-core
mktemp:coreutils
mktexfmt:texlive-core
mktexlsr:texlive-core
mktexmf:texlive-core
mktexpk:texlive-core
mktextfm:texlive-core
mlflow:mlflow
mm2gv:graphviz
mmk_m2:scotch
mmk_m3:scotch
mmroff:groff
mock:dlpack
modes:dftbplus
modularize:clang-tools
mongo:mongodb
mongod:mongodb
mongodump:mongo-tools
mongoexport:mongo-tools
mongofiles:mongo-tools
mongoimport:mongo-tools
mongoreplay:mongo-tools
mongorestore:mongo-tools
mongos:mongodb
mongostat:mongo-tools
mongotop:mongo-tools
mord:scotch
more:util-linux
mori-11d.x:palp
mori-4d.x:palp
mori-5d.x:palp
mori-6d.x:palp
mori.x:palp
mount:util-linux
mountpoint:util-linux
mpb-data:mpb
mpiCC:openmpi
mpic++:mpich
mpic++:openmpi
mpicc:mpich
mpicc:openmpi
mpichversion:mpich
mpicxx:mpich
mpicxx:openmpi
mpiexec:mpich
mpiexec:openmpi
mpiexec.hydra:mpich
mpif77:mpich
mpif77:openmpi
mpif90:mpich
mpif90:openmpi
mpifort:mpich
mpifort:openmpi
mpirun:mpich
mpirun:openmpi
mpivars:mpich
mpmetis:metis
mpost:texlive-core
mptopdf:texlive-core
mpxstats:xrootd
msgattrib:gettext
msgcat:gettext
msgcmp:gettext
msgcomm:gettext
msgconv:gettext
msgen:gettext
msgexec:gettext
msgfilter:gettext
msgfmt:gettext
msggrep:gettext
msginit:gettext
msgmerge:gettext
msgunfmt:gettext
msguniq:gettext
mtest:parmetis
mtst:scotch
mtxrun:texlive-core
mtxrunjit:texlive-core
multibibliography:texlive-core
multig:nauty
multirender_test:libraw
musixflx:texlive-core
musixtex:texlive-core
mv:coreutils
mwrank:eclib
my_print_defaults:mysql-connector-c
my_print_defaults:mysql-server
myisam_ftdump:mysql-client
myisamchk:mysql-client
myisamlog:mysql-client
myisampack:mysql-client
mysql:mysql-client
mysql.server:mysql-server
mysql_config:mysql-connector-c
mysql_config:mysql-devel
mysql_config_editor:mysql-client
mysql_secure_installation:mysql-client
mysql_ssl_rsa_setup:mysql-client
mysql_tzinfo_to_sql:mysql-client
mysql_upgrade:mysql-client
mysqladmin:mysql-client
mysqlbinlog:mysql-client
mysqlcheck:mysql-client
mysqld:mysql-server
mysqld_multi:mysql-server
mysqld_safe:mysql-server
mysqldump:mysql-client
mysqldumpslow:mysql-server
mysqlimport:mysql-client
mysqlpump:mysql-client
mysqlrouter:mysql-router
mysqlrouter_keyring:mysql-router
mysqlrouter_passwd:mysql-router
mysqlrouter_plugin_info:mysql-router
mysqlshow:mysql-client
mysqlslap:mysql-client
namei:util-linux
nano:nano
nasm:nasm
nc-config:libnetcdf
nccopy:libnetcdf
ncdump:libnetcdf
ncgen:libnetcdf
ncgen3:libnetcdf
ncurses6-config:ncurses
ncursesw6-config:ncurses
ndisasm:nasm
ndmetis:metis
neato:graphviz
nef-11d.x:palp
nef-4d.x:palp
nef-5d.x:palp
nef-6d.x:palp
nef.x:palp
neqn:groff
nettle-hash:nettle
nettle-lfib-stream:nettle
nettle-pbkdf2:nettle
newedgeg:nauty
ngettext:gettext
nghttp:libnghttp2
nghttpd:libnghttp2
nghttpx:libnghttp2
nice:coreutils
ninja:ninja
nl:coreutils
nm:binutils
nm:binutils-meta
node:nodejs
nohup:coreutils
nop:graphviz
normaliz:normaliz
nosetests:nose
npm:nodejs
nproc:coreutils
npx:nodejs
nroff:groff
nsenter:util-linux
nspr-config:nspr
nss-config:nss
numba:numba
numfmt:coreutils
obj2yaml:llvm-tools
obj2yaml:llvmdev
objconv:objconv
objcopy:binutils
objcopy:binutils-meta
objdump:binutils
objdump:binutils-meta
oclgrind:oclgrind
oclgrind-kernel:oclgrind
ocsptool:gnutls
od:coreutils
odbc_config:unixodbc
odbcinst:unixodbc
odvicopy:texlive-core
odvitype:texlive-core
ofm2opl:texlive-core
oid2name:postgresql
omfonts:texlive-core
ompi-clean:openmpi
ompi-server:openmpi
ompi_info:openmpi
onig-config:oniguruma
opal_wrapper:openmpi
openpmd-ls:openpmd-api
openssl:openssl
opj_compress:openjpeg
opj_decompress:openjpeg
opj_dump:openjpeg
opl2ofm:texlive-core
opt:llvm-tools
opt:llvmdev
optimal:rubiks
orc-contents:orc
orc-metadata:orc
orc-statistics:orc
orte-clean:openmpi
orte-info:openmpi
orte-server:openmpi
ortecc:openmpi
orted:openmpi
orterun:openmpi
osage:graphviz
ot2kpx:texlive-core
otangle:texlive-core
otp2ocp:texlive-core
outocp:texlive-core
ovf2ovp:texlive-core
ovp2ovf:texlive-core
pack200:openjdk
pal2rgb:libtiff
pango-list:pango
pango-view:pango
parkill:mpich
parmetis:parmetis
paste:coreutils
pasteurize:future
patch:patch
patchelf:patchelf
patchwork:graphviz
patgen:texlive-core
pathchk:coreutils
pbibtex:texlive-core
pcap-config:libpcap
pcre-config:pcre
pcre2-config:pcre2
pcre2_jit_test:pcre2
pcre2grep:pcre2
pcre2test:pcre2
pcregrep:pcre
pcretest:pcre
pdf180:texlive-core
pdf270:texlive-core
pdf90:texlive-core
pdfannotextractor:texlive-core
pdfatfi:texlive-core
pdfattach:poppler
pdfbook:texlive-core
pdfbook2:texlive-core
pdfcrop:texlive-core
pdfdetach:poppler
pdfflip:texlive-core
pdffonts:poppler
pdfimages:poppler
pdfinfo:poppler
pdfjam:texlive-core
pdfjam-pocketmod:texlive-core
pdfjam-slides3up:texlive-core
pdfjam-slides6up:texlive-core
pdfjoin:texlive-core
pdflatex:texlive-core
pdflatexpicscale:texlive-core
pdfmom:groff
pdfnup:texlive-core
pdfpun:texlive-core
pdfroff:groff
pdfseparate:poppler
pdftex:texlive-core
pdftexi2dvi:texinfo
pdftocairo:poppler
pdftohtml:poppler
pdftoppm:poppler
pdftops:poppler
pdftosrc:texlive-core
pdftotext:poppler
pdfunite:poppler
pdfxup:texlive-core
pdvitype:texlive-core
pedigree:texlive-core
perl:perl
perl5.26.2:perl
perl5.30.3:perl
perlbug:perl
perldoc:perl
perlivp:perl
perltex:texlive-core
perlthanks:perl
perror:mysql-connector-c
perror:mysql-server
pfarrei:texlive-core
pfbtops:groff
pg_archivecleanup:postgresql
pg_basebackup:postgresql
pg_checksums:postgresql
pg_config:libpq
pg_controldata:postgresql
pg_ctl:postgresql
pg_dump:postgresql
pg_dumpall:postgresql
pg_isready:postgresql
pg_receivewal:postgresql
pg_recvlogical:postgresql
pg_resetwal:postgresql
pg_restore:postgresql
pg_rewind:postgresql
pg_standby:postgresql
pg_test_fsync:postgresql
pg_test_timing:postgresql
pg_upgrade:postgresql
pg_verify_checksums:postgresql
pg_waldump:postgresql
pgbench:postgresql
pgiac:giac
ph5diff:hdf5
pic:groff
pic2graph:groff
pickg:nauty
piconv:perl
pinky:coreutils
pip:pip
pk12util:nss
pkcs1-conv:nettle
pkfix:texlive-core
pkfix-helper:texlive-core
pkg-config:pkg-config
pkg-config.bin:pkg-config
pkgdata:icu
pktogf:texlive-core
pktype:texlive-core
pl2pm:perl
planarg:nauty
planarity:planarity
plasma-store-server:arrow-cpp
plasma_store:pyarrow
pltotf:texlive-core
pmxchords:texlive-core
pn2pdf:texlive-core
png-fix-itxt:libpng
pngfix:libpng
pngtogd:libgd
pngtogd2:libgd
poclcc:pocl
pod2html:perl
pod2man:perl
pod2texi:texinfo
pod2text:perl
pod2usage:perl
podchecker:perl
podselect:perl
poetry:poetry
poly-11d.x:palp
poly-4d.x:palp
poly-5d.x:palp
poly-6d.x:palp
poly.x:palp
polyvalue:dftbplus
pometis:parmetis
pooltype:texlive-core
post-grohtml:groff
postgres:postgresql
postmaster:postgresql
postprocessing_benchmark:libraw
powerpc64le-conda-linux-gnu-addr2line:binutils_impl_linux-ppc64le
powerpc64le-conda-linux-gnu-ar:binutils_impl_linux-ppc64le
powerpc64le-conda-linux-gnu-as:binutils_impl_linux-ppc64le
powerpc64le-conda-linux-gnu-c++filt:binutils_impl_linux-ppc64le
powerpc64le-conda-linux-gnu-dwp:binutils_impl_linux-ppc64le
powerpc64le-conda-linux-gnu-elfedit:binutils_impl_linux-ppc64le
powerpc64le-conda-linux-gnu-embedspu:binutils_impl_linux-ppc64le
powerpc64le-conda-linux-gnu-gprof:binutils_impl_linux-ppc64le
powerpc64le-conda-linux-gnu-ld:ld_impl_linux-ppc64le
powerpc64le-conda-linux-gnu-ld.bfd:binutils_impl_linux-ppc64le
powerpc64le-conda-linux-gnu-ld.gold:binutils_impl_linux-ppc64le
powerpc64le-conda-linux-gnu-nm:binutils_impl_linux-ppc64le
powerpc64le-conda-linux-gnu-objcopy:binutils_impl_linux-ppc64le
powerpc64le-conda-linux-gnu-objdump:binutils_impl_linux-ppc64le
powerpc64le-conda-linux-gnu-ranlib:binutils_impl_linux-ppc64le
powerpc64le-conda-linux-gnu-readelf:binutils_impl_linux-ppc64le
powerpc64le-conda-linux-gnu-size:binutils_impl_linux-ppc64le
powerpc64le-conda-linux-gnu-strings:binutils_impl_linux-ppc64le
powerpc64le-conda-linux-gnu-strip:binutils_impl_linux-ppc64le
powerpc64le-conda_cos7-linux-gnu-addr2line:binutils_impl_linux-ppc64le
powerpc64le-conda_cos7-linux-gnu-ar:binutils_impl_linux-ppc64le
powerpc64le-conda_cos7-linux-gnu-as:binutils_impl_linux-ppc64le
powerpc64le-conda_cos7-linux-gnu-c++filt:binutils_impl_linux-ppc64le
powerpc64le-conda_cos7-linux-gnu-dwp:binutils_impl_linux-ppc64le
powerpc64le-conda_cos7-linux-gnu-elfedit:binutils_impl_linux-ppc64le
powerpc64le-conda_cos7-linux-gnu-gprof:binutils_impl_linux-ppc64le
powerpc64le-conda_cos7-linux-gnu-ld:ld_impl_linux-ppc64le
powerpc64le-conda_cos7-linux-gnu-ld.bfd:binutils_impl_linux-ppc64le
powerpc64le-conda_cos7-linux-gnu-ld.gold:binutils_impl_linux-ppc64le
powerpc64le-conda_cos7-linux-gnu-nm:binutils_impl_linux-ppc64le
powerpc64le-conda_cos7-linux-gnu-objcopy:binutils_impl_linux-ppc64le
powerpc64le-conda_cos7-linux-gnu-objdump:binutils_impl_linux-ppc64le
powerpc64le-conda_cos7-linux-gnu-ranlib:binutils_impl_linux-ppc64le
powerpc64le-conda_cos7-linux-gnu-readelf:binutils_impl_linux-ppc64le
powerpc64le-conda_cos7-linux-gnu-size:binutils_impl_linux-ppc64le
powerpc64le-conda_cos7-linux-gnu-strings:binutils_impl_linux-ppc64le
powerpc64le-conda_cos7-linux-gnu-strip:binutils_impl_linux-ppc64le
pp-trace:clang-tools
ppl-config:ppl
ppl_lcdd:ppl
ppl_lpsol:ppl
ppl_pips:ppl
ppltotf:texlive-core
ppm2tiff:libtiff
pr:coreutils
pre-grohtml:groff
preconv:groff
prerr.properties:nspr
printenv:coreutils
printf:coreutils
prlimit:util-linux
profile2mat.pl:openmpi
projection:cddlib
projection_gmp:cddlib
protoc:libprotobuf
protoc-gen-go:protoc-gen-go
prove:perl
prune:graphviz
ps2frag:texlive-core
ps4pdf:texlive-core
psicc:lcms2
psktool:gnutls
pslatex:texlive-core
psql:postgresql
pst2pdf:texlive-core
pt2to3:pytables
ptar:perl
ptardiff:perl
ptargrep:perl
ptdump:pytables
ptest:parmetis
ptex:texlive-core
ptex2pdf:texlive-core
ptftopl:texlive-core
ptrepack:pytables
pttree:pytables
ptx:coreutils
purifyeps:texlive-core
pwd:coreutils
py.test:pytest
py.test-benchmark:pytest-benchmark
pycc:numba
pydoc:python
pydoc3:python
pydoc3.6:python
pydoc3.7:python
pydoc3.8:python
pygmentex:texlive-core
pyhtmlizer:twisted
pyi-archive_viewer:pyinstaller
pyi-bindepend:pyinstaller
pyi-grab_version:pyinstaller
pyi-makespec:pyinstaller
pyi-set_version:pyinstaller
pyinstaller:pyinstaller
pylint:pylint
pyls:python-language-server
pypy:python
pypy3:pypy3.6
pyreverse:pylint
pytest:pytest
pytest-benchmark:pytest-benchmark
pythia8-config:pythia8
python:python
python-config:python
python2:python
python2-config:python
python2.7:python
python2.7-config:python
python3:python
python3-config:python
python3.6:python
python3.6-config:python
python3.6m:python
python3.6m-config:python
python3.7:python
python3.7-config:python
python3.7m:python
python3.7m-config:python
python3.8:python
python3.8-config:python
pythontex:texlive-core
pyvenv:python
pyvenv-3.6:python
pyvenv-3.7:python
pyvisa-info:pyvisa
pyvisa-shell:pyvisa
qd-config:qd
rake:ruby
ranlabg:nauty
ranlib:binutils
ranlib:binutils-meta
raw-identify:libraw
raw2tiff:libtiff
rawtextdump:libraw
rdjpgcom:jpeg
rdjpgcom:libjpeg-turbo
rdoc:ruby
readelf:binutils
readelf:binutils-meta
readlink:coreutils
realpath:coreutils
recode-sr-latin:gettext
redcheck:cddlib
redcheck_gmp:cddlib
refer:groff
reindexdb:postgresql
rename:util-linux
renice:util-linux
repo2solv:libsolv
repo2solv:libsolv-static
repstopdf:texlive-core
reset:ncurses
rev:util-linux
rg:ripgrep
rhash:rhash
ri:ruby
rls:rust
rm:coreutils
rmaxima:maxima
rmdir:coreutils
rmic:openjdk
rmid:openjdk
rmiregistry:openjdk
rnano:nano
roff2dvi:groff
roff2html:groff
roff2pdf:groff
roff2ps:groff
roff2text:groff
roff2x:groff
rpdfcrop:texlive-core
rst2html.py:docutils
rst2html4.py:docutils
rst2html5.py:docutils
rst2latex.py:docutils
rst2man.py:docutils
rst2odt.py:docutils
rst2odt_prepstyles.py:docutils
rst2pseudoxml.py:docutils
rst2s5.py:docutils
rst2xetex.py:docutils
rst2xml.py:docutils
rstpep2html.py:docutils
rsvg-convert:librsvg
rsync:rsync
rubibtex:texlive-core
rubikrotation:texlive-core
ruby:ruby
rumakeindex:texlive-core
run-swmm:swmm
run_conda_forge_build_setup:conda-forge-ci-setup
runcon:coreutils
runghc:ghc
runghc-8.2.2:ghc
rungs:texlive-core
runhaskell:ghc
rust-analyzer:rust
rust-gdb:rust
rust-gdbgui:rust
rust-lldb:rust
rustc:rust
rustdoc:rust
rustfmt:rust
rw:rw
samp_hub:astropy
sancov:llvm-tools
sancov:llvmdev
sanstats:llvm-tools
sanstats:llvmdev
scan-build:clang-tools
scan-build:clangdev
scan-view:clang-tools
scan-view:clangdev
sccache:sccache
sccmap:graphviz
scdd:cddlib
scdd_gmp:cddlib
schubmult:lrcalc
sclient:krb5
scotch_esmumps:scotch
script:util-linux
scriptlive:util-linux
scriptreplay:util-linux
sed:sed
seq:coreutils
serialver:openjdk
setarch:util-linux
setfattr:attr
setsid:util-linux
setterm:util-linux
setup_conda_rc:conda-forge-ci-setup
sexp-conv:nettle
sfdp:graphviz
sfv-hash:rhash
sha1sum:coreutils
sha224sum:coreutils
sha256sum:coreutils
sha384sum:coreutils
sha512sum:coreutils
shasum:perl
shortg:nauty
showg:nauty
showtable:astropy
shred:coreutils
shuf:coreutils
sim_client:krb5
simpdftex:texlive-core
simple_dcraw:libraw
sip:sip
size:binutils
size:binutils-meta
size222:rubiks
skderivs:dftbplus
skel:adios
skel_cat.py:adios
skel_extract.py:adios
skel_set_method.sh:adios
skeldump:adios
skivi:scikit-image
sleep:coreutils
slencheck:unixodbc
smem:cfitsio
smtpd.py:python
sndfile-cmp:libsndfile
sndfile-concat:libsndfile
sndfile-convert:libsndfile
sndfile-deinterleave:libsndfile
sndfile-info:libsndfile
sndfile-interleave:libsndfile
sndfile-metadata-get:libsndfile
sndfile-metadata-set:libsndfile
sndfile-play:libsndfile
sndfile-salvage:libsndfile
soapcpp2:gsoap
soelim:groff
sort:coreutils
sourmash:sourmash-minimal
splain:perl
split:coreutils
splitindex:texlive-core
splvalue:dftbplus
sqlite3:sqlite
sqlite3_analyzer:tk
srcredact:texlive-core
srptool:gnutls
sst_conn_tool:adios2
stat:coreutils
stdbuf:coreutils
strings:binutils
strings:binutils-meta
strip:binutils
strip:binutils-meta
stty:coreutils
sty2dtx:texlive-core
su-exec:su-exec
subdivideg:nauty
sum:coreutils
svn-multi:texlive-core
swig:swig
sxpm:xorg-libxpm
symilar:pylint
sympow:sympow
sync:coreutils
synctex:texlive-core
tabs:ncurses
tac:coreutils
tachyon:tachyon
tail:coreutils
tangle:texlive-core
tar:tar
taskset:util-linux
tbl:groff
tclsh:tk
tclsh8.6:tk
tcsh:tcsh
teckit_compile:texlive-core
tee:coreutils
teensy_loader_cli:teensy_loader_cli
test:coreutils
testcdd1:cddlib
testcdd1_gmp:cddlib
testcdd2:cddlib
testcdd2_gmp:cddlib
testlp1:cddlib
testlp1_gmp:cddlib
testlp2:cddlib
testlp2_gmp:cddlib
testlp3:cddlib
testlp3_gmp:cddlib
testshoot:cddlib
testshoot_gmp:cddlib
testsolv:libsolv
testsolv:libsolv-static
tex:texlive-core
tex2mail:pari
tex4ebook:texlive-core
texconfig:texlive-core
texconfig-dialog:texlive-core
texconfig-sys:texlive-core
texcount:texlive-core
texdef:texlive-core
texdiff:texlive-core
texdirflatten:texlive-core
texdoc:texlive-core
texexec:texlive-core
texfot:texlive-core
texhash:texlive-core
texi2any:texinfo
texi2dvi:texinfo
texi2pdf:texinfo
texindex:texinfo
texlinks:texlive-core
texliveonfly:texlive-core
texloganalyser:texlive-core
texlua53:texlive-core
texmfstart:texlive-core
texosquery:texlive-core
texosquery-jre5:texlive-core
texosquery-jre8:texlive-core
tfmtodit:groff
tftopl:texlive-core
thrift:thrift-cpp
thumbpdf:texlive-core
tic:ncurses
tidy:tidy-html5
tie:texlive-core
tiff2bw:libtiff
tiff2pdf:libtiff
tiff2ps:libtiff
tiff2rgba:libtiff
tiffcmp:libtiff
tiffcp:libtiff
tiffcrop:libtiff
tiffdither:libtiff
tiffdump:libtiff
tiffinfo:libtiff
tiffmedian:libtiff
tiffset:libtiff
tiffsplit:libtiff
tificc:lcms2
tiger-hash:rhash
timeout:coreutils
tini:tini
tjbench:libjpeg-turbo
tkconch:twisted
tlcockpit:texlive-core
tlmgr:texlive-core
tlshell:texlive-core
tmate:tmate
tmrdemo:jasper
toe:ncurses
tokei:tokei
touch:coreutils
tox:tox
tox-quickstart:tox
tput:ncurses
tqdm:tqdm
tr:coreutils
transicc:lcms2
tred:graphviz
trial:twisted
troff:groff
true:coreutils
truncate:coreutils
tset:ncurses
tsort:coreutils
ttf2afm:texlive-core
ttf2kotexfont:texlive-core
tth-hash:rhash
tty:coreutils
twist:twisted
twistd:twisted
twohamg:nauty
twopi:graphviz
typeoutfileinfo:texlive-core
tzselect:tzcode
uabrowse:opcua
uacall:opcua
uaclient:opcua
uadiscover:opcua
uahistoryread:opcua
uals:opcua
uaread:opcua
uaserver:opcua
uasubscribe:opcua
uawrite:opcua
ul:util-linux
ulqda:texlive-core
umount:util-linux
uname:coreutils
uname26:util-linux
undill:dill
unexpand:coreutils
unflatten:graphviz
uniq:coreutils
unix2dos:dos2unix
unix2mac:dos2unix
unlink:coreutils
unlz4:lz4-c
unlzma:xz
unpack200:openjdk
unprocessed_raw:libraw
unshare:util-linux
unxz:xz
unzip:unzip
unzipsfx:unzip
unzstd:zstd
updmap:texlive-core
updmap-sys:texlive-core
updmap-user:texlive-core
upload_or_check_non_existence:conda-forge-ci-setup
upload_package:conda-forge-ci-setup
uptime:coreutils
urlbst:texlive-core
users:coreutils
utmpdump:util-linux
uuclient:krb5
uuidgen:util-linux
uuidparse:util-linux
vacuumdb:postgresql
vacuumlo:postgresql
validate_recipe_outputs:conda-forge-ci-setup
vcolg:nauty
vdir:coreutils
verify-uselistorder:llvm-tools
verify-uselistorder:llvmdev
vftovp:texlive-core
virtualenv:virtualenv
volint:astropy
voms-proxy-destroy:voms
voms-proxy-fake:voms
voms-proxy-info:voms
voms-proxy-init:voms
voms-proxy-list:voms
voms-verify:voms
vpe:texlive-core
vpl2ovp:texlive-core
vpl2vpl:texlive-core
vptovf:texlive-core
vsyasm:yasm
waf:waf
wait41:xrootd
wall:util-linux
wasm-ld:lld
watchmedo:watchdog
watercluster2:nauty
waveplot:dftbplus
wc:coreutils
wcslint:astropy
wdctl:util-linux
weave:texlive-core
webpinfo:libwebp
webpinfo:libwebp-base
webpmux:libwebp
webpmux:libwebp-base
webpng:libgd
wget:wget
wheel:wheel
whereis:util-linux
whirlpool-hash:rhash
who:coreutils
whoami:coreutils
wish:tk
wish8.6:tk
wofm2opl:texlive-core
wopl2ofm:texlive-core
wordcount:texlive-core
wovf2ovp:texlive-core
wovp2ovf:texlive-core
wrjpgcom:jpeg
wrjpgcom:libjpeg-turbo
wsdl2h:gsoap
wsdump.py:websocket-client
x264:x264
x86_64-apple-darwin13.4.0-gfortran:gfortran_impl_osx-64
x86_64-conda-linux-gnu-addr2line:binutils_impl_linux-64
x86_64-conda-linux-gnu-ar:binutils_impl_linux-64
x86_64-conda-linux-gnu-as:binutils_impl_linux-64
x86_64-conda-linux-gnu-c++filt:binutils_impl_linux-64
x86_64-conda-linux-gnu-dwp:binutils_impl_linux-64
x86_64-conda-linux-gnu-elfedit:binutils_impl_linux-64
x86_64-conda-linux-gnu-gprof:binutils_impl_linux-64
x86_64-conda-linux-gnu-ld:ld_impl_linux-64
x86_64-conda-linux-gnu-ld.bfd:binutils_impl_linux-64
x86_64-conda-linux-gnu-ld.gold:binutils_impl_linux-64
x86_64-conda-linux-gnu-nm:binutils_impl_linux-64
x86_64-conda-linux-gnu-objcopy:binutils_impl_linux-64
x86_64-conda-linux-gnu-objdump:binutils_impl_linux-64
x86_64-conda-linux-gnu-ranlib:binutils_impl_linux-64
x86_64-conda-linux-gnu-readelf:binutils_impl_linux-64
x86_64-conda-linux-gnu-size:binutils_impl_linux-64
x86_64-conda-linux-gnu-strings:binutils_impl_linux-64
x86_64-conda-linux-gnu-strip:binutils_impl_linux-64
x86_64-conda_cos6-linux-gnu-addr2line:binutils_impl_linux-64
x86_64-conda_cos6-linux-gnu-ar:binutils_impl_linux-64
x86_64-conda_cos6-linux-gnu-as:binutils_impl_linux-64
x86_64-conda_cos6-linux-gnu-c++filt:binutils_impl_linux-64
x86_64-conda_cos6-linux-gnu-dwp:binutils_impl_linux-64
x86_64-conda_cos6-linux-gnu-elfedit:binutils_impl_linux-64
x86_64-conda_cos6-linux-gnu-gprof:binutils_impl_linux-64
x86_64-conda_cos6-linux-gnu-ld:ld_impl_linux-64
x86_64-conda_cos6-linux-gnu-ld.bfd:binutils_impl_linux-64
x86_64-conda_cos6-linux-gnu-ld.gold:binutils_impl_linux-64
x86_64-conda_cos6-linux-gnu-nm:binutils_impl_linux-64
x86_64-conda_cos6-linux-gnu-objcopy:binutils_impl_linux-64
x86_64-conda_cos6-linux-gnu-objdump:binutils_impl_linux-64
x86_64-conda_cos6-linux-gnu-ranlib:binutils_impl_linux-64
x86_64-conda_cos6-linux-gnu-readelf:binutils_impl_linux-64
x86_64-conda_cos6-linux-gnu-size:binutils_impl_linux-64
x86_64-conda_cos6-linux-gnu-strings:binutils_impl_linux-64
x86_64-conda_cos6-linux-gnu-strip:binutils_impl_linux-64
xcas:giac
xcasnew:giac
xdvipdfmx:texlive-core
xenv:xenv
xetex:texlive-core
xgettext:gettext
xmaxima:maxima
xml2-config:libxml2
xmlcatalog:libxml2
xmllint:libxml2
xmlwf:expat
xprep:xrootd
xpython:xeus-python
xrd:xrootd
xrdacctest:xrootd
xrdadler32:xrootd
xrdcopy:xrootd
xrdcp:xrootd
xrdcp-old:xrootd
xrdfs:xrootd
xrdgsiproxy:xrootd
xrdgsitest:xrootd
xrdmapc:xrootd
xrdpfc_print:xrootd
xrdpinls:xrootd
xrdpwdadmin:xrootd
xrdsssadmin:xrootd
xrdstagetool:xrootd
xrootd:xrootd
xrootd-config:xrootd
xslt-config:libxslt
xsltproc:libxslt
xsubpp:perl
xtb:xtb
xxh128sum:xxhash
xxh32sum:xxhash
xxh64sum:xxhash
xxhsum:xxhash
xz:xz
xzcat:xz
xzcmp:xz
xzdec:xz
xzdiff:xz
xzegrep:xz
xzfgrep:xz
xzgrep:xz
xzless:xz
xzmore:xz
yacc:bison
yaml2obj:llvm-tools
yaml2obj:llvmdev
yasm:yasm
yes:coreutils
yplan:texlive-core
yt:yt
ytasm:yasm
ytop:ytop
zdump:tzcode
zfp:zfp
zic:tzcode
zip:zip
zipdetails:perl
zipgrep:unzip
zipinfo:unzip
zlib_decompress:mysql-server
zopfli:libzopfli
zopflipng:libzopfli
zstd:zstd
zstdcat:zstd
zstdgrep:zstd
zstdless:zstd
zstdmt:zstd
